Component: Arm Compiler for Embedded 6.21 Tool: armlink [5ec1fa00]

==============================================================================

Section Cross References

    startup_stm32f103xb.o(STACK) refers (Special) to heapauxi.o(.text) for __use_two_region_memory
    startup_stm32f103xb.o(HEAP) refers (Special) to heapauxi.o(.text) for __use_two_region_memory
    startup_stm32f103xb.o(RESET) refers (Special) to heapauxi.o(.text) for __use_two_region_memory
    startup_stm32f103xb.o(RESET) refers to startup_stm32f103xb.o(STACK) for __initial_sp
    startup_stm32f103xb.o(RESET) refers to startup_stm32f103xb.o(.text) for Reset_Handler
    startup_stm32f103xb.o(RESET) refers to stm32f1xx_it.o(.text.NMI_Handler) for NMI_Handler
    startup_stm32f103xb.o(RESET) refers to stm32f1xx_it.o(.text.HardFault_Handler) for HardFault_Handler
    startup_stm32f103xb.o(RESET) refers to stm32f1xx_it.o(.text.MemManage_Handler) for MemManage_Handler
    startup_stm32f103xb.o(RESET) refers to stm32f1xx_it.o(.text.BusFault_Handler) for BusFault_Handler
    startup_stm32f103xb.o(RESET) refers to stm32f1xx_it.o(.text.UsageFault_Handler) for UsageFault_Handler
    startup_stm32f103xb.o(RESET) refers to stm32f1xx_it.o(.text.SVC_Handler) for SVC_Handler
    startup_stm32f103xb.o(RESET) refers to stm32f1xx_it.o(.text.DebugMon_Handler) for DebugMon_Handler
    startup_stm32f103xb.o(RESET) refers to stm32f1xx_it.o(.text.PendSV_Handler) for PendSV_Handler
    startup_stm32f103xb.o(RESET) refers to stm32f1xx_it.o(.text.SysTick_Handler) for SysTick_Handler
    startup_stm32f103xb.o(RESET) refers to stm32f1xx_it.o(.text.EXTI0_IRQHandler) for EXTI0_IRQHandler
    startup_stm32f103xb.o(RESET) refers to stm32f1xx_it.o(.text.EXTI1_IRQHandler) for EXTI1_IRQHandler
    startup_stm32f103xb.o(RESET) refers to stm32f1xx_it.o(.text.TIM1_UP_IRQHandler) for TIM1_UP_IRQHandler
    startup_stm32f103xb.o(RESET) refers to stm32f1xx_it.o(.text.TIM1_CC_IRQHandler) for TIM1_CC_IRQHandler
    startup_stm32f103xb.o(RESET) refers to stm32f1xx_it.o(.text.TIM2_IRQHandler) for TIM2_IRQHandler
    startup_stm32f103xb.o(RESET) refers to stm32f1xx_it.o(.text.SPI1_IRQHandler) for SPI1_IRQHandler
    startup_stm32f103xb.o(RESET) refers to stm32f1xx_it.o(.text.EXTI15_10_IRQHandler) for EXTI15_10_IRQHandler
    startup_stm32f103xb.o(.text) refers (Special) to heapauxi.o(.text) for __use_two_region_memory
    startup_stm32f103xb.o(.text) refers to system_stm32f1xx.o(.text.SystemInit) for SystemInit
    startup_stm32f103xb.o(.text) refers to __main.o(!!!main) for __main
    startup_stm32f103xb.o(.text) refers to startup_stm32f103xb.o(HEAP) for Heap_Mem
    startup_stm32f103xb.o(.text) refers to startup_stm32f103xb.o(STACK) for Stack_Mem
    main.o(.text.main) refers to stm32f1xx_hal.o(.text.HAL_Init) for HAL_Init
    main.o(.text.main) refers to stm32f1xx_hal_rcc.o(.text.HAL_RCC_OscConfig) for HAL_RCC_OscConfig
    main.o(.text.main) refers to stm32f1xx_hal_rcc.o(.text.HAL_RCC_ClockConfig) for HAL_RCC_ClockConfig
    main.o(.text.main) refers to stm32f1xx_hal_rcc_ex.o(.text.HAL_RCCEx_PeriphCLKConfig) for HAL_RCCEx_PeriphCLKConfig
    main.o(.text.main) refers to gpio.o(.text.MX_GPIO_Init) for MX_GPIO_Init
    main.o(.text.main) refers to spi.o(.text.MX_SPI1_Init) for MX_SPI1_Init
    main.o(.text.main) refers to tim.o(.text.MX_TIM1_Init) for MX_TIM1_Init
    main.o(.text.main) refers to tim.o(.text.MX_TIM3_Init) for MX_TIM3_Init
    main.o(.text.main) refers to i2c.o(.text.MX_I2C1_Init) for MX_I2C1_Init
    main.o(.text.main) refers to rtc.o(.text.MX_RTC_Init) for MX_RTC_Init
    main.o(.text.main) refers to tim.o(.text.MX_TIM2_Init) for MX_TIM2_Init
    main.o(.text.main) refers to main.o(.bss..L_MergedGlobals) for .L_MergedGlobals
    main.o(.text.main) refers to i2c.o(.bss.hi2c1) for hi2c1
    main.o(.text.main) refers to ina219.o(.text.INA219_Init) for INA219_Init
    main.o(.text.main) refers to tim.o(.bss.htim1) for htim1
    main.o(.text.main) refers to stm32f1xx_hal_tim.o(.text.HAL_TIM_IC_Start_IT) for HAL_TIM_IC_Start_IT
    main.o(.text.main) refers to function.o(.text.ui_init) for ui_init
    main.o(.text.main) refers to function.o(.text.load_word) for load_word
    main.o(.text.main) refers to main.o(.data.info) for info
    main.o(.text.main) refers to function.o(.data.mode_flag) for mode_flag
    main.o(.text.main) refers to function.o(.text.pwm_out) for pwm_out
    main.o(.text.main) refers to function.o(.text.show_duty) for show_duty
    main.o(.text.main) refers to function.o(.text.get_rtc_seconds) for get_rtc_seconds
    main.o(.text.main) refers to function.o(.text.get_status) for get_status
    main.o(.text.main) refers to function.o(.text.refresh_info) for refresh_info
    main.o(.text.main) refers to stm32f1xx_hal_gpio.o(.text.HAL_GPIO_TogglePin) for HAL_GPIO_TogglePin
    main.o(.text.main) refers to stm32f1xx_hal.o(.text.HAL_Delay) for HAL_Delay
    main.o(.text.main) refers to function.o(.text.pid_ctrl) for pid_ctrl
[...]
    _fsub1                                   0x0800826f   Thumb Code     0  faddsub_clz.o(x$fpl$fsub)
    x$fpl$printf1                            0x0800834a   Section        4  printf1.o(x$fpl$printf1)
    maptable                                 0x0800834e   Data          17  __printf_flags_wp.o(.constdata)
    .constdata                               0x0800834e   Section       17  __printf_flags_wp.o(.constdata)
    x$fpl$usenofp                            0x0800834e   Section        0  usenofp.o(x$fpl$usenofp)
    tenpwrs_x                                0x08008360   Data          60  bigflt0.o(.constdata)
    .constdata                               0x08008360   Section      148  bigflt0.o(.constdata)
    tenpwrs_i                                0x0800839c   Data          64  bigflt0.o(.constdata)
    HAL_RCC_GetSysClockFreq.aPredivFactorTable 0x0800840c   Data           2  stm32f1xx_hal_rcc.o(.rodata.HAL_RCC_GetSysClockFreq.aPredivFactorTable)
    [Anonymous Symbol]                       0x0800840c   Section        0  stm32f1xx_hal_rcc.o(.rodata.HAL_RCC_GetSysClockFreq.aPredivFactorTable)
    HAL_RCC_GetSysClockFreq.aPLLMULFactorTable 0x0800b802   Data          16  stm32f1xx_hal_rcc.o(.rodata.cst16)
    [Anonymous Symbol]                       0x0800b802   Section        0  stm32f1xx_hal_rcc.o(.rodata.cst16)
    .Lswitch.table.HAL_TIM_IC_Start_IT       0x0800b814   Data          16  stm32f1xx_hal_tim.o(.rodata.cst16)
    .Lswitch.table.HAL_TIM_IC_Stop_IT        0x0800b824   Data          16  stm32f1xx_hal_tim.o(.rodata.cst16)
    .L.str.5                                 0x0800b834   Data           2  function.o(.rodata.str1.1)
    [Anonymous Symbol]                       0x0800b834   Section        0  function.o(.rodata.str1.1)
    .L.str.15                                0x0800b836   Data          10  function.o(.rodata.str1.1)
    .L.str.12                                0x0800b840   Data           5  function.o(.rodata.str1.1)
    .L.str.1                                 0x0800b845   Data           4  function.o(.rodata.str1.1)
    locale$$data                             0x0800b86c   Section       28  lc_numeric_c.o(locale$$data)
    __lcnum_c_name                           0x0800b870   Data           2  lc_numeric_c.o(locale$$data)
    __lcnum_c_start                          0x0800b878   Data           0  lc_numeric_c.o(locale$$data)
    __lcnum_c_point                          0x0800b884   Data           0  lc_numeric_c.o(locale$$data)
    __lcnum_c_thousands                      0x0800b886   Data           0  lc_numeric_c.o(locale$$data)
    __lcnum_c_grouping                       0x0800b887   Data           0  lc_numeric_c.o(locale$$data)
    __lcnum_c_end                            0x0800b888   Data           0  lc_numeric_c.o(locale$$data)
    .L_MergedGlobals                         0x20000000   Data           8  stm32f1xx_hal.o(.data..L_MergedGlobals)
    [Anonymous Symbol]                       0x20000000   Section        0  stm32f1xx_hal.o(.data..L_MergedGlobals)
    .L_MergedGlobals                         0x20000008   Data           2  function.o(.data..L_MergedGlobals)
    [Anonymous Symbol]                       0x20000008   Section        0  function.o(.data..L_MergedGlobals)
    .bss                                     0x20000030   Section       96  libspace.o(.bss)
    .L_MergedGlobals                         0x20000090   Data          12  main.o(.bss..L_MergedGlobals)
    [Anonymous Symbol]                       0x20000090   Section        0  main.o(.bss..L_MergedGlobals)
    .L_MergedGlobals                         0x2000009c   Data           8  ina219.o(.bss..L_MergedGlobals)
    [Anonymous Symbol]                       0x2000009c   Section        0  ina219.o(.bss..L_MergedGlobals)
    .L_MergedGlobals.17                      0x200000a4   Data          36  function.o(.bss..L_MergedGlobals.17)
    [Anonymous Symbol]                       0x200000a4   Section        0  function.o(.bss..L_MergedGlobals.17)
    pid_ctrl.last_error                      0x200000bc   Data           4  function.o(.bss..L_MergedGlobals.17)
    pid_ctrl.sum_error                       0x200000c0   Data           4  function.o(.bss..L_MergedGlobals.17)
    LCD_DrawRoundRectangle_DMA.buffer        0x200000c8   Data         640  lcd.o(.bss.LCD_DrawRoundRectangle_DMA.buffer)
    [Anonymous Symbol]                       0x200000c8   Section        0  lcd.o(.bss.LCD_DrawRoundRectangle_DMA.buffer)
    Heap_Mem                                 0x200004e8   Data         512  startup_stm32f103xb.o(HEAP)
    HEAP                                     0x200004e8   Section      512  startup_stm32f103xb.o(HEAP)
    Stack_Mem                                0x200006e8   Data        1024  startup_stm32f103xb.o(STACK)
    STACK                                    0x200006e8   Section     1024  startup_stm32f103xb.o(STACK)
    __initial_sp                             0x20000ae8   Data           0  startup_stm32f103xb.o(STACK)

    Global Symbols

    Symbol Name                              Value     Ov Type        Size  Object(Section)

    BuildAttributes$$THM_ISAv4$P$D$K$B$S$PE$A:L22UL41UL21$X:L11$S22US41US21$IEEE1$IW$~IW$USESV6$~STKCKD$USESV7$~SHL$OTIME$ROPI$IEEEJ$EBA8$UX$STANDARDLIB$REQ8$PRES8$EABIv2 0x00000000   Number         0  anon$$obj.o ABSOLUTE
    __fp_init_empty                          0x00000000   Number         0  fpinit_empty.o ABSOLUTE
    _printf_flags                            0x00000000   Number         0  printf_stubs.o ABSOLUTE
    _printf_return_value                     0x00000000   Number         0  printf_stubs.o ABSOLUTE
    _printf_sizespec                         0x00000000   Number         0  printf_stubs.o ABSOLUTE
    _printf_widthprec                        0x00000000   Number         0  printf_stubs.o ABSOLUTE
    __ARM_exceptions_init                     - Undefined Weak Reference
    __alloca_initialize                       - Undefined Weak Reference
    __arm_preinit_                            - Undefined Weak Reference
    __arm_relocate_pie_                       - Undefined Weak Reference
    __cpp_initialize__aeabi_                  - Undefined Weak Reference
    __cxa_finalize                            - Undefined Weak Reference
    __sigvec_lookup                           - Undefined Weak Reference
    __user_heap_extent                        - Undefined Weak Reference
    _atexit_init                              - Undefined Weak Reference
    _call_atexit_fns                          - Undefined Weak Reference
    _clock_init                               - Undefined Weak Reference
    _fp_trap_init                             - Undefined Weak Reference
    _fp_trap_shutdown                         - Undefined Weak Reference
    _get_lc_collate                           - Undefined Weak Reference
    _get_lc_ctype                             - Undefined Weak Reference
    _get_lc_monetary                          - Undefined Weak Reference
    _get_lc_time                              - Undefined Weak Reference
    _getenv_init                              - Undefined Weak Reference
    _handle_redirection                       - Undefined Weak Reference
    _initio                                   - Undefined Weak Reference
    _mutex_acquire                            - Undefined Weak Reference
    _mutex_free                               - Undefined Weak Reference
    _mutex_release                            - Undefined Weak Reference
    _printf_truncate_signed                   - Undefined Weak Reference
    _printf_truncate_unsigned                 - Undefined Weak Reference
    _rand_init                                - Undefined Weak Reference
    _signal_finish                            - Undefined Weak Reference
    _signal_init                              - Undefined Weak Reference
    _terminateio                              - Undefined Weak Reference
    __Vectors_Size                           0x000000ec   Number         0  startup_stm32f103xb.o ABSOLUTE
    __Vectors                                0x08000000   Data           4  startup_stm32f103xb.o(RESET)
    __Vectors_End                            0x080000ec   Data           0  startup_stm32f103xb.o(RESET)
    __main                                   0x080000ed   Thumb Code     8  __main.o(!!!main)
    __scatterload                            0x080000f5   Thumb Code     0  __scatter.o(!!!scatter)
    __scatterload_rt2                        0x080000f5   Thumb Code    84  __scatter.o(!!!scatter)
    __scatterload_rt2_thumb_only             0x080000f5   Thumb Code     0  __scatter.o(!!!scatter)
    __scatterload_loop                       0x080000ff   Thumb Code     0  __scatter.o(!!!scatter)
    __scatterload_copy                       0x08000151   Thumb Code    26  __scatter_copy.o(!!handler_copy)
    __scatterload_null                       0x0800016d   Thumb Code     2  __scatter.o(!!handler_null)
    __scatterload_zeroinit                   0x08000171   Thumb Code    28  __scatter_zi.o(!!handler_zi)
    _printf_f                                0x0800018d   Thumb Code     0  _printf_f.o(.ARM.Collect$$_printf_percent$$00000003)
    _printf_percent                          0x0800018d   Thumb Code     0  _printf_percent.o(.ARM.Collect$$_printf_percent$$00000000)
    _printf_d                                0x08000193   Thumb Code     0  _printf_d.o(.ARM.Collect$$_printf_percent$$00000009)
    _printf_percent_end                      0x08000199   Thumb Code     0  _printf_percent_end.o(.ARM.Collect$$_printf_percent$$00000017)
    __rt_lib_init                            0x0800019d   Thumb Code     0  libinit.o(.ARM.Collect$$libinit$$00000000)
    __rt_lib_init_fp_1                       0x0800019f   Thumb Code     0  libinit2.o(.ARM.Collect$$libinit$$00000002)
    __rt_lib_init_heap_2                     0x0800019f   Thumb Code     0  libinit2.o(.ARM.Collect$$libinit$$00000007)
    __rt_lib_init_preinit_1                  0x0800019f   Thumb Code     0  libinit2.o(.ARM.Collect$$libinit$$00000006)
    __rt_lib_init_relocate_pie_1             0x0800019f   Thumb Code     0  libinit2.o(.ARM.Collect$$libinit$$00000004)
    __rt_lib_init_heap_1                     0x080001a7   Thumb Code     0  libinit2.o(.ARM.Collect$$libinit$$0000000C)
    __rt_lib_init_lc_common                  0x080001a7   Thumb Code     0  libinit2.o(.ARM.Collect$$libinit$$00000011)
    __rt_lib_init_rand_1                     0x080001a7   Thumb Code     0  libinit2.o(.ARM.Collect$$libinit$$00000010)
    __rt_lib_init_user_alloc_1               0x080001a7   Thumb Code     0  libinit2.o(.ARM.Collect$$libinit$$0000000E)
    __rt_lib_init_lc_collate_1               0x080001ad   Thumb Code     0  libinit2.o(.ARM.Collect$$libinit$$00000013)
    __rt_lib_init_lc_ctype_1                 0x080001ad   Thumb Code     0  libinit2.o(.ARM.Collect$$libinit$$00000015)
    __rt_lib_init_lc_monetary_1              0x080001ad   Thumb Code     0  libinit2.o(.ARM.Collect$$libinit$$00000017)
    __rt_lib_init_lc_numeric_2               0x080001ad   Thumb Code     0  libinit2.o(.ARM.Collect$$libinit$$00000018)
    __rt_lib_init_alloca_1                   0x080001b7   Thumb Code     0  libinit2.o(.ARM.Collect$$libinit$$00000030)
    __rt_lib_init_argv_1                     0x080001b7   Thumb Code     0  libinit2.o(.ARM.Collect$$libinit$$0000002E)
    __rt_lib_init_atexit_1                   0x080001b7   Thumb Code     0  libinit2.o(.ARM.Collect$$libinit$$0000001D)
    __rt_lib_init_clock_1                    0x080001b7   Thumb Code     0  libinit2.o(.ARM.Collect$$libinit$$00000023)
    __rt_lib_init_cpp_1                      0x080001b7   Thumb Code     0  libinit2.o(.ARM.Collect$$libinit$$00000034)
    __rt_lib_init_exceptions_1               0x080001b7   Thumb Code     0  libinit2.o(.ARM.Collect$$libinit$$00000032)
    __rt_lib_init_fp_trap_1                  0x080001b7   Thumb Code     0  libinit2.o(.ARM.Collect$$libinit$$00000021)
    __rt_lib_init_getenv_1                   0x080001b7   Thumb Code     0  libinit2.o(.ARM.Collect$$libinit$$00000025)
    __rt_lib_init_lc_numeric_1               0x080001b7   Thumb Code     0  libinit2.o(.ARM.Collect$$libinit$$00000019)
    __rt_lib_init_lc_time_1                  0x080001b7   Thumb Code     0  libinit2.o(.ARM.Collect$$libinit$$0000001B)
    __rt_lib_init_return                     0x080001b7   Thumb Code     0  libinit2.o(.ARM.Collect$$libinit$$00000035)
    __rt_lib_init_signal_1                   0x080001b7   Thumb Code     0  libinit2.o(.ARM.Collect$$libinit$$0000001F)
    __rt_lib_init_stdio_1                    0x080001b7   Thumb Code     0  libinit2.o(.ARM.Collect$$libinit$$00000027)
    __rt_lib_shutdown                        0x080001b9   Thumb Code     0  libshutdown.o(.ARM.Collect$$libshutdown$$00000000)
    __rt_lib_shutdown_cpp_1                  0x080001bb   Thumb Code     0  libshutdown2.o(.ARM.Collect$$libshutdown$$00000002)
    __rt_lib_shutdown_fp_trap_1              0x080001bb   Thumb Code     0  libshutdown2.o(.ARM.Collect$$libshutdown$$00000007)
    __rt_lib_shutdown_heap_1                 0x080001bb   Thumb Code     0  libshutdown2.o(.ARM.Collect$$libshutdown$$0000000F)
    __rt_lib_shutdown_return                 0x080001bb   Thumb Code     0  libshutdown2.o(.ARM.Collect$$libshutdown$$00000010)
    __rt_lib_shutdown_signal_1               0x080001bb   Thumb Code     0  libshutdown2.o(.ARM.Collect$$libshutdown$$0000000A)
    __rt_lib_shutdown_stdio_1                0x080001bb   Thumb Code     0  libshutdown2.o(.ARM.Collect$$libshutdown$$00000004)
    __rt_lib_shutdown_user_alloc_1           0x080001bb   Thumb Code     0  libshutdown2.o(.ARM.Collect$$libshutdown$$0000000C)
    __rt_entry                               0x080001bd   Thumb Code     0  __rtentry.o(.ARM.Collect$$rtentry$$00000000)
    __rt_entry_presh_1                       0x080001bd   Thumb Code     0  __rtentry2.o(.ARM.Collect$$rtentry$$00000002)
    __rt_entry_sh                            0x080001bd   Thumb Code     0  __rtentry4.o(.ARM.Collect$$rtentry$$00000004)
    __rt_entry_li                            0x080001c3   Thumb Code     0  __rtentry2.o(.ARM.Collect$$rtentry$$0000000A)
    __rt_entry_postsh_1                      0x080001c3   Thumb Code     0  __rtentry2.o(.ARM.Collect$$rtentry$$00000009)
    __rt_entry_main                          0x080001c7   Thumb Code     0  __rtentry2.o(.ARM.Collect$$rtentry$$0000000D)
    __rt_entry_postli_1                      0x080001c7   Thumb Code     0  __rtentry2.o(.ARM.Collect$$rtentry$$0000000C)
    __rt_exit                                0x080001cf   Thumb Code     0  rtexit.o(.ARM.Collect$$rtexit$$00000000)
    __rt_exit_ls                             0x080001d1   Thumb Code     0  rtexit2.o(.ARM.Collect$$rtexit$$00000003)
    __rt_exit_prels_1                        0x080001d1   Thumb Code     0  rtexit2.o(.ARM.Collect$$rtexit$$00000002)
    __rt_exit_exit                           0x080001d5   Thumb Code     0  rtexit2.o(.ARM.Collect$$rtexit$$00000004)
    Reset_Handler                            0x080001dd   Thumb Code     8  startup_stm32f103xb.o(.text)
    ADC1_2_IRQHandler                        0x080001f7   Thumb Code     0  startup_stm32f103xb.o(.text)
    CAN1_RX1_IRQHandler                      0x080001f7   Thumb Code     0  startup_stm32f103xb.o(.text)
    CAN1_SCE_IRQHandler                      0x080001f7   Thumb Code     0  startup_stm32f103xb.o(.text)
    DMA1_Channel1_IRQHandler                 0x080001f7   Thumb Code     0  startup_stm32f103xb.o(.text)
    DMA1_Channel2_IRQHandler                 0x080001f7   Thumb Code     0  startup_stm32f103xb.o(.text)
    DMA1_Channel3_IRQHandler                 0x080001f7   Thumb Code     0  startup_stm32f103xb.o(.text)
    DMA1_Channel4_IRQHandler                 0x080001f7   Thumb Code     0  startup_stm32f103xb.o(.text)
    DMA1_Channel5_IRQHandler                 0x080001f7   Thumb Code     0  startup_stm32f103xb.o(.text)
    DMA1_Channel6_IRQHandler                 0x080001f7   Thumb Code     0  startup_stm32f103xb.o(.text)
    DMA1_Channel7_IRQHandler                 0x080001f7   Thumb Code     0  startup_stm32f103xb.o(.text)
    EXTI2_IRQHandler                         0x080001f7   Thumb Code     0  startup_stm32f103xb.o(.text)
    EXTI3_IRQHandler                         0x080001f7   Thumb Code     0  startup_stm32f103xb.o(.text)
    EXTI4_IRQHandler                         0x080001f7   Thumb Code     0  startup_stm32f103xb.o(.text)
    EXTI9_5_IRQHandler                       0x080001f7   Thumb Code     0  startup_stm32f103xb.o(.text)
    FLASH_IRQHandler                         0x080001f7   Thumb Code     0  startup_stm32f103xb.o(.text)
    I2C1_ER_IRQHandler                       0x080001f7   Thumb Code     0  startup_stm32f103xb.o(.text)
    I2C1_EV_IRQHandler                       0x080001f7   Thumb Code     0  startup_stm32f103xb.o(.text)
    I2C2_ER_IRQHandler                       0x080001f7   Thumb Code     0  startup_stm32f103xb.o(.text)
    I2C2_EV_IRQHandler                       0x080001f7   Thumb Code     0  startup_stm32f103xb.o(.text)
    PVD_IRQHandler                           0x080001f7   Thumb Code     0  startup_stm32f103xb.o(.text)
    RCC_IRQHandler                           0x080001f7   Thumb Code     0  startup_stm32f103xb.o(.text)
    RTC_Alarm_IRQHandler                     0x080001f7   Thumb Code     0  startup_stm32f103xb.o(.text)
    RTC_IRQHandler                           0x080001f7   Thumb Code     0  startup_stm32f103xb.o(.text)
    SPI2_IRQHandler                          0x080001f7   Thumb Code     0  startup_stm32f103xb.o(.text)
    TAMPER_IRQHandler                        0x080001f7   Thumb Code     0  startup_stm32f103xb.o(.text)
    TIM1_BRK_IRQHandler                      0x080001f7   Thumb Code     0  startup_stm32f103xb.o(.text)
    TIM1_TRG_COM_IRQHandler                  0x080001f7   Thumb Code     0  startup_stm32f103xb.o(.text)
    TIM3_IRQHandler                          0x080001f7   Thumb Code     0  startup_stm32f103xb.o(.text)
    TIM4_IRQHandler                          0x080001f7   Thumb Code     0  startup_stm32f103xb.o(.text)
    USART1_IRQHandler                        0x080001f7   Thumb Code     0  startup_stm32f103xb.o(.text)
    USART2_IRQHandler                        0x080001f7   Thumb Code     0  startup_stm32f103xb.o(.text)
    USART3_IRQHandler                        0x080001f7   Thumb Code     0  startup_stm32f103xb.o(.text)
    USBWakeUp_IRQHandler                     0x080001f7   Thumb Code     0  startup_stm32f103xb.o(.text)
    USB_HP_CAN1_TX_IRQHandler                0x080001f7   Thumb Code     0  startup_stm32f103xb.o(.text)
    USB_LP_CAN1_RX0_IRQHandler               0x080001f7   Thumb Code     0  startup_stm32f103xb.o(.text)
    WWDG_IRQHandler                          0x080001f7   Thumb Code     0  startup_stm32f103xb.o(.text)
    __user_initial_stackheap                 0x080001f9   Thumb Code     0  startup_stm32f103xb.o(.text)
    malloc                                   0x0800021d   Thumb Code    94  h1_alloc.o(.text)
    free                                     0x0800027b   Thumb Code    78  h1_free.o(.text)
    __2sprintf                               0x080002c9   Thumb Code    34  noretval__2sprintf.o(.text)
    _printf_pre_padding                      0x080002f1   Thumb Code    44  _printf_pad.o(.text)
    _printf_post_padding                     0x0800031d   Thumb Code    34  _printf_pad.o(.text)
    _printf_int_dec                          0x08000341   Thumb Code   104  _printf_dec.o(.text)
    __printf                                 0x080003b9   Thumb Code   308  __printf_flags_wp.o(.text)
    __aeabi_memclr                           0x080004f1   Thumb Code     0  rt_memclr.o(.text)
    __rt_memclr                              0x080004f1   Thumb Code     0  rt_memclr.o(.text)
    _memset                                  0x080004f5   Thumb Code    64  rt_memclr.o(.text)
    __aeabi_memclr4                          0x08000535   Thumb Code     0  rt_memclr_w.o(.text)
    __aeabi_memclr8                          0x08000535   Thumb Code     0  rt_memclr_w.o(.text)
    __rt_memclr_w                            0x08000535   Thumb Code     0  rt_memclr_w.o(.text)
    _memset_w                                0x08000539   Thumb Code    74  rt_memclr_w.o(.text)
    __use_two_region_memory                  0x08000583   Thumb Code     2  heapauxi.o(.text)
    __rt_heap_escrow                         0x08000585   Thumb Code     2  heapauxi.o(.text)
    __rt_heap_expand                         0x08000587   Thumb Code     2  heapauxi.o(.text)
    __rt_heap_descriptor                     0x08000589   Thumb Code     8  rt_heap_descriptor_intlibspace.o(.text)
    __use_no_heap                            0x08000591   Thumb Code     2  hguard.o(.text)
    __heap$guard                             0x08000593   Thumb Code     2  hguard.o(.text)
    _terminate_user_alloc                    0x08000595   Thumb Code     2  init_alloc.o(.text)
    _init_user_alloc                         0x08000597   Thumb Code     2  init_alloc.o(.text)
    __Heap_Full                              0x08000599   Thumb Code    34  init_alloc.o(.text)
    __Heap_Broken                            0x080005bb   Thumb Code     6  init_alloc.o(.text)
    _init_alloc                              0x080005c1   Thumb Code    94  init_alloc.o(.text)
    __Heap_Initialize                        0x0800061f   Thumb Code     8  h1_init.o(.text)
    __Heap_DescSize                          0x08000627   Thumb Code     4  h1_init.o(.text)
    __read_errno                             0x0800062b   Thumb Code    10  _rserrno.o(.text)
    __set_errno                              0x08000635   Thumb Code    12  _rserrno.o(.text)
    _printf_int_common                       0x08000641   Thumb Code   178  _printf_intcommon.o(.text)
    _printf_fp_dec_real                      0x080008a3   Thumb Code   620  _printf_fp_dec.o(.text)
    _printf_char_common                      0x08000b1b   Thumb Code    32  _printf_char_common.o(.text)
    _sputc                                   0x08000b41   Thumb Code    10  _sputc.o(.text)
    __user_libspace                          0x08000b4d   Thumb Code     8  libspace.o(.text)
    __user_perproc_libspace                  0x08000b4d   Thumb Code     0  libspace.o(.text)
    __user_perthread_libspace                0x08000b4d   Thumb Code     0  libspace.o(.text)
    __rt_locale                              0x08000b55   Thumb Code     8  rt_locale_intlibspace.o(.text)
    __aeabi_errno_addr                       0x08000b5d   Thumb Code     8  rt_errno_addr_intlibspace.o(.text)
    __errno$intlibspace                      0x08000b5d   Thumb Code     0  rt_errno_addr_intlibspace.o(.text)
    __rt_errno_addr$intlibspace              0x08000b5d   Thumb Code     0  rt_errno_addr_intlibspace.o(.text)
    __Heap_ProvideMemory                     0x08000b65   Thumb Code    52  h1_extend.o(.text)
    _maybe_terminate_alloc                   0x08000b65   Thumb Code     0  maybetermalloc1.o(.text)
    _ll_udiv10                               0x08000b99   Thumb Code   138  lludiv10.o(.text)
    _printf_fp_infnan                        0x08000c25   Thumb Code   112  _printf_fp_infnan.o(.text)
    _btod_etento                             0x08000ca5   Thumb Code   224  bigflt0.o(.text)
    __rt_SIGRTMEM                            0x08000d89   Thumb Code    14  defsig_rtmem_outer.o(.text)
    __I$use$semihosting                      0x08000d97   Thumb Code     0  use_no_semi.o(.text)
    __use_no_semihosting_swi                 0x08000d97   Thumb Code     2  use_no_semi.o(.text)
    __semihosting_library_function           0x08000d99   Thumb Code     0  indicate_semi.o(.text)
    __user_setup_stackheap                   0x08000d99   Thumb Code    74  sys_stackheap_outer.o(.text)
    exit                                     0x08000de3   Thumb Code    18  exit.o(.text)
    __sig_exit                               0x08000df5   Thumb Code    10  defsig_exit.o(.text)
    __rt_SIGRTMEM_inner                      0x08000e01   Thumb Code    22  defsig_rtmem_inner.o(.text)
    strcmp                                   0x08000e51   Thumb Code   128  strcmpv7m.o(.text)
    _sys_exit                                0x08000ed1   Thumb Code     8  sys_exit.o(.text)
    __default_signal_display                 0x08000edd   Thumb Code    50  defsig_general.o(.text)
    _ttywrch                                 0x08000f0f   Thumb Code    14  sys_wrch.o(.text)
    BusFault_Handler                         0x08000f1d   Thumb Code     2  stm32f1xx_it.o(.text.BusFault_Handler)
    DebugMon_Handler                         0x08000f21   Thumb Code     2  stm32f1xx_it.o(.text.DebugMon_Handler)
    EXTI0_IRQHandler                         0x08000f25   Thumb Code     6  stm32f1xx_it.o(.text.EXTI0_IRQHandler)
    EXTI15_10_IRQHandler                     0x08000f2d   Thumb Code     8  stm32f1xx_it.o(.text.EXTI15_10_IRQHandler)
    EXTI1_IRQHandler                         0x08000f35   Thumb Code     6  stm32f1xx_it.o(.text.EXTI1_IRQHandler)
    Error_Handler                            0x08000f3d   Thumb Code    10  main.o(.text.Error_Handler)
    HAL_DMA_Abort_IT                         0x08000f49   Thumb Code   180  stm32f1xx_hal_dma.o(.text.HAL_DMA_Abort_IT)
    HAL_Delay                                0x08000ffd   Thumb Code    40  stm32f1xx_hal.o(.text.HAL_Delay)
    HAL_GPIO_EXTI_Callback                   0x08001025   Thumb Code   136  main.o(.text.HAL_GPIO_EXTI_Callback)
    HAL_GPIO_EXTI_IRQHandler                 0x080010ad   Thumb Code    22  stm32f1xx_hal_gpio.o(.text.HAL_GPIO_EXTI_IRQHandler)
    HAL_GPIO_Init                            0x080010c5   Thumb Code   526  stm32f1xx_hal_gpio.o(.text.HAL_GPIO_Init)
    HAL_GPIO_ReadPin                         0x080012d5   Thumb Code    10  stm32f1xx_hal_gpio.o(.text.HAL_GPIO_ReadPin)
    HAL_GPIO_TogglePin                       0x080012e1   Thumb Code    16  stm32f1xx_hal_gpio.o(.text.HAL_GPIO_TogglePin)
    HAL_GPIO_WritePin                        0x080012f1   Thumb Code    10  stm32f1xx_hal_gpio.o(.text.HAL_GPIO_WritePin)
    HAL_GetTick                              0x080012fd   Thumb Code    12  stm32f1xx_hal.o(.text.HAL_GetTick)
    HAL_I2C_Init                             0x08001309   Thumb Code   356  stm32f1xx_hal_i2c.o(.text.HAL_I2C_Init)
    HAL_I2C_IsDeviceReady                    0x0800146d   Thumb Code   530  stm32f1xx_hal_i2c.o(.text.HAL_I2C_IsDeviceReady)
    HAL_I2C_Mem_Read                         0x08001681   Thumb Code   838  stm32f1xx_hal_i2c.o(.text.HAL_I2C_Mem_Read)
    HAL_I2C_Mem_Write                        0x080019c9   Thumb Code   348  stm32f1xx_hal_i2c.o(.text.HAL_I2C_Mem_Write)
    HAL_I2C_MspInit                          0x08001b25   Thumb Code    98  i2c.o(.text.HAL_I2C_MspInit)
    HAL_IncTick                              0x08001b89   Thumb Code    26  stm32f1xx_hal.o(.text.HAL_IncTick)
    HAL_Init                                 0x08001ba5   Thumb Code    38  stm32f1xx_hal.o(.text.HAL_Init)
    HAL_InitTick                             0x08001bcd   Thumb Code    72  stm32f1xx_hal.o(.text.HAL_InitTick)
    HAL_MspInit                              0x08001c15   Thumb Code    66  stm32f1xx_hal_msp.o(.text.HAL_MspInit)
    HAL_NVIC_EnableIRQ                       0x08001c59   Thumb Code    34  stm32f1xx_hal_cortex.o(.text.HAL_NVIC_EnableIRQ)
    HAL_NVIC_SetPriority                     0x08001c7d   Thumb Code    86  stm32f1xx_hal_cortex.o(.text.HAL_NVIC_SetPriority)
    HAL_NVIC_SetPriorityGrouping             0x08001cd5   Thumb Code    32  stm32f1xx_hal_cortex.o(.text.HAL_NVIC_SetPriorityGrouping)
    HAL_PWR_EnableBkUpAccess                 0x08001cf5   Thumb Code    12  stm32f1xx_hal_pwr.o(.text.HAL_PWR_EnableBkUpAccess)
    HAL_RCCEx_GetPeriphCLKFreq               0x08001d01   Thumb Code   228  stm32f1xx_hal_rcc_ex.o(.text.HAL_RCCEx_GetPeriphCLKFreq)
    HAL_RCCEx_PeriphCLKConfig                0x08001df9   Thumb Code   258  stm32f1xx_hal_rcc_ex.o(.text.HAL_RCCEx_PeriphCLKConfig)
    HAL_RCC_ClockConfig                      0x08001efd   Thumb Code   450  stm32f1xx_hal_rcc.o(.text.HAL_RCC_ClockConfig)
    HAL_RCC_GetPCLK1Freq                     0x080020c1   Thumb Code    38  stm32f1xx_hal_rcc.o(.text.HAL_RCC_GetPCLK1Freq)
    HAL_RCC_GetPCLK2Freq                     0x080020e9   Thumb Code    38  stm32f1xx_hal_rcc.o(.text.HAL_RCC_GetPCLK2Freq)
    HAL_RCC_OscConfig                        0x08002111   Thumb Code  1024  stm32f1xx_hal_rcc.o(.text.HAL_RCC_OscConfig)
    HAL_RTC_GetTime                          0x08002511   Thumb Code   574  stm32f1xx_hal_rtc.o(.text.HAL_RTC_GetTime)
    HAL_RTC_Init                             0x08002751   Thumb Code   244  stm32f1xx_hal_rtc.o(.text.HAL_RTC_Init)
    HAL_RTC_MspInit                          0x08002845   Thumb Code    70  rtc.o(.text.HAL_RTC_MspInit)
    HAL_SPI_ErrorCallback                    0x0800288d   Thumb Code     2  stm32f1xx_hal_spi.o(.text.HAL_SPI_ErrorCallback)
    HAL_SPI_IRQHandler                       0x08002891   Thumb Code   268  stm32f1xx_hal_spi.o(.text.HAL_SPI_IRQHandler)
    HAL_SPI_Init                             0x0800299d   Thumb Code   172  stm32f1xx_hal_spi.o(.text.HAL_SPI_Init)
    HAL_SPI_MspInit                          0x08002a49   Thumb Code   114  spi.o(.text.HAL_SPI_MspInit)
    HAL_SPI_Transmit                         0x08002abd   Thumb Code   504  stm32f1xx_hal_spi.o(.text.HAL_SPI_Transmit)
    HAL_SYSTICK_Config                       0x08002cb5   Thumb Code    44  stm32f1xx_hal_cortex.o(.text.HAL_SYSTICK_Config)
    HAL_TIMEx_BreakCallback                  0x08002ce1   Thumb Code     2  stm32f1xx_hal_tim_ex.o(.text.HAL_TIMEx_BreakCallback)
    HAL_TIMEx_CommutCallback                 0x08002ce5   Thumb Code     2  stm32f1xx_hal_tim_ex.o(.text.HAL_TIMEx_CommutCallback)
    HAL_TIMEx_MasterConfigSynchronization    0x08002ce9   Thumb Code   126  stm32f1xx_hal_tim_ex.o(.text.HAL_TIMEx_MasterConfigSynchronization)
    HAL_TIM_Base_Init                        0x08002d69   Thumb Code   236  stm32f1xx_hal_tim.o(.text.HAL_TIM_Base_Init)
    HAL_TIM_Base_MspInit                     0x08002e55   Thumb Code   226  tim.o(.text.HAL_TIM_Base_MspInit)
    HAL_TIM_Base_Start_IT                    0x08002f39   Thumb Code   110  stm32f1xx_hal_tim.o(.text.HAL_TIM_Base_Start_IT)
    HAL_TIM_Base_Stop_IT                     0x08002fa9   Thumb Code    60  stm32f1xx_hal_tim.o(.text.HAL_TIM_Base_Stop_IT)
    HAL_TIM_ConfigClockSource                0x08002fe5   Thumb Code   416  stm32f1xx_hal_tim.o(.text.HAL_TIM_ConfigClockSource)
    HAL_TIM_IC_CaptureCallback               0x08003185   Thumb Code   206  function.o(.text.HAL_TIM_IC_CaptureCallback)
    HAL_TIM_IC_ConfigChannel                 0x08003255   Thumb Code   386  stm32f1xx_hal_tim.o(.text.HAL_TIM_IC_ConfigChannel)
    HAL_TIM_IC_Init                          0x080033d9   Thumb Code   236  stm32f1xx_hal_tim.o(.text.HAL_TIM_IC_Init)
    HAL_TIM_IC_MspInit                       0x080034c5   Thumb Code     2  stm32f1xx_hal_tim.o(.text.HAL_TIM_IC_MspInit)
    HAL_TIM_IC_Start_IT                      0x080034c9   Thumb Code   300  stm32f1xx_hal_tim.o(.text.HAL_TIM_IC_Start_IT)
    HAL_TIM_IRQHandler                       0x080035f5   Thumb Code   368  stm32f1xx_hal_tim.o(.text.HAL_TIM_IRQHandler)
    HAL_TIM_OC_DelayElapsedCallback          0x08003765   Thumb Code     2  stm32f1xx_hal_tim.o(.text.HAL_TIM_OC_DelayElapsedCallback)
    HAL_TIM_PWM_ConfigChannel                0x08003769   Thumb Code   510  stm32f1xx_hal_tim.o(.text.HAL_TIM_PWM_ConfigChannel)
    HAL_TIM_PWM_Init                         0x08003969   Thumb Code   236  stm32f1xx_hal_tim.o(.text.HAL_TIM_PWM_Init)
    HAL_TIM_PWM_MspInit                      0x08003a55   Thumb Code     2  stm32f1xx_hal_tim.o(.text.HAL_TIM_PWM_MspInit)
    HAL_TIM_PWM_PulseFinishedCallback        0x08003a59   Thumb Code     2  stm32f1xx_hal_tim.o(.text.HAL_TIM_PWM_PulseFinishedCallback)
    HAL_TIM_PWM_Start                        0x08003a5d   Thumb Code   218  stm32f1xx_hal_tim.o(.text.HAL_TIM_PWM_Start)
    HAL_TIM_PeriodElapsedCallback            0x08003b39   Thumb Code   108  function.o(.text.HAL_TIM_PeriodElapsedCallback)
    HAL_TIM_ReadCapturedValue                0x08003ba5   Thumb Code    52  stm32f1xx_hal_tim.o(.text.HAL_TIM_ReadCapturedValue)
    HAL_TIM_TriggerCallback                  0x08003bd9   Thumb Code     2  stm32f1xx_hal_tim.o(.text.HAL_TIM_TriggerCallback)
    HardFault_Handler                        0x08003bdd   Thumb Code     2  stm32f1xx_it.o(.text.HardFault_Handler)
    INA219_Init                              0x08004269   Thumb Code   172  ina219.o(.text.INA219_Init)
    INA219_ReadBusVoltage                    0x08004315   Thumb Code    52  ina219.o(.text.INA219_ReadBusVoltage)
    INA219_ReadCurrent_mA                    0x08004349   Thumb Code    60  ina219.o(.text.INA219_ReadCurrent_mA)
    LCD_Address_Set                          0x08004385   Thumb Code   532  lcd_init.o(.text.LCD_Address_Set)
    LCD_DrawLine                             0x08004599   Thumb Code   158  lcd.o(.text.LCD_DrawLine)
    LCD_DrawPoint                            0x08004639   Thumb Code    22  lcd.o(.text.LCD_DrawPoint)
    LCD_DrawRoundRectangle_DMA               0x08004651   Thumb Code  1082  lcd.o(.text.LCD_DrawRoundRectangle_DMA)
    LCD_Fill                                 0x08004a8d   Thumb Code   214  lcd.o(.text.LCD_Fill)
    LCD_Init                                 0x08004b65   Thumb Code  2928  lcd_init.o(.text.LCD_Init)
    LCD_ShowChar                             0x080056d5   Thumb Code   884  lcd.o(.text.LCD_ShowChar)
    LCD_ShowString                           0x08005a49   Thumb Code    70  lcd.o(.text.LCD_ShowString)
    LCD_WR_DATA                              0x08005a91   Thumb Code   104  lcd_init.o(.text.LCD_WR_DATA)
    MX_GPIO_Init                             0x08005af9   Thumb Code   250  gpio.o(.text.MX_GPIO_Init)
    MX_I2C1_Init                             0x08005bf5   Thumb Code    66  i2c.o(.text.MX_I2C1_Init)
    MX_RTC_Init                              0x08005c39   Thumb Code    48  rtc.o(.text.MX_RTC_Init)
    MX_SPI1_Init                             0x08005c69   Thumb Code    78  spi.o(.text.MX_SPI1_Init)
    MX_TIM1_Init                             0x08005cb9   Thumb Code   194  tim.o(.text.MX_TIM1_Init)
    MX_TIM2_Init                             0x08005d7d   Thumb Code   114  tim.o(.text.MX_TIM2_Init)
    MX_TIM3_Init                             0x08005df1   Thumb Code   286  tim.o(.text.MX_TIM3_Init)
    MemManage_Handler                        0x08005f11   Thumb Code     2  stm32f1xx_it.o(.text.MemManage_Handler)
    NMI_Handler                              0x08005f15   Thumb Code     2  stm32f1xx_it.o(.text.NMI_Handler)
    PendSV_Handler                           0x08005f19   Thumb Code     2  stm32f1xx_it.o(.text.PendSV_Handler)
    SPI1_IRQHandler                          0x08006255   Thumb Code    12  stm32f1xx_it.o(.text.SPI1_IRQHandler)
    SVC_Handler                              0x08006351   Thumb Code     2  stm32f1xx_it.o(.text.SVC_Handler)
    SysTick_Handler                          0x08006355   Thumb Code     4  stm32f1xx_it.o(.text.SysTick_Handler)
    SystemInit                               0x08006359   Thumb Code     2  system_stm32f1xx.o(.text.SystemInit)
    TIM1_CC_IRQHandler                       0x0800635d   Thumb Code    12  stm32f1xx_it.o(.text.TIM1_CC_IRQHandler)
    TIM1_UP_IRQHandler                       0x08006369   Thumb Code    12  stm32f1xx_it.o(.text.TIM1_UP_IRQHandler)
    TIM2_IRQHandler                          0x08006375   Thumb Code    12  stm32f1xx_it.o(.text.TIM2_IRQHandler)
    Timer_Event                              0x08006381   Thumb Code    52  function.o(.text.Timer_Event)
    Timer_Event_Stop                         0x080063b5   Thumb Code    12  function.o(.text.Timer_Event_Stop)
    Toggle_Output                            0x080063c1   Thumb Code    94  main.o(.text.Toggle_Output)
    UsageFault_Handler                       0x08006421   Thumb Code     2  stm32f1xx_it.o(.text.UsageFault_Handler)
    Value_plus                               0x08006425   Thumb Code    96  main.o(.text.Value_plus)
    Value_sub                                0x08006485   Thumb Code    82  main.o(.text.Value_sub)
    get_rtc_seconds                          0x080064d9   Thumb Code    58  function.o(.text.get_rtc_seconds)
    get_status                               0x08006515   Thumb Code    96  function.o(.text.get_status)
    load_word                                0x08006575   Thumb Code   308  function.o(.text.load_word)
    main                                     0x080066ed   Thumb Code   376  main.o(.text.main)
    pid_ctrl                                 0x08006865   Thumb Code   158  function.o(.text.pid_ctrl)
    pwm_out                                  0x08006905   Thumb Code    74  function.o(.text.pwm_out)
    refresh_info                             0x08006951   Thumb Code   472  function.o(.text.refresh_info)
    show_duty                                0x08006b45   Thumb Code   250  function.o(.text.show_duty)
    ui_init                                  0x08006c41   Thumb Code   286  function.o(.text.ui_init)
    _btod_d2e                                0x08006d5f   Thumb Code    62  btod.o(CL$$btod_d2e)
    _d2e_denorm_low                          0x08006d9d   Thumb Code    70  btod.o(CL$$btod_d2e_denorm_low)
    _d2e_norm_op1                            0x08006de3   Thumb Code    96  btod.o(CL$$btod_d2e_norm_op1)
    __btod_div_common                        0x08006e45   Thumb Code   696  btod.o(CL$$btod_div_common)
    _e2e                                     0x0800717d   Thumb Code   220  btod.o(CL$$btod_e2e)
    _btod_ediv                               0x08007259   Thumb Code    42  btod.o(CL$$btod_ediv)
    _btod_emul                               0x08007283   Thumb Code    42  btod.o(CL$$btod_emul)
    __btod_mult_common                       0x080072ad   Thumb Code   580  btod.o(CL$$btod_mult_common)
    __ARM_fpclassify                         0x080074f1   Thumb Code    40  fpclassify.o(i.__ARM_fpclassify)
    _is_digit                                0x08007519   Thumb Code    14  __printf_wp.o(i._is_digit)
    sqrt                                     0x08007527   Thumb Code    76  sqrt.o(i.sqrt)
    _get_lc_numeric                          0x08007575   Thumb Code    44  lc_numeric_c.o(locale$$code)
    __aeabi_dadd                             0x080075a1   Thumb Code     0  daddsub_clz.o(x$fpl$dadd)
    _dadd                                    0x080075a1   Thumb Code   332  daddsub_clz.o(x$fpl$dadd)
    __aeabi_d2iz                             0x080076f1   Thumb Code     0  dfix.o(x$fpl$dfix)
    _dfix                                    0x080076f1   Thumb Code    94  dfix.o(x$fpl$dfix)
    __aeabi_i2d                              0x0800774f   Thumb Code     0  dflt_clz.o(x$fpl$dflt)
    _dflt                                    0x0800774f   Thumb Code    46  dflt_clz.o(x$fpl$dflt)
    __aeabi_ui2d                             0x0800777d   Thumb Code     0  dflt_clz.o(x$fpl$dfltu)
    _dfltu                                   0x0800777d   Thumb Code    38  dflt_clz.o(x$fpl$dfltu)
    __fpl_dnaninf                            0x080077a3   Thumb Code   156  dnaninf.o(x$fpl$dnaninf)
    __fpl_dretinf                            0x0800783f   Thumb Code    12  dretinf.o(x$fpl$dretinf)
    _dsqrt                                   0x0800784d   Thumb Code   456  dsqrt_noumaal.o(x$fpl$dsqrt)
    __aeabi_dsub                             0x08007a19   Thumb Code     0  daddsub_clz.o(x$fpl$dsub)
    _dsub                                    0x08007a19   Thumb Code   472  daddsub_clz.o(x$fpl$dsub)
    __aeabi_f2d                              0x08007bf5   Thumb Code     0  f2d.o(x$fpl$f2d)
    _f2d                                     0x08007bf5   Thumb Code    86  f2d.o(x$fpl$f2d)
    __aeabi_fadd                             0x08007c4d   Thumb Code     0  faddsub_clz.o(x$fpl$fadd)
    _fadd                                    0x08007c4d   Thumb Code   196  faddsub_clz.o(x$fpl$fadd)
    __aeabi_fcmpeq                           0x08007d11   Thumb Code     0  fcmp.o(x$fpl$fcmp)
    _feq                                     0x08007d11   Thumb Code    14  fcmp.o(x$fpl$fcmp)
    _fneq                                    0x08007d1f   Thumb Code    14  fcmp.o(x$fpl$fcmp)
    __aeabi_fcmpgt                           0x08007d2d   Thumb Code     0  fcmp.o(x$fpl$fcmp)
    _fgr                                     0x08007d2d   Thumb Code    14  fcmp.o(x$fpl$fcmp)
    __aeabi_fcmpge                           0x08007d3b   Thumb Code     0  fcmp.o(x$fpl$fcmp)
    _fgeq                                    0x08007d3b   Thumb Code    14  fcmp.o(x$fpl$fcmp)
    __aeabi_fcmple                           0x08007d49   Thumb Code     0  fcmp.o(x$fpl$fcmp)
    _fleq                                    0x08007d49   Thumb Code    14  fcmp.o(x$fpl$fcmp)
    __aeabi_fcmplt                           0x08007d57   Thumb Code     0  fcmp.o(x$fpl$fcmp)
    _fls                                     0x08007d57   Thumb Code    14  fcmp.o(x$fpl$fcmp)
    __fpl_fcmp_Inf                           0x08007d65   Thumb Code    24  fcmpi.o(x$fpl$fcmpinf)
    __aeabi_fdiv                             0x08007d7d   Thumb Code     0  fdiv.o(x$fpl$fdiv)
    _fdiv                                    0x08007d7d   Thumb Code   384  fdiv.o(x$fpl$fdiv)
    __aeabi_cfcmpeq                          0x08007f01   Thumb Code     0  feqf.o(x$fpl$feqf)
    _fcmpeq                                  0x08007f01   Thumb Code   104  feqf.o(x$fpl$feqf)
    __aeabi_f2iz                             0x08007f69   Thumb Code     0  ffix.o(x$fpl$ffix)
    _ffix                                    0x08007f69   Thumb Code    54  ffix.o(x$fpl$ffix)
    __aeabi_i2f                              0x08007fa1   Thumb Code     0  fflt_clz.o(x$fpl$fflt)
    _fflt                                    0x08007fa1   Thumb Code    48  fflt_clz.o(x$fpl$fflt)
    __aeabi_ui2f                             0x08007fd1   Thumb Code     0  fflt_clz.o(x$fpl$ffltu)
    _ffltu                                   0x08007fd1   Thumb Code    38  fflt_clz.o(x$fpl$ffltu)
    _fcmpge                                  0x08007ff9   Thumb Code   104  fgeqf.o(x$fpl$fgeqf)
    __aeabi_cfcmple                          0x08008061   Thumb Code     0  fleqf.o(x$fpl$fleqf)
    _fcmple                                  0x08008061   Thumb Code   104  fleqf.o(x$fpl$fleqf)
    __fpl_fcmple_InfNaN                      0x080080b3   Thumb Code     0  fleqf.o(x$fpl$fleqf)
    __aeabi_fmul                             0x080080c9   Thumb Code     0  fmul.o(x$fpl$fmul)
    _fmul                                    0x080080c9   Thumb Code   258  fmul.o(x$fpl$fmul)
    __fpl_fnaninf                            0x080081cb   Thumb Code   140  fnaninf.o(x$fpl$fnaninf)
    __fpl_fretinf                            0x08008257   Thumb Code    10  fretinf.o(x$fpl$fretinf)
    __aeabi_fsub                             0x08008261   Thumb Code     0  faddsub_clz.o(x$fpl$fsub)
    _fsub                                    0x08008261   Thumb Code   234  faddsub_clz.o(x$fpl$fsub)
    _printf_fp_dec                           0x0800834b   Thumb Code     4  printf1.o(x$fpl$printf1)
    __I$use$fp                               0x0800834e   Number         0  usenofp.o(x$fpl$usenofp)
    AHBPrescTable                            0x080083f4   Data          16  system_stm32f1xx.o(.rodata.AHBPrescTable)
    APBPrescTable                            0x08008404   Data           8  system_stm32f1xx.o(.rodata.APBPrescTable)
    ascii_1206                               0x0800840e   Data        1140  lcd.o(.rodata.ascii_1206)
    ascii_1608                               0x08008882   Data        1520  lcd.o(.rodata.ascii_1608)
    ascii_2412                               0x08008e72   Data        4560  lcd.o(.rodata.ascii_2412)
    ascii_3216                               0x0800a042   Data        6080  lcd.o(.rodata.ascii_3216)
    Region$$Table$$Base                      0x0800b84c   Number         0  anon$$obj.o(Region$$Table)
    Region$$Table$$Limit                     0x0800b86c   Number         0  anon$$obj.o(Region$$Table)
    uwTickFreq                               0x20000000   Data           1  stm32f1xx_hal.o(.data..L_MergedGlobals)
    uwTickPrio                               0x20000004   Data           4  stm32f1xx_hal.o(.data..L_MergedGlobals)
    capture_cnt                              0x20000008   Data           1  function.o(.data..L_MergedGlobals)
    First_Event_flag                         0x20000009   Data           1  function.o(.data..L_MergedGlobals)
    SystemCoreClock                          0x2000000c   Data           4  system_stm32f1xx.o(.data.SystemCoreClock)
    info                                     0x20000010   Data          28  main.o(.data.info)
    mode_flag                                0x2000002c   Data           1  function.o(.data.mode_flag)
    __libspace_start                         0x20000030   Data          96  libspace.o(.bss)
    __temporary_stack_top$libspace           0x20000090   Data           0  libspace.o(.bss)
    output_flag                              0x20000090   Data           1  main.o(.bss..L_MergedGlobals)
    ina219                                   0x20000094   Data           8  main.o(.bss..L_MergedGlobals)
    ina219_currentDivider_mA                 0x2000009c   Data           2  ina219.o(.bss..L_MergedGlobals)
    ina219_calibrationValue                  0x2000009e   Data           2  ina219.o(.bss..L_MergedGlobals)
    ina219_powerMultiplier_mW                0x200000a0   Data           4  ina219.o(.bss..L_MergedGlobals)
    onePulse_flag                            0x200000a4   Data           1  function.o(.bss..L_MergedGlobals.17)
    Freq                                     0x200000a8   Data           4  function.o(.bss..L_MergedGlobals.17)
    Duty                                     0x200000ac   Data           4  function.o(.bss..L_MergedGlobals.17)
    capture_end_flag                         0x200000b0   Data           4  function.o(.bss..L_MergedGlobals.17)
    high_val                                 0x200000b4   Data           4  function.o(.bss..L_MergedGlobals.17)
    low_val                                  0x200000b8   Data           4  function.o(.bss..L_MergedGlobals.17)
    Timer_Event_CallBack                     0x200000c4   Data           4  function.o(.bss..L_MergedGlobals.17)
    hi2c1                                    0x20000348   Data          84  i2c.o(.bss.hi2c1)
    hrtc                                     0x2000039c   Data          20  rtc.o(.bss.hrtc)
    hspi1                                    0x200003b0   Data          88  spi.o(.bss.hspi1)
    htim1                                    0x20000408   Data          72  tim.o(.bss.htim1)
    htim2                                    0x20000450   Data          72  tim.o(.bss.htim2)
    htim3                                    0x20000498   Data          72  tim.o(.bss.htim3)
    uwTick                                   0x200004e0   Data           4  stm32f1xx_hal.o(.bss.uwTick)



==============================================================================

Memory Map of the image

  Image Entry point : 0x080000ed

  Load Region LR_IROM1 (Base: 0x08000000, Size: 0x0000b8b8, Max: 0x00010000, ABSOLUTE)

    Execution Region ER_IROM1 (Exec base: 0x08000000, Load base: 0x08000000, Size: 0x0000b888, Max: 0x00010000, ABSOLUTE)

    Exec Addr    Load Addr    Size         Type   Attr      Idx    E Section Name        Object

    0x08000000   0x08000000   0x000000ec   Data   RO            3    RESET               startup_stm32f103xb.o
    0x080000ec   0x080000ec   0x00000008   Code   RO         1411  * !!!main             c_w.l(__main.o)
    0x080000f4   0x080000f4   0x0000005c   Code   RO         1756    !!!scatter          c_w.l(__scatter.o)
    0x08000150   0x08000150   0x0000001a   Code   RO         1760    !!handler_copy      c_w.l(__scatter_copy.o)
    0x0800016a   0x0800016a   0x00000002   PAD
    0x0800016c   0x0800016c   0x00000002   Code   RO         1757    !!handler_null      c_w.l(__scatter.o)
    0x0800016e   0x0800016e   0x00000002   PAD
    0x08000170   0x08000170   0x0000001c   Code   RO         1762    !!handler_zi        c_w.l(__scatter_zi.o)
    0x0800018c   0x0800018c   0x00000000   Code   RO         1404    .ARM.Collect$$_printf_percent$$00000000  c_w.l(_printf_percent.o)
    0x0800018c   0x0800018c   0x00000006   Code   RO         1403    .ARM.Collect$$_printf_percent$$00000003  c_w.l(_printf_f.o)
    0x08000192   0x08000192   0x00000006   Code   RO         1402    .ARM.Collect$$_printf_percent$$00000009  c_w.l(_printf_d.o)
    0x08000198   0x08000198   0x00000004   Code   RO         1499    .ARM.Collect$$_printf_percent$$00000017  c_w.l(_printf_percent_end.o)
    0x0800019c   0x0800019c   0x00000002   Code   RO         1689    .ARM.Collect$$libinit$$00000000  c_w.l(libinit.o)
    0x0800019e   0x0800019e   0x00000000   Code   RO         1505    .ARM.Collect$$libinit$$00000002  c_w.l(libinit2.o)
    0x0800019e   0x0800019e   0x00000000   Code   RO         1507    .ARM.Collect$$libinit$$00000004  c_w.l(libinit2.o)
    0x0800019e   0x0800019e   0x00000000   Code   RO         1509    .ARM.Collect$$libinit$$00000006  c_w.l(libinit2.o)
    0x0800019e   0x0800019e   0x00000008   Code   RO         1510    .ARM.Collect$$libinit$$00000007  c_w.l(libinit2.o)
    0x080001a6   0x080001a6   0x00000000   Code   RO         1512    .ARM.Collect$$libinit$$0000000C  c_w.l(libinit2.o)
    0x080001a6   0x080001a6   0x00000000   Code   RO         1514    .ARM.Collect$$libinit$$0000000E  c_w.l(libinit2.o)
    0x080001a6   0x080001a6   0x00000000   Code   RO         1516    .ARM.Collect$$libinit$$00000010  c_w.l(libinit2.o)
    0x080001a6   0x080001a6   0x00000006   Code   RO         1517    .ARM.Collect$$libinit$$00000011  c_w.l(libinit2.o)
    0x080001ac   0x080001ac   0x00000000   Code   RO         1519    .ARM.Collect$$libinit$$00000013  c_w.l(libinit2.o)
    0x080001ac   0x080001ac   0x00000000   Code   RO         1521    .ARM.Collect$$libinit$$00000015  c_w.l(libinit2.o)
    0x080001ac   0x080001ac   0x00000000   Code   RO         1523    .ARM.Collect$$libinit$$00000017  c_w.l(libinit2.o)
    0x080001ac   0x080001ac   0x0000000a   Code   RO         1524    .ARM.Collect$$libinit$$00000018  c_w.l(libinit2.o)
    0x080001b6   0x080001b6   0x00000000   Code   RO         1525    .ARM.Collect$$libinit$$00000019  c_w.l(libinit2.o)
    0x080001b6   0x080001b6   0x00000000   Code   RO         1527    .ARM.Collect$$libinit$$0000001B  c_w.l(libinit2.o)
    0x080001b6   0x080001b6   0x00000000   Code   RO         1529    .ARM.Collect$$libinit$$0000001D  c_w.l(libinit2.o)
    0x080001b6   0x080001b6   0x00000000   Code   RO         1531    .ARM.Collect$$libinit$$0000001F  c_w.l(libinit2.o)
    0x080001b6   0x080001b6   0x00000000   Code   RO         1533    .ARM.Collect$$libinit$$00000021  c_w.l(libinit2.o)
    0x080001b6   0x080001b6   0x00000000   Code   RO         1535    .ARM.Collect$$libinit$$00000023  c_w.l(libinit2.o)
    0x080001b6   0x080001b6   0x00000000   Code   RO         1537    .ARM.Collect$$libinit$$00000025  c_w.l(libinit2.o)
    0x080001b6   0x080001b6   0x00000000   Code   RO         1539    .ARM.Collect$$libinit$$00000027  c_w.l(libinit2.o)
    0x080001b6   0x080001b6   0x00000000   Code   RO         1543    .ARM.Collect$$libinit$$0000002E  c_w.l(libinit2.o)
    0x080001b6   0x080001b6   0x00000000   Code   RO         1545    .ARM.Collect$$libinit$$00000030  c_w.l(libinit2.o)
    0x080001b6   0x080001b6   0x00000000   Code   RO         1547    .ARM.Collect$$libinit$$00000032  c_w.l(libinit2.o)
    0x080001b6   0x080001b6   0x00000000   Code   RO         1549    .ARM.Collect$$libinit$$00000034  c_w.l(libinit2.o)
    0x080001b6   0x080001b6   0x00000002   Code   RO         1550    .ARM.Collect$$libinit$$00000035  c_w.l(libinit2.o)
    0x080001b8   0x080001b8   0x00000002   Code   RO         1753    .ARM.Collect$$libshutdown$$00000000  c_w.l(libshutdown.o)
    0x080001ba   0x080001ba   0x00000000   Code   RO         1707    .ARM.Collect$$libshutdown$$00000002  c_w.l(libshutdown2.o)
    0x080001ba   0x080001ba   0x00000000   Code   RO         1709    .ARM.Collect$$libshutdown$$00000004  c_w.l(libshutdown2.o)
    0x080001ba   0x080001ba   0x00000000   Code   RO         1712    .ARM.Collect$$libshutdown$$00000007  c_w.l(libshutdown2.o)
    0x080001ba   0x080001ba   0x00000000   Code   RO         1715    .ARM.Collect$$libshutdown$$0000000A  c_w.l(libshutdown2.o)
    0x080001ba   0x080001ba   0x00000000   Code   RO         1717    .ARM.Collect$$libshutdown$$0000000C  c_w.l(libshutdown2.o)
    0x080001ba   0x080001ba   0x00000000   Code   RO         1720    .ARM.Collect$$libshutdown$$0000000F  c_w.l(libshutdown2.o)
    0x080001ba   0x080001ba   0x00000002   Code   RO         1721    .ARM.Collect$$libshutdown$$00000010  c_w.l(libshutdown2.o)
    0x080001bc   0x080001bc   0x00000000   Code   RO         1463    .ARM.Collect$$rtentry$$00000000  c_w.l(__rtentry.o)
    0x080001bc   0x080001bc   0x00000000   Code   RO         1576    .ARM.Collect$$rtentry$$00000002  c_w.l(__rtentry2.o)
    0x080001bc   0x080001bc   0x00000006   Code   RO         1588    .ARM.Collect$$rtentry$$00000004  c_w.l(__rtentry4.o)
    0x080001c2   0x080001c2   0x00000000   Code   RO         1578    .ARM.Collect$$rtentry$$00000009  c_w.l(__rtentry2.o)
    0x080001c2   0x080001c2   0x00000004   Code   RO         1579    .ARM.Collect$$rtentry$$0000000A  c_w.l(__rtentry2.o)
    0x080001c6   0x080001c6   0x00000000   Code   RO         1581    .ARM.Collect$$rtentry$$0000000C  c_w.l(__rtentry2.o)
    0x080001c6   0x080001c6   0x00000008   Code   RO         1582    .ARM.Collect$$rtentry$$0000000D  c_w.l(__rtentry2.o)
    0x080001ce   0x080001ce   0x00000002   Code   RO         1694    .ARM.Collect$$rtexit$$00000000  c_w.l(rtexit.o)
    0x080001d0   0x080001d0   0x00000000   Code   RO         1727    .ARM.Collect$$rtexit$$00000002  c_w.l(rtexit2.o)
    0x080001d0   0x080001d0   0x00000004   Code   RO         1728    .ARM.Collect$$rtexit$$00000003  c_w.l(rtexit2.o)
    0x080001d4   0x080001d4   0x00000006   Code   RO         1729    .ARM.Collect$$rtexit$$00000004  c_w.l(rtexit2.o)
    0x080001da   0x080001da   0x00000002   PAD
    0x080001dc   0x080001dc   0x00000040   Code   RO            4    .text               startup_stm32f103xb.o
    0x0800021c   0x0800021c   0x0000005e   Code   RO         1314    .text               c_w.l(h1_alloc.o)
    0x0800027a   0x0800027a   0x0000004e   Code   RO         1316    .text               c_w.l(h1_free.o)
    0x080002c8   0x080002c8   0x00000028   Code   RO         1374    .text               c_w.l(noretval__2sprintf.o)
    0x080002f0   0x080002f0   0x0000004e   Code   RO         1378    .text               c_w.l(_printf_pad.o)
    0x0800033e   0x0800033e   0x00000002   PAD
    0x08000340   0x08000340   0x00000078   Code   RO         1380    .text               c_w.l(_printf_dec.o)
    0x080003b8   0x080003b8   0x00000138   Code   RO         1394    .text               c_w.l(__printf_flags_wp.o)
    0x080004f0   0x080004f0   0x00000044   Code   RO         1405    .text               c_w.l(rt_memclr.o)
    0x08000534   0x08000534   0x0000004e   Code   RO         1407    .text               c_w.l(rt_memclr_w.o)
    0x08000582   0x08000582   0x00000006   Code   RO         1409    .text               c_w.l(heapauxi.o)
    0x08000588   0x08000588   0x00000008   Code   RO         1467    .text               c_w.l(rt_heap_descriptor_intlibspace.o)
    0x08000590   0x08000590   0x00000004   Code   RO         1469    .text               c_w.l(hguard.o)
    0x08000594   0x08000594   0x0000008a   Code   RO         1471    .text               c_w.l(init_alloc.o)
    0x0800061e   0x0800061e   0x0000000c   Code   RO         1475    .text               c_w.l(h1_init.o)
    0x0800062a   0x0800062a   0x00000016   Code   RO         1487    .text               c_w.l(_rserrno.o)
    0x08000640   0x08000640   0x000000b2   Code   RO         1489    .text               c_w.l(_printf_intcommon.o)
    0x080006f2   0x080006f2   0x0000041c   Code   RO         1491    .text               c_w.l(_printf_fp_dec.o)
    0x08000b0e   0x08000b0e   0x00000002   PAD
    0x08000b10   0x08000b10   0x00000030   Code   RO         1495    .text               c_w.l(_printf_char_common.o)
    0x08000b40   0x08000b40   0x0000000a   Code   RO         1497    .text               c_w.l(_sputc.o)
    0x08000b4a   0x08000b4a   0x00000002   PAD
    0x08000b4c   0x08000b4c   0x00000008   Code   RO         1572    .text               c_w.l(libspace.o)
    0x08000b54   0x08000b54   0x00000008   Code   RO         1593    .text               c_w.l(rt_locale_intlibspace.o)
    0x08000b5c   0x08000b5c   0x00000008   Code   RO         1598    .text               c_w.l(rt_errno_addr_intlibspace.o)
    0x08000b64   0x08000b64   0x00000000   Code   RO         1602    .text               c_w.l(maybetermalloc1.o)
    0x08000b64   0x08000b64   0x00000034   Code   RO         1604    .text               c_w.l(h1_extend.o)
    0x08000b98   0x08000b98   0x0000008a   Code   RO         1608    .text               c_w.l(lludiv10.o)
    0x08000c22   0x08000c22   0x00000002   PAD
    0x08000c24   0x08000c24   0x00000080   Code   RO         1610    .text               c_w.l(_printf_fp_infnan.o)
    0x08000ca4   0x08000ca4   0x000000e4   Code   RO         1614    .text               c_w.l(bigflt0.o)
    0x08000d88   0x08000d88   0x0000000e   Code   RO         1644    .text               c_w.l(defsig_rtmem_outer.o)
    0x08000d96   0x08000d96   0x00000002   Code   RO         1661    .text               c_w.l(use_no_semi.o)
    0x08000d98   0x08000d98   0x00000000   Code   RO         1663    .text               c_w.l(indicate_semi.o)
    0x08000d98   0x08000d98   0x0000004a   Code   RO         1664    .text               c_w.l(sys_stackheap_outer.o)
    0x08000de2   0x08000de2   0x00000012   Code   RO         1672    .text               c_w.l(exit.o)
    0x08000df4   0x08000df4   0x0000000a   Code   RO         1674    .text               c_w.l(defsig_exit.o)
    0x08000dfe   0x08000dfe   0x00000002   PAD
    0x08000e00   0x08000e00   0x00000050   Code   RO         1676    .text               c_w.l(defsig_rtmem_inner.o)
    0x08000e50   0x08000e50   0x00000080   Code   RO         1678    .text               c_w.l(strcmpv7m.o)
    0x08000ed0   0x08000ed0   0x0000000c   Code   RO         1690    .text               c_w.l(sys_exit.o)
    0x08000edc   0x08000edc   0x00000032   Code   RO         1704    .text               c_w.l(defsig_general.o)
    0x08000f0e   0x08000f0e   0x0000000e   Code   RO         1722    .text               c_w.l(sys_wrch.o)
    0x08000f1c   0x08000f1c   0x00000002   Code   RO          120    .text.BusFault_Handler  stm32f1xx_it.o
    0x08000f1e   0x08000f1e   0x00000002   PAD
    0x08000f20   0x08000f20   0x00000002   Code   RO          126    .text.DebugMon_Handler  stm32f1xx_it.o
    0x08000f22   0x08000f22   0x00000002   PAD
    0x08000f24   0x08000f24   0x00000006   Code   RO          132    .text.EXTI0_IRQHandler  stm32f1xx_it.o
    0x08000f2a   0x08000f2a   0x00000002   PAD
    0x08000f2c   0x08000f2c   0x00000008   Code   RO          144    .text.EXTI15_10_IRQHandler  stm32f1xx_it.o
    0x08000f34   0x08000f34   0x00000006   Code   RO          134    .text.EXTI1_IRQHandler  stm32f1xx_it.o
    0x08000f3a   0x08000f3a   0x00000002   PAD
    0x08000f3c   0x08000f3c   0x0000000a   Code   RO           15    .text.Error_Handler  main.o
    0x08000f46   0x08000f46   0x00000002   PAD
    0x08000f48   0x08000f48   0x000000b4   Code   RO          460    .text.HAL_DMA_Abort_IT  stm32f1xx_hal_dma.o
    0x08000ffc   0x08000ffc   0x00000028   Code   RO          334    .text.HAL_Delay     stm32f1xx_hal.o
    0x08001024   0x08001024   0x00000088   Code   RO           23    .text.HAL_GPIO_EXTI_Callback  main.o
    0x080010ac   0x080010ac   0x00000016   Code   RO          438    .text.HAL_GPIO_EXTI_IRQHandler  stm32f1xx_hal_gpio.o
    0x080010c2   0x080010c2   0x00000002   PAD
    0x080010c4   0x080010c4   0x0000020e   Code   RO          426    .text.HAL_GPIO_Init  stm32f1xx_hal_gpio.o
    0x080012d2   0x080012d2   0x00000002   PAD
    0x080012d4   0x080012d4   0x0000000a   Code   RO          430    .text.HAL_GPIO_ReadPin  stm32f1xx_hal_gpio.o
    0x080012de   0x080012de   0x00000002   PAD
    0x080012e0   0x080012e0   0x00000010   Code   RO          434    .text.HAL_GPIO_TogglePin  stm32f1xx_hal_gpio.o
    0x080012f0   0x080012f0   0x0000000a   Code   RO          432    .text.HAL_GPIO_WritePin  stm32f1xx_hal_gpio.o
    0x080012fa   0x080012fa   0x00000002   PAD
    0x080012fc   0x080012fc   0x0000000c   Code   RO          326    .text.HAL_GetTick   stm32f1xx_hal.o
    0x08001308   0x08001308   0x00000164   Code   RO          176    .text.HAL_I2C_Init  stm32f1xx_hal_i2c.o
    0x0800146c   0x0800146c   0x00000212   Code   RO          236    .text.HAL_I2C_IsDeviceReady  stm32f1xx_hal_i2c.o
    0x0800167e   0x0800167e   0x00000002   PAD
    0x08001680   0x08001680   0x00000346   Code   RO          224    .text.HAL_I2C_Mem_Read  stm32f1xx_hal_i2c.o
    0x080019c6   0x080019c6   0x00000002   PAD
    0x080019c8   0x080019c8   0x0000015c   Code   RO          220    .text.HAL_I2C_Mem_Write  stm32f1xx_hal_i2c.o
    0x08001b24   0x08001b24   0x00000062   Code   RO           48    .text.HAL_I2C_MspInit  i2c.o
    0x08001b86   0x08001b86   0x00000002   PAD
    0x08001b88   0x08001b88   0x0000001a   Code   RO          324    .text.HAL_IncTick   stm32f1xx_hal.o
    0x08001ba2   0x08001ba2   0x00000002   PAD
    0x08001ba4   0x08001ba4   0x00000026   Code   RO          314    .text.HAL_Init      stm32f1xx_hal.o
    0x08001bca   0x08001bca   0x00000002   PAD
    0x08001bcc   0x08001bcc   0x00000048   Code   RO          316    .text.HAL_InitTick  stm32f1xx_hal.o
    0x08001c14   0x08001c14   0x00000042   Code   RO          153    .text.HAL_MspInit   stm32f1xx_hal_msp.o
    0x08001c56   0x08001c56   0x00000002   PAD
    0x08001c58   0x08001c58   0x00000022   Code   RO          486    .text.HAL_NVIC_EnableIRQ  stm32f1xx_hal_cortex.o
    0x08001c7a   0x08001c7a   0x00000002   PAD
    0x08001c7c   0x08001c7c   0x00000056   Code   RO          484    .text.HAL_NVIC_SetPriority  stm32f1xx_hal_cortex.o
    0x08001cd2   0x08001cd2   0x00000002   PAD
    0x08001cd4   0x08001cd4   0x00000020   Code   RO          482    .text.HAL_NVIC_SetPriorityGrouping  stm32f1xx_hal_cortex.o
    0x08001cf4   0x08001cf4   0x0000000c   Code   RO          524    .text.HAL_PWR_EnableBkUpAccess  stm32f1xx_hal_pwr.o
    0x08001d00   0x08001d00   0x000000f8   Code   RO          416    .text.HAL_RCCEx_GetPeriphCLKFreq  stm32f1xx_hal_rcc_ex.o
    0x08001df8   0x08001df8   0x00000102   Code   RO          412    .text.HAL_RCCEx_PeriphCLKConfig  stm32f1xx_hal_rcc_ex.o
    0x08001efa   0x08001efa   0x00000002   PAD
    0x08001efc   0x08001efc   0x000001c2   Code   RO          378    .text.HAL_RCC_ClockConfig  stm32f1xx_hal_rcc.o
    0x080020be   0x080020be   0x00000002   PAD
    0x080020c0   0x080020c0   0x00000026   Code   RO          390    .text.HAL_RCC_GetPCLK1Freq  stm32f1xx_hal_rcc.o
    0x080020e6   0x080020e6   0x00000002   PAD
    0x080020e8   0x080020e8   0x00000026   Code   RO          392    .text.HAL_RCC_GetPCLK2Freq  stm32f1xx_hal_rcc.o
    0x0800210e   0x0800210e   0x00000002   PAD
    0x08002110   0x08002110   0x00000400   Code   RO          376    .text.HAL_RCC_OscConfig  stm32f1xx_hal_rcc.o
    0x08002510   0x08002510   0x0000023e   Code   RO          661    .text.HAL_RTC_GetTime  stm32f1xx_hal_rtc.o
    0x0800274e   0x0800274e   0x00000002   PAD
    0x08002750   0x08002750   0x000000f4   Code   RO          647    .text.HAL_RTC_Init  stm32f1xx_hal_rtc.o
    0x08002844   0x08002844   0x00000046   Code   RO           63    .text.HAL_RTC_MspInit  rtc.o
    0x0800288a   0x0800288a   0x00000002   PAD
    0x0800288c   0x0800288c   0x00000002   Code   RO          809    .text.HAL_SPI_ErrorCallback  stm32f1xx_hal_spi.o
    0x0800288e   0x0800288e   0x00000002   PAD
    0x08002890   0x08002890   0x0000010c   Code   RO          805    .text.HAL_SPI_IRQHandler  stm32f1xx_hal_spi.o
    0x0800299c   0x0800299c   0x000000ac   Code   RO          729    .text.HAL_SPI_Init  stm32f1xx_hal_spi.o
    0x08002a48   0x08002a48   0x00000072   Code   RO           78    .text.HAL_SPI_MspInit  spi.o
    0x08002aba   0x08002aba   0x00000002   PAD
    0x08002abc   0x08002abc   0x000001f8   Code   RO          737    .text.HAL_SPI_Transmit  stm32f1xx_hal_spi.o
    0x08002cb4   0x08002cb4   0x0000002c   Code   RO          494    .text.HAL_SYSTICK_Config  stm32f1xx_hal_cortex.o
    0x08002ce0   0x08002ce0   0x00000002   Code   RO         1148    .text.HAL_TIMEx_BreakCallback  stm32f1xx_hal_tim_ex.o
    0x08002ce2   0x08002ce2   0x00000002   PAD
    0x08002ce4   0x08002ce4   0x00000002   Code   RO         1144    .text.HAL_TIMEx_CommutCallback  stm32f1xx_hal_tim_ex.o
    0x08002ce6   0x08002ce6   0x00000002   PAD
    0x08002ce8   0x08002ce8   0x0000007e   Code   RO         1138    .text.HAL_TIMEx_MasterConfigSynchronization  stm32f1xx_hal_tim_ex.o
    0x08002d66   0x08002d66   0x00000002   PAD
    0x08002d68   0x08002d68   0x000000ec   Code   RO          843    .text.HAL_TIM_Base_Init  stm32f1xx_hal_tim.o
    0x08002e54   0x08002e54   0x000000e2   Code   RO           99    .text.HAL_TIM_Base_MspInit  tim.o
    0x08002f36   0x08002f36   0x00000002   PAD
    0x08002f38   0x08002f38   0x0000006e   Code   RO          857    .text.HAL_TIM_Base_Start_IT  stm32f1xx_hal_tim.o
    0x08002fa6   0x08002fa6   0x00000002   PAD
    0x08002fa8   0x08002fa8   0x0000003c   Code   RO          859    .text.HAL_TIM_Base_Stop_IT  stm32f1xx_hal_tim.o
    0x08002fe4   0x08002fe4   0x000001a0   Code   RO         1023    .text.HAL_TIM_ConfigClockSource  stm32f1xx_hal_tim.o
    0x08003184   0x08003184   0x000000ce   Code   RO         1256    .text.HAL_TIM_IC_CaptureCallback  function.o
    0x08003252   0x08003252   0x00000002   PAD
    0x08003254   0x08003254   0x00000182   Code   RO          993    .text.HAL_TIM_IC_ConfigChannel  stm32f1xx_hal_tim.o
    0x080033d6   0x080033d6   0x00000002   PAD
    0x080033d8   0x080033d8   0x000000ec   Code   RO          917    .text.HAL_TIM_IC_Init  stm32f1xx_hal_tim.o
    0x080034c4   0x080034c4   0x00000002   Code   RO          919    .text.HAL_TIM_IC_MspInit  stm32f1xx_hal_tim.o
    0x080034c6   0x080034c6   0x00000002   PAD
    0x080034c8   0x080034c8   0x0000012c   Code   RO          929    .text.HAL_TIM_IC_Start_IT  stm32f1xx_hal_tim.o
    0x080035f4   0x080035f4   0x00000170   Code   RO          977    .text.HAL_TIM_IRQHandler  stm32f1xx_hal_tim.o
    0x08003764   0x08003764   0x00000002   Code   RO          981    .text.HAL_TIM_OC_DelayElapsedCallback  stm32f1xx_hal_tim.o
    0x08003766   0x08003766   0x00000002   PAD
    0x08003768   0x08003768   0x000001fe   Code   RO          997    .text.HAL_TIM_PWM_ConfigChannel  stm32f1xx_hal_tim.o
    0x08003966   0x08003966   0x00000002   PAD
    0x08003968   0x08003968   0x000000ec   Code   RO          897    .text.HAL_TIM_PWM_Init  stm32f1xx_hal_tim.o
    0x08003a54   0x08003a54   0x00000002   Code   RO          899    .text.HAL_TIM_PWM_MspInit  stm32f1xx_hal_tim.o
    0x08003a56   0x08003a56   0x00000002   PAD
    0x08003a58   0x08003a58   0x00000002   Code   RO          983    .text.HAL_TIM_PWM_PulseFinishedCallback  stm32f1xx_hal_tim.o
    0x08003a5a   0x08003a5a   0x00000002   PAD
    0x08003a5c   0x08003a5c   0x000000da   Code   RO          905    .text.HAL_TIM_PWM_Start  stm32f1xx_hal_tim.o
    0x08003b36   0x08003b36   0x00000002   PAD
    0x08003b38   0x08003b38   0x0000006c   Code   RO         1262    .text.HAL_TIM_PeriodElapsedCallback  function.o
    0x08003ba4   0x08003ba4   0x00000034   Code   RO         1033    .text.HAL_TIM_ReadCapturedValue  stm32f1xx_hal_tim.o
    0x08003bd8   0x08003bd8   0x00000002   Code   RO          987    .text.HAL_TIM_TriggerCallback  stm32f1xx_hal_tim.o
    0x08003bda   0x08003bda   0x00000002   PAD
    0x08003bdc   0x08003bdc   0x00000002   Code   RO          116    .text.HardFault_Handler  stm32f1xx_it.o
    0x08003bde   0x08003bde   0x00000002   PAD
    0x08003be0   0x08003be0   0x00000112   Code   RO          226    .text.I2C_RequestMemoryRead  stm32f1xx_hal_i2c.o
    0x08003cf2   0x08003cf2   0x00000002   PAD
    0x08003cf4   0x08003cf4   0x000000c8   Code   RO          222    .text.I2C_RequestMemoryWrite  stm32f1xx_hal_i2c.o
    0x08003dbc   0x08003dbc   0x000000ba   Code   RO          190    .text.I2C_WaitOnBTFFlagUntilTimeout  stm32f1xx_hal_i2c.o
    0x08003e76   0x08003e76   0x00000002   PAD
    0x08003e78   0x08003e78   0x000001ca   Code   RO          186    .text.I2C_WaitOnFlagUntilTimeout  stm32f1xx_hal_i2c.o
    0x08004042   0x08004042   0x00000002   PAD
    0x08004044   0x08004044   0x000000d6   Code   RO          304    .text.I2C_WaitOnMasterAddressFlagUntilTimeout  stm32f1xx_hal_i2c.o
    0x0800411a   0x0800411a   0x00000002   PAD
    0x0800411c   0x0800411c   0x00000090   Code   RO          194    .text.I2C_WaitOnRXNEFlagUntilTimeout  stm32f1xx_hal_i2c.o
    0x080041ac   0x080041ac   0x000000ba   Code   RO          188    .text.I2C_WaitOnTXEFlagUntilTimeout  stm32f1xx_hal_i2c.o
    0x08004266   0x08004266   0x00000002   PAD
    0x08004268   0x08004268   0x000000ac   Code   RO         1298    .text.INA219_Init   ina219.o
    0x08004314   0x08004314   0x00000034   Code   RO         1280    .text.INA219_ReadBusVoltage  ina219.o
    0x08004348   0x08004348   0x0000003c   Code   RO         1284    .text.INA219_ReadCurrent_mA  ina219.o
    0x08004384   0x08004384   0x00000214   Code   RO         1228    .text.LCD_Address_Set  lcd_init.o
    0x08004598   0x08004598   0x0000009e   Code   RO         1181    .text.LCD_DrawLine  lcd.o
    0x08004636   0x08004636   0x00000002   PAD
    0x08004638   0x08004638   0x00000016   Code   RO         1179    .text.LCD_DrawPoint  lcd.o
    0x0800464e   0x0800464e   0x00000002   PAD
    0x08004650   0x08004650   0x0000043a   Code   RO         1205    .text.LCD_DrawRoundRectangle_DMA  lcd.o
    0x08004a8a   0x08004a8a   0x00000002   PAD
    0x08004a8c   0x08004a8c   0x000000d6   Code   RO         1177    .text.LCD_Fill      lcd.o
    0x08004b62   0x08004b62   0x00000002   PAD
    0x08004b64   0x08004b64   0x00000b70   Code   RO         1230    .text.LCD_Init      lcd_init.o
    0x080056d4   0x080056d4   0x00000374   Code   RO         1189    .text.LCD_ShowChar  lcd.o
    0x08005a48   0x08005a48   0x00000046   Code   RO         1191    .text.LCD_ShowString  lcd.o
    0x08005a8e   0x08005a8e   0x00000002   PAD
    0x08005a90   0x08005a90   0x00000068   Code   RO         1224    .text.LCD_WR_DATA   lcd_init.o
    0x08005af8   0x08005af8   0x000000fa   Code   RO           36    .text.MX_GPIO_Init  gpio.o
    0x08005bf2   0x08005bf2   0x00000002   PAD
    0x08005bf4   0x08005bf4   0x00000042   Code   RO           46    .text.MX_I2C1_Init  i2c.o
    0x08005c36   0x08005c36   0x00000002   PAD
    0x08005c38   0x08005c38   0x00000030   Code   RO           61    .text.MX_RTC_Init   rtc.o
    0x08005c68   0x08005c68   0x0000004e   Code   RO           76    .text.MX_SPI1_Init  spi.o
    0x08005cb6   0x08005cb6   0x00000002   PAD
    0x08005cb8   0x08005cb8   0x000000c2   Code   RO           91    .text.MX_TIM1_Init  tim.o
    0x08005d7a   0x08005d7a   0x00000002   PAD
    0x08005d7c   0x08005d7c   0x00000072   Code   RO           93    .text.MX_TIM2_Init  tim.o
    0x08005dee   0x08005dee   0x00000002   PAD
    0x08005df0   0x08005df0   0x0000011e   Code   RO           95    .text.MX_TIM3_Init  tim.o
    0x08005f0e   0x08005f0e   0x00000002   PAD
    0x08005f10   0x08005f10   0x00000002   Code   RO          118    .text.MemManage_Handler  stm32f1xx_it.o
    0x08005f12   0x08005f12   0x00000002   PAD
    0x08005f14   0x08005f14   0x00000002   Code   RO          114    .text.NMI_Handler   stm32f1xx_it.o
    0x08005f16   0x08005f16   0x00000002   PAD
    0x08005f18   0x08005f18   0x00000002   Code   RO          128    .text.PendSV_Handler  stm32f1xx_it.o
    0x08005f1a   0x08005f1a   0x00000002   PAD
    0x08005f1c   0x08005f1c   0x000002d8   Code   RO          663    .text.RTC_DateUpdate  stm32f1xx_hal_rtc.o
    0x080061f4   0x080061f4   0x00000060   Code   RO          659    .text.RTC_WriteAlarmCounter  stm32f1xx_hal_rtc.o
    0x08006254   0x08006254   0x0000000c   Code   RO          142    .text.SPI1_IRQHandler  stm32f1xx_it.o
    0x08006260   0x08006260   0x0000000c   Code   RO          807    .text.SPI_DMAAbortOnError  stm32f1xx_hal_spi.o
    0x0800626c   0x0800626c   0x000000e4   Code   RO          833    .text.SPI_WaitFlagStateUntilTimeout  stm32f1xx_hal_spi.o
    0x08006350   0x08006350   0x00000002   Code   RO          124    .text.SVC_Handler   stm32f1xx_it.o
    0x08006352   0x08006352   0x00000002   PAD
    0x08006354   0x08006354   0x00000004   Code   RO          130    .text.SysTick_Handler  stm32f1xx_it.o
    0x08006358   0x08006358   0x00000002   Code   RO         1162    .text.SystemInit    system_stm32f1xx.o
    0x0800635a   0x0800635a   0x00000002   PAD
    0x0800635c   0x0800635c   0x0000000c   Code   RO          138    .text.TIM1_CC_IRQHandler  stm32f1xx_it.o
    0x08006368   0x08006368   0x0000000c   Code   RO          136    .text.TIM1_UP_IRQHandler  stm32f1xx_it.o
    0x08006374   0x08006374   0x0000000c   Code   RO          140    .text.TIM2_IRQHandler  stm32f1xx_it.o
    0x08006380   0x08006380   0x00000034   Code   RO         1258    .text.Timer_Event   function.o
    0x080063b4   0x080063b4   0x0000000c   Code   RO         1260    .text.Timer_Event_Stop  function.o
    0x080063c0   0x080063c0   0x0000005e   Code   RO           17    .text.Toggle_Output  main.o
    0x0800641e   0x0800641e   0x00000002   PAD
    0x08006420   0x08006420   0x00000002   Code   RO          122    .text.UsageFault_Handler  stm32f1xx_it.o
    0x08006422   0x08006422   0x00000002   PAD
    0x08006424   0x08006424   0x00000060   Code   RO           19    .text.Value_plus    main.o
    0x08006484   0x08006484   0x00000052   Code   RO           21    .text.Value_sub     main.o
    0x080064d6   0x080064d6   0x00000002   PAD
    0x080064d8   0x080064d8   0x0000003a   Code   RO         1250    .text.get_rtc_seconds  function.o
    0x08006512   0x08006512   0x00000002   PAD
    0x08006514   0x08006514   0x00000060   Code   RO         1246    .text.get_status    function.o
    0x08006574   0x08006574   0x00000178   Code   RO         1242    .text.load_word     function.o
    0x080066ec   0x080066ec   0x00000178   Code   RO           11    .text.main          main.o
    0x08006864   0x08006864   0x0000009e   Code   RO         1254    .text.pid_ctrl      function.o
    0x08006902   0x08006902   0x00000002   PAD
    0x08006904   0x08006904   0x0000004a   Code   RO         1248    .text.pwm_out       function.o
    0x0800694e   0x0800694e   0x00000002   PAD
    0x08006950   0x08006950   0x000001f4   Code   RO         1244    .text.refresh_info  function.o
    0x08006b44   0x08006b44   0x000000fa   Code   RO         1252    .text.show_duty     function.o
    0x08006c3e   0x08006c3e   0x00000002   PAD
    0x08006c40   0x08006c40   0x0000011e   Code   RO         1240    .text.ui_init       function.o
    0x08006d5e   0x08006d5e   0x0000003e   Code   RO         1617    CL$$btod_d2e        c_w.l(btod.o)
    0x08006d9c   0x08006d9c   0x00000046   Code   RO         1619    CL$$btod_d2e_denorm_low  c_w.l(btod.o)
    0x08006de2   0x08006de2   0x00000060   Code   RO         1618    CL$$btod_d2e_norm_op1  c_w.l(btod.o)
    0x08006e42   0x08006e42   0x00000002   PAD
    0x08006e44   0x08006e44   0x00000338   Code   RO         1627    CL$$btod_div_common  c_w.l(btod.o)
    0x0800717c   0x0800717c   0x000000dc   Code   RO         1624    CL$$btod_e2e        c_w.l(btod.o)
    0x08007258   0x08007258   0x0000002a   Code   RO         1621    CL$$btod_ediv       c_w.l(btod.o)
    0x08007282   0x08007282   0x0000002a   Code   RO         1620    CL$$btod_emul       c_w.l(btod.o)
    0x080072ac   0x080072ac   0x00000244   Code   RO         1626    CL$$btod_mult_common  c_w.l(btod.o)
    0x080074f0   0x080074f0   0x00000028   Code   RO         1659    i.__ARM_fpclassify  m_ws.l(fpclassify.o)
    0x08007518   0x08007518   0x0000000e   Code   RO         1392    i._is_digit         c_w.l(__printf_wp.o)
    0x08007526   0x08007526   0x0000004c   Code   RO         1458    i.sqrt              m_ws.l(sqrt.o)
    0x08007572   0x08007572   0x00000002   PAD
    0x08007574   0x08007574   0x0000002c   Code   RO         1642    locale$$code        c_w.l(lc_numeric_c.o)
    0x080075a0   0x080075a0   0x00000150   Code   RO         1413    x$fpl$dadd          fz_ws.l(daddsub_clz.o)
    0x080076f0   0x080076f0   0x0000005e   Code   RO         1419    x$fpl$dfix          fz_ws.l(dfix.o)
    0x0800774e   0x0800774e   0x0000002e   Code   RO         1424    x$fpl$dflt          fz_ws.l(dflt_clz.o)
    0x0800777c   0x0800777c   0x00000026   Code   RO         1423    x$fpl$dfltu         fz_ws.l(dflt_clz.o)
    0x080077a2   0x080077a2   0x0000009c   Code   RO         1551    x$fpl$dnaninf       fz_ws.l(dnaninf.o)
    0x0800783e   0x0800783e   0x0000000c   Code   RO         1553    x$fpl$dretinf       fz_ws.l(dretinf.o)
    0x0800784a   0x0800784a   0x00000002   PAD
    0x0800784c   0x0800784c   0x000001cc   Code   RO         1555    x$fpl$dsqrt         fz_ws.l(dsqrt_noumaal.o)
    0x08007a18   0x08007a18   0x000001dc   Code   RO         1415    x$fpl$dsub          fz_ws.l(daddsub_clz.o)
    0x08007bf4   0x08007bf4   0x00000056   Code   RO         1429    x$fpl$f2d           fz_ws.l(f2d.o)
    0x08007c4a   0x08007c4a   0x00000002   PAD
    0x08007c4c   0x08007c4c   0x000000c4   Code   RO         1431    x$fpl$fadd          fz_ws.l(faddsub_clz.o)
    0x08007d10   0x08007d10   0x00000054   Code   RO         1437    x$fpl$fcmp          fz_ws.l(fcmp.o)
    0x08007d64   0x08007d64   0x00000018   Code   RO         1653    x$fpl$fcmpinf       fz_ws.l(fcmpi.o)
    0x08007d7c   0x08007d7c   0x00000184   Code   RO         1440    x$fpl$fdiv          fz_ws.l(fdiv.o)
    0x08007f00   0x08007f00   0x00000068   Code   RO         1557    x$fpl$feqf          fz_ws.l(feqf.o)
    0x08007f68   0x08007f68   0x00000036   Code   RO         1443    x$fpl$ffix          fz_ws.l(ffix.o)
    0x08007f9e   0x08007f9e   0x00000002   PAD
    0x08007fa0   0x08007fa0   0x00000030   Code   RO         1448    x$fpl$fflt          fz_ws.l(fflt_clz.o)
    0x08007fd0   0x08007fd0   0x00000026   Code   RO         1447    x$fpl$ffltu         fz_ws.l(fflt_clz.o)
    0x08007ff6   0x08007ff6   0x00000002   PAD
    0x08007ff8   0x08007ff8   0x00000068   Code   RO         1559    x$fpl$fgeqf         fz_ws.l(fgeqf.o)
    0x08008060   0x08008060   0x00000068   Code   RO         1561    x$fpl$fleqf         fz_ws.l(fleqf.o)
    0x080080c8   0x080080c8   0x00000102   Code   RO         1453    x$fpl$fmul          fz_ws.l(fmul.o)
    0x080081ca   0x080081ca   0x0000008c   Code   RO         1563    x$fpl$fnaninf       fz_ws.l(fnaninf.o)
    0x08008256   0x08008256   0x0000000a   Code   RO         1565    x$fpl$fretinf       fz_ws.l(fretinf.o)
    0x08008260   0x08008260   0x000000ea   Code   RO         1433    x$fpl$fsub          fz_ws.l(faddsub_clz.o)
    0x0800834a   0x0800834a   0x00000004   Code   RO         1455    x$fpl$printf1       fz_ws.l(printf1.o)
    0x0800834e   0x0800834e   0x00000000   Code   RO         1567    x$fpl$usenofp       fz_ws.l(usenofp.o)
    0x0800834e   0x0800834e   0x00000011   Data   RO         1395    .constdata          c_w.l(__printf_flags_wp.o)
    0x0800835f   0x0800835f   0x00000001   PAD
    0x08008360   0x08008360   0x00000094   Data   RO         1615    .constdata          c_w.l(bigflt0.o)
    0x080083f4   0x080083f4   0x00000010   Data   RO         1167    .rodata.AHBPrescTable  system_stm32f1xx.o
    0x08008404   0x08008404   0x00000008   Data   RO         1168    .rodata.APBPrescTable  system_stm32f1xx.o
    0x0800840c   0x0800840c   0x00000002   Data   RO          403    .rodata.HAL_RCC_GetSysClockFreq.aPredivFactorTable  stm32f1xx_hal_rcc.o
    0x0800840e   0x0800840e   0x00000474   Data   RO         1207    .rodata.ascii_1206  lcd.o
    0x08008882   0x08008882   0x000005f0   Data   RO         1208    .rodata.ascii_1608  lcd.o
    0x08008e72   0x08008e72   0x000011d0   Data   RO         1209    .rodata.ascii_2412  lcd.o
    0x0800a042   0x0800a042   0x000017c0   Data   RO         1210    .rodata.ascii_3216  lcd.o
    0x0800b802   0x0800b802   0x00000010   Data   RO          402    .rodata.cst16       stm32f1xx_hal_rcc.o
    0x0800b812   0x0800b812   0x00000002   PAD
    0x0800b814   0x0800b814   0x00000020   Data   RO         1063    .rodata.cst16       stm32f1xx_hal_tim.o
    0x0800b834   0x0800b834   0x00000015   Data   RO         1265    .rodata.str1.1      function.o
    0x0800b849   0x0800b849   0x00000003   PAD
    0x0800b84c   0x0800b84c   0x00000020   Data   RO         1755    Region$$Table       anon$$obj.o
    0x0800b86c   0x0800b86c   0x0000001c   Data   RO         1641    locale$$data        c_w.l(lc_numeric_c.o)


    Execution Region RW_IRAM1 (Exec base: 0x20000000, Load base: 0x0800b888, Size: 0x00000ae8, Max: 0x00005000, ABSOLUTE)

    Exec Addr    Load Addr    Size         Type   Attr      Idx    E Section Name        Object

    0x20000000   0x0800b888   0x00000008   Data   RW          365    .data..L_MergedGlobals  stm32f1xx_hal.o
    0x20000008   0x0800b890   0x00000002   Data   RW         1266    .data..L_MergedGlobals  function.o
    0x2000000a   0x0800b892   0x00000002   PAD
    0x2000000c   0x0800b894   0x00000004   Data   RW         1166    .data.SystemCoreClock  system_stm32f1xx.o
    0x20000010   0x0800b898   0x0000001c   Data   RW           25    .data.info          main.o
    0x2000002c   0x0800b8b4   0x00000001   Data   RW         1264    .data.mode_flag     function.o
    0x2000002d   0x0800b8b5   0x00000003   PAD
    0x20000030        -       0x00000060   Zero   RW         1573    .bss                c_w.l(libspace.o)
    0x20000090        -       0x0000000c   Zero   RW           27    .bss..L_MergedGlobals  main.o
    0x2000009c        -       0x00000008   Zero   RW         1300    .bss..L_MergedGlobals  ina219.o
    0x200000a4        -       0x00000024   Zero   RW         1267    .bss..L_MergedGlobals.17  function.o
    0x200000c8        -       0x00000280   Zero   RW         1211    .bss.LCD_DrawRoundRectangle_DMA.buffer  lcd.o
    0x20000348        -       0x00000054   Zero   RW           52    .bss.hi2c1          i2c.o
    0x2000039c        -       0x00000014   Zero   RW           67    .bss.hrtc           rtc.o
    0x200003b0        -       0x00000058   Zero   RW           82    .bss.hspi1          spi.o
    0x20000408        -       0x00000048   Zero   RW          103    .bss.htim1          tim.o
    0x20000450        -       0x00000048   Zero   RW          104    .bss.htim2          tim.o
    0x20000498        -       0x00000048   Zero   RW          105    .bss.htim3          tim.o
    0x200004e0        -       0x00000004   Zero   RW          364    .bss.uwTick         stm32f1xx_hal.o
    0x200004e4   0x0800b8b5   0x00000004   PAD
    0x200004e8        -       0x00000200   Zero   RW            2    HEAP                startup_stm32f103xb.o
    0x200006e8        -       0x00000400   Zero   RW            1    STACK               startup_stm32f103xb.o


==============================================================================

Image component sizes


      Code (inc. data)   RO Data    RW Data    ZI Data      Debug   Object Name

      2176         96         21          3         36       8867   function.o
       250          0          0          0          0       2841   gpio.o
       164          0          0          0         84       4600   i2c.o
       284          0          0          0          8       8277   ina219.o
      2430          0      13300          0        640      22737   lcd.o
      3564          0          0          0          0       9715   lcd_init.o
       794          0          0         28         12       8167   main.o
       118          0          0          0         20       2496   rtc.o
       192          0          0          0         88       5507   spi.o
        64         26        236          0       1536        788   startup_stm32f103xb.o
       188          0          0          8          4       5753   stm32f1xx_hal.o
       196          0          0          0          0       8444   stm32f1xx_hal_cortex.o
       180          0          0          0          0       8483   stm32f1xx_hal_dma.o
       584         20          0          0          0       4626   stm32f1xx_hal_gpio.o
      3734          0          0          0          0      44360   stm32f1xx_hal_i2c.o
        66          0          0          0          0       1202   stm32f1xx_hal_msp.o
        12          0          0          0          0       4204   stm32f1xx_hal_pwr.o
      1550          0         18          0          0       7934   stm32f1xx_hal_rcc.o
       506         20          0          0          0       3643   stm32f1xx_hal_rcc_ex.o
      1642          0          0          0          0      19198   stm32f1xx_hal_rtc.o
      1186          0          0          0          0      25272   stm32f1xx_hal_spi.o
      3138         14         32          0          0      55754   stm32f1xx_hal_tim.o
       130          0          0          0          0      20548   stm32f1xx_hal_tim_ex.o
        88          0          0          0          0       6083   stm32f1xx_it.o
         2          0         24          4          0       1591   system_stm32f1xx.o
       820          0          0          0        216       8899   tim.o

    ----------------------------------------------------------------------
     24194        176      13668         48       2648     299989   Object Totals
         0          0         32          0          0          0   (incl. Generated)
       136          0          5          5          4          0   (incl. Padding)

    ----------------------------------------------------------------------

      Code (inc. data)   RO Data    RW Data    ZI Data      Debug   Library Member Name

         8          0          0          0          0         68   __main.o
       312          4         17          0          0         92   __printf_flags_wp.o
        14          0          0          0          0         68   __printf_wp.o
         0          0          0          0          0          0   __rtentry.o
        12          0          0          0          0          0   __rtentry2.o
         6          0          0          0          0          0   __rtentry4.o
        94          8          0          0          0          0   __scatter.o
        26          0          0          0          0          0   __scatter_copy.o
        28          0          0          0          0          0   __scatter_zi.o
        48          6          0          0          0         96   _printf_char_common.o
         6          0          0          0          0          0   _printf_d.o
       120         16          0          0          0         92   _printf_dec.o
         6          0          0          0          0          0   _printf_f.o
      1052          0          0          0          0        148   _printf_fp_dec.o
       128         16          0          0          0         84   _printf_fp_infnan.o
       178          0          0          0          0         88   _printf_intcommon.o
        78          0          0          0          0        108   _printf_pad.o
         0          0          0          0          0          0   _printf_percent.o
         4          0          0          0          0          0   _printf_percent_end.o
        22          0          0          0          0        100   _rserrno.o
        10          0          0          0          0         68   _sputc.o
       228          4        148          0          0         96   bigflt0.o
      1936        128          0          0          0        668   btod.o
        10          0          0          0          0         68   defsig_exit.o
        50          0          0          0          0         88   defsig_general.o
        80         58          0          0          0         76   defsig_rtmem_inner.o
        14          0          0          0          0         80   defsig_rtmem_outer.o
        18          0          0          0          0         80   exit.o
        94          0          0          0          0         80   h1_alloc.o
        52          0          0          0          0         68   h1_extend.o
        78          0          0          0          0         80   h1_free.o
        12          0          0          0          0         84   h1_init.o
         6          0          0          0          0        152   heapauxi.o
         4          0          0          0          0        136   hguard.o
         0          0          0          0          0          0   indicate_semi.o
       138          0          0          0          0        168   init_alloc.o
        44         10         28          0          0         76   lc_numeric_c.o
         2          0          0          0          0          0   libinit.o
        26          0          0          0          0          0   libinit2.o
         2          0          0          0          0          0   libshutdown.o
         2          0          0          0          0          0   libshutdown2.o
         8          4          0          0         96         68   libspace.o
       138          0          0          0          0         80   lludiv10.o
         0          0          0          0          0          0   maybetermalloc1.o
        40          6          0          0          0         84   noretval__2sprintf.o
         8          4          0          0          0         68   rt_errno_addr_intlibspace.o
         8          4          0          0          0         68   rt_heap_descriptor_intlibspace.o
         8          4          0          0          0         68   rt_locale_intlibspace.o
        68          0          0          0          0         68   rt_memclr.o
        78          0          0          0          0         80   rt_memclr_w.o
         2          0          0          0          0          0   rtexit.o
        10          0          0          0          0          0   rtexit2.o
       128          0          0          0          0         68   strcmpv7m.o
        12          4          0          0          0         68   sys_exit.o
        74          0          0          0          0         80   sys_stackheap_outer.o
        14          0          0          0          0         76   sys_wrch.o
         2          0          0          0          0         68   use_no_semi.o
       812         16          0          0          0        296   daddsub_clz.o
        94          4          0          0          0         92   dfix.o
        84          0          0          0          0        136   dflt_clz.o
       156          4          0          0          0         92   dnaninf.o
        12          0          0          0          0         68   dretinf.o
       460         56          0          0          0        120   dsqrt_noumaal.o
        86          4          0          0          0         84   f2d.o
       430          8          0          0          0        168   faddsub_clz.o
        84          0          0          0          0        196   fcmp.o
        24          0          0          0          0         68   fcmpi.o
       388         76          0          0          0         96   fdiv.o
       104          4          0          0          0         84   feqf.o
        54          4          0          0          0         84   ffix.o
        86          0          0          0          0        136   fflt_clz.o
       104          4          0          0          0         84   fgeqf.o
       104          4          0          0          0         84   fleqf.o
       258          4          0          0          0         84   fmul.o
       140          4          0          0          0         84   fnaninf.o
        10          0          0          0          0         68   fretinf.o
         4          0          0          0          0         68   printf1.o
         0          0          0          0          0          0   usenofp.o
        40          0          0          0          0         68   fpclassify.o
        76          0          0          0          0         84   sqrt.o

    ----------------------------------------------------------------------
      9184        468        194          0         96       6300   Library Totals
        28          0          1          0          0          0   (incl. Padding)

    ----------------------------------------------------------------------

      Code (inc. data)   RO Data    RW Data    ZI Data      Debug   Library Name

      5546        276        193          0         96       3956   c_w.l
      3494        192          0          0          0       2192   fz_ws.l
       116          0          0          0          0        152   m_ws.l

    ----------------------------------------------------------------------
      9184        468        194          0         96       6300   Library Totals

    ----------------------------------------------------------------------

==============================================================================


      Code (inc. data)   RO Data    RW Data    ZI Data      Debug   

     33378        644      13862         48       2744     302337   Grand Totals
     33378        644      13862         48       2744     302337   ELF Image Totals
     33378        644      13862         48          0          0   ROM Totals

==============================================================================

    Total RO  Size (Code + RO Data)                47240 (  46.13kB)
    Total RW  Size (RW Data + ZI Data)              2792 (   2.73kB)
    Total ROM Size (Code + RO Data + RW Data)      47288 (  46.18kB)

==============================================================================

