Component: Arm Compiler for Embedded 6.21 Tool: armlink [5ec1fa00]

==============================================================================

Section Cross References

    startup_stm32f103xb.o(STACK) refers (Special) to heapauxi.o(.text) for __use_two_region_memory
    startup_stm32f103xb.o(HEAP) refers (Special) to heapauxi.o(.text) for __use_two_region_memory
    startup_stm32f103xb.o(RESET) refers (Special) to heapauxi.o(.text) for __use_two_region_memory
    startup_stm32f103xb.o(RESET) refers to startup_stm32f103xb.o(STACK) for __initial_sp
    startup_stm32f103xb.o(RESET) refers to startup_stm32f103xb.o(.text) for Reset_Handler
    startup_stm32f103xb.o(RESET) refers to stm32f1xx_it.o(.text.NMI_Handler) for NMI_Handler
    startup_stm32f103xb.o(RESET) refers to stm32f1xx_it.o(.text.HardFault_Handler) for HardFault_Handler
    startup_stm32f103xb.o(RESET) refers to stm32f1xx_it.o(.text.MemManage_Handler) for MemManage_Handler
    startup_stm32f103xb.o(RESET) refers to stm32f1xx_it.o(.text.BusFault_Handler) for BusFault_Handler
    startup_stm32f103xb.o(RESET) refers to stm32f1xx_it.o(.text.UsageFault_Handler) for UsageFault_Handler
    startup_stm32f103xb.o(RESET) refers to stm32f1xx_it.o(.text.SVC_Handler) for SVC_Handler
    startup_stm32f103xb.o(RESET) refers to stm32f1xx_it.o(.text.DebugMon_Handler) for DebugMon_Handler
    startup_stm32f103xb.o(RESET) refers to stm32f1xx_it.o(.text.PendSV_Handler) for PendSV_Handler
    startup_stm32f103xb.o(RESET) refers to stm32f1xx_it.o(.text.SysTick_Handler) for SysTick_Handler
    startup_stm32f103xb.o(RESET) refers to stm32f1xx_it.o(.text.EXTI0_IRQHandler) for EXTI0_IRQHandler
    startup_stm32f103xb.o(RESET) refers to stm32f1xx_it.o(.text.EXTI1_IRQHandler) for EXTI1_IRQHandler
    startup_stm32f103xb.o(RESET) refers to stm32f1xx_it.o(.text.TIM1_UP_IRQHandler) for TIM1_UP_IRQHandler
    startup_stm32f103xb.o(RESET) refers to stm32f1xx_it.o(.text.TIM1_CC_IRQHandler) for TIM1_CC_IRQHandler
    startup_stm32f103xb.o(RESET) refers to stm32f1xx_it.o(.text.TIM2_IRQHandler) for TIM2_IRQHandler
    startup_stm32f103xb.o(RESET) refers to stm32f1xx_it.o(.text.TIM4_IRQHandler) for TIM4_IRQHandler
    startup_stm32f103xb.o(RESET) refers to stm32f1xx_it.o(.text.SPI1_IRQHandler) for SPI1_IRQHandler
    startup_stm32f103xb.o(RESET) refers to stm32f1xx_it.o(.text.EXTI15_10_IRQHandler) for EXTI15_10_IRQHandler
    startup_stm32f103xb.o(.text) refers (Special) to heapauxi.o(.text) for __use_two_region_memory
    startup_stm32f103xb.o(.text) refers to system_stm32f1xx.o(.text.SystemInit) for SystemInit
    startup_stm32f103xb.o(.text) refers to __main.o(!!!main) for __main
    startup_stm32f103xb.o(.text) refers to startup_stm32f103xb.o(HEAP) for Heap_Mem
    startup_stm32f103xb.o(.text) refers to startup_stm32f103xb.o(STACK) for Stack_Mem
    main.o(.text.main) refers to stm32f1xx_hal.o(.text.HAL_Init) for HAL_Init
    main.o(.text.main) refers to stm32f1xx_hal_rcc.o(.text.HAL_RCC_OscConfig) for HAL_RCC_OscConfig
    main.o(.text.main) refers to stm32f1xx_hal_rcc.o(.text.HAL_RCC_ClockConfig) for HAL_RCC_ClockConfig
    main.o(.text.main) refers to stm32f1xx_hal_rcc_ex.o(.text.HAL_RCCEx_PeriphCLKConfig) for HAL_RCCEx_PeriphCLKConfig
    main.o(.text.main) refers to gpio.o(.text.MX_GPIO_Init) for MX_GPIO_Init
    main.o(.text.main) refers to spi.o(.text.MX_SPI1_Init) for MX_SPI1_Init
    main.o(.text.main) refers to tim.o(.text.MX_TIM1_Init) for MX_TIM1_Init
    main.o(.text.main) refers to tim.o(.text.MX_TIM3_Init) for MX_TIM3_Init
    main.o(.text.main) refers to i2c.o(.text.MX_I2C1_Init) for MX_I2C1_Init
    main.o(.text.main) refers to rtc.o(.text.MX_RTC_Init) for MX_RTC_Init
    main.o(.text.main) refers to tim.o(.text.MX_TIM2_Init) for MX_TIM2_Init
    main.o(.text.main) refers to tim.o(.text.MX_TIM4_Init) for MX_TIM4_Init
    main.o(.text.main) refers to main.o(.data..L_MergedGlobals) for .L_MergedGlobals
    main.o(.text.main) refers to function.o(.text.Load_Para) for Load_Para
    main.o(.text.main) refers to main.o(.bss..L_MergedGlobals.1) for .L_MergedGlobals.1
    main.o(.text.main) refers to i2c.o(.bss.hi2c1) for hi2c1
    main.o(.text.main) refers to ina219.o(.text.INA219_Init) for INA219_Init
    main.o(.text.main) refers to tim.o(.bss.htim1) for htim1
    main.o(.text.main) refers to stm32f1xx_hal_tim.o(.text.HAL_TIM_IC_Start_IT) for HAL_TIM_IC_Start_IT
    main.o(.text.main) refers to function.o(.text.system_init) for system_init
    main.o(.text.main) refers to function.o(.text.load_ui) for load_ui
    main.o(.text.main) refers to function.o(.data..L_MergedGlobals) for mode_flag
    main.o(.text.main) refers to function.o(.text.pwm_out) for pwm_out
    main.o(.text.main) refers to function.o(.text.show_duty) for show_duty
    main.o(.text.main) refers to function.o(.text.check_current) for check_current
    main.o(.text.main) refers to function.o(.text.refresh_info) for refresh_info
[...]
    _printf_flags                            0x00000000   Number         0  printf_stubs.o ABSOLUTE
    _printf_return_value                     0x00000000   Number         0  printf_stubs.o ABSOLUTE
    _printf_sizespec                         0x00000000   Number         0  printf_stubs.o ABSOLUTE
    _printf_widthprec                        0x00000000   Number         0  printf_stubs.o ABSOLUTE
    __ARM_exceptions_init                     - Undefined Weak Reference
    __alloca_initialize                       - Undefined Weak Reference
    __arm_preinit_                            - Undefined Weak Reference
    __arm_relocate_pie_                       - Undefined Weak Reference
    __cpp_initialize__aeabi_                  - Undefined Weak Reference
    __cxa_finalize                            - Undefined Weak Reference
    __sigvec_lookup                           - Undefined Weak Reference
    __user_heap_extent                        - Undefined Weak Reference
    _atexit_init                              - Undefined Weak Reference
    _call_atexit_fns                          - Undefined Weak Reference
    _clock_init                               - Undefined Weak Reference
    _fp_trap_init                             - Undefined Weak Reference
    _fp_trap_shutdown                         - Undefined Weak Reference
    _get_lc_collate                           - Undefined Weak Reference
    _get_lc_ctype                             - Undefined Weak Reference
    _get_lc_monetary                          - Undefined Weak Reference
    _get_lc_time                              - Undefined Weak Reference
    _getenv_init                              - Undefined Weak Reference
    _handle_redirection                       - Undefined Weak Reference
    _initio                                   - Undefined Weak Reference
    _mutex_acquire                            - Undefined Weak Reference
    _mutex_free                               - Undefined Weak Reference
    _mutex_release                            - Undefined Weak Reference
    _printf_truncate_signed                   - Undefined Weak Reference
    _printf_truncate_unsigned                 - Undefined Weak Reference
    _rand_init                                - Undefined Weak Reference
    _signal_finish                            - Undefined Weak Reference
    _signal_init                              - Undefined Weak Reference
    _terminateio                              - Undefined Weak Reference
    __Vectors_Size                           0x000000ec   Number         0  startup_stm32f103xb.o ABSOLUTE
    __Vectors                                0x08000000   Data           4  startup_stm32f103xb.o(RESET)
    __Vectors_End                            0x080000ec   Data           0  startup_stm32f103xb.o(RESET)
    __main                                   0x080000ed   Thumb Code     8  __main.o(!!!main)
    __scatterload                            0x080000f5   Thumb Code     0  __scatter.o(!!!scatter)
    __scatterload_rt2                        0x080000f5   Thumb Code    84  __scatter.o(!!!scatter)
    __scatterload_rt2_thumb_only             0x080000f5   Thumb Code     0  __scatter.o(!!!scatter)
    __scatterload_loop                       0x080000ff   Thumb Code     0  __scatter.o(!!!scatter)
    __scatterload_copy                       0x08000151   Thumb Code    26  __scatter_copy.o(!!handler_copy)
    __scatterload_null                       0x0800016d   Thumb Code     2  __scatter.o(!!handler_null)
    __scatterload_zeroinit                   0x08000171   Thumb Code    28  __scatter_zi.o(!!handler_zi)
    _printf_f                                0x0800018d   Thumb Code     0  _printf_f.o(.ARM.Collect$$_printf_percent$$00000003)
    _printf_percent                          0x0800018d   Thumb Code     0  _printf_percent.o(.ARM.Collect$$_printf_percent$$00000000)
    _printf_d                                0x08000193   Thumb Code     0  _printf_d.o(.ARM.Collect$$_printf_percent$$00000009)
    _printf_percent_end                      0x08000199   Thumb Code     0  _printf_percent_end.o(.ARM.Collect$$_printf_percent$$00000017)
    __rt_lib_init                            0x0800019d   Thumb Code     0  libinit.o(.ARM.Collect$$libinit$$00000000)
    __rt_lib_init_fp_1                       0x0800019f   Thumb Code     0  libinit2.o(.ARM.Collect$$libinit$$00000002)
    __rt_lib_init_heap_2                     0x0800019f   Thumb Code     0  libinit2.o(.ARM.Collect$$libinit$$00000007)
    __rt_lib_init_preinit_1                  0x0800019f   Thumb Code     0  libinit2.o(.ARM.Collect$$libinit$$00000006)
    __rt_lib_init_relocate_pie_1             0x0800019f   Thumb Code     0  libinit2.o(.ARM.Collect$$libinit$$00000004)
    __rt_lib_init_heap_1                     0x080001a7   Thumb Code     0  libinit2.o(.ARM.Collect$$libinit$$0000000C)
    __rt_lib_init_lc_common                  0x080001a7   Thumb Code     0  libinit2.o(.ARM.Collect$$libinit$$00000011)
    __rt_lib_init_rand_1                     0x080001a7   Thumb Code     0  libinit2.o(.ARM.Collect$$libinit$$00000010)
    __rt_lib_init_user_alloc_1               0x080001a7   Thumb Code     0  libinit2.o(.ARM.Collect$$libinit$$0000000E)
    __rt_lib_init_lc_collate_1               0x080001ad   Thumb Code     0  libinit2.o(.ARM.Collect$$libinit$$00000013)
    __rt_lib_init_lc_ctype_1                 0x080001ad   Thumb Code     0  libinit2.o(.ARM.Collect$$libinit$$00000015)
    __rt_lib_init_lc_monetary_1              0x080001ad   Thumb Code     0  libinit2.o(.ARM.Collect$$libinit$$00000017)
    __rt_lib_init_lc_numeric_2               0x080001ad   Thumb Code     0  libinit2.o(.ARM.Collect$$libinit$$00000018)
    __rt_lib_init_alloca_1                   0x080001b7   Thumb Code     0  libinit2.o(.ARM.Collect$$libinit$$00000030)
    __rt_lib_init_argv_1                     0x080001b7   Thumb Code     0  libinit2.o(.ARM.Collect$$libinit$$0000002E)
    __rt_lib_init_atexit_1                   0x080001b7   Thumb Code     0  libinit2.o(.ARM.Collect$$libinit$$0000001D)
    __rt_lib_init_clock_1                    0x080001b7   Thumb Code     0  libinit2.o(.ARM.Collect$$libinit$$00000023)
    __rt_lib_init_cpp_1                      0x080001b7   Thumb Code     0  libinit2.o(.ARM.Collect$$libinit$$00000034)
    __rt_lib_init_exceptions_1               0x080001b7   Thumb Code     0  libinit2.o(.ARM.Collect$$libinit$$00000032)
    __rt_lib_init_fp_trap_1                  0x080001b7   Thumb Code     0  libinit2.o(.ARM.Collect$$libinit$$00000021)
    __rt_lib_init_getenv_1                   0x080001b7   Thumb Code     0  libinit2.o(.ARM.Collect$$libinit$$00000025)
    __rt_lib_init_lc_numeric_1               0x080001b7   Thumb Code     0  libinit2.o(.ARM.Collect$$libinit$$00000019)
    __rt_lib_init_lc_time_1                  0x080001b7   Thumb Code     0  libinit2.o(.ARM.Collect$$libinit$$0000001B)
    __rt_lib_init_return                     0x080001b7   Thumb Code     0  libinit2.o(.ARM.Collect$$libinit$$00000035)
    __rt_lib_init_signal_1                   0x080001b7   Thumb Code     0  libinit2.o(.ARM.Collect$$libinit$$0000001F)
    __rt_lib_init_stdio_1                    0x080001b7   Thumb Code     0  libinit2.o(.ARM.Collect$$libinit$$00000027)
    __rt_lib_shutdown                        0x080001b9   Thumb Code     0  libshutdown.o(.ARM.Collect$$libshutdown$$00000000)
    __rt_lib_shutdown_cpp_1                  0x080001bb   Thumb Code     0  libshutdown2.o(.ARM.Collect$$libshutdown$$00000002)
    __rt_lib_shutdown_fp_trap_1              0x080001bb   Thumb Code     0  libshutdown2.o(.ARM.Collect$$libshutdown$$00000007)
    __rt_lib_shutdown_heap_1                 0x080001bb   Thumb Code     0  libshutdown2.o(.ARM.Collect$$libshutdown$$0000000F)
    __rt_lib_shutdown_return                 0x080001bb   Thumb Code     0  libshutdown2.o(.ARM.Collect$$libshutdown$$00000010)
    __rt_lib_shutdown_signal_1               0x080001bb   Thumb Code     0  libshutdown2.o(.ARM.Collect$$libshutdown$$0000000A)
    __rt_lib_shutdown_stdio_1                0x080001bb   Thumb Code     0  libshutdown2.o(.ARM.Collect$$libshutdown$$00000004)
    __rt_lib_shutdown_user_alloc_1           0x080001bb   Thumb Code     0  libshutdown2.o(.ARM.Collect$$libshutdown$$0000000C)
    __rt_entry                               0x080001bd   Thumb Code     0  __rtentry.o(.ARM.Collect$$rtentry$$00000000)
    __rt_entry_presh_1                       0x080001bd   Thumb Code     0  __rtentry2.o(.ARM.Collect$$rtentry$$00000002)
    __rt_entry_sh                            0x080001bd   Thumb Code     0  __rtentry4.o(.ARM.Collect$$rtentry$$00000004)
    __rt_entry_li                            0x080001c3   Thumb Code     0  __rtentry2.o(.ARM.Collect$$rtentry$$0000000A)
    __rt_entry_postsh_1                      0x080001c3   Thumb Code     0  __rtentry2.o(.ARM.Collect$$rtentry$$00000009)
    __rt_entry_main                          0x080001c7   Thumb Code     0  __rtentry2.o(.ARM.Collect$$rtentry$$0000000D)
    __rt_entry_postli_1                      0x080001c7   Thumb Code     0  __rtentry2.o(.ARM.Collect$$rtentry$$0000000C)
    __rt_exit                                0x080001cf   Thumb Code     0  rtexit.o(.ARM.Collect$$rtexit$$00000000)
    __rt_exit_ls                             0x080001d1   Thumb Code     0  rtexit2.o(.ARM.Collect$$rtexit$$00000003)
    __rt_exit_prels_1                        0x080001d1   Thumb Code     0  rtexit2.o(.ARM.Collect$$rtexit$$00000002)
    __rt_exit_exit                           0x080001d5   Thumb Code     0  rtexit2.o(.ARM.Collect$$rtexit$$00000004)
    Reset_Handler                            0x080001dd   Thumb Code     8  startup_stm32f103xb.o(.text)
    ADC1_2_IRQHandler                        0x080001f7   Thumb Code     0  startup_stm32f103xb.o(.text)
    CAN1_RX1_IRQHandler                      0x080001f7   Thumb Code     0  startup_stm32f103xb.o(.text)
    CAN1_SCE_IRQHandler                      0x080001f7   Thumb Code     0  startup_stm32f103xb.o(.text)
    DMA1_Channel1_IRQHandler                 0x080001f7   Thumb Code     0  startup_stm32f103xb.o(.text)
    DMA1_Channel2_IRQHandler                 0x080001f7   Thumb Code     0  startup_stm32f103xb.o(.text)
    DMA1_Channel3_IRQHandler                 0x080001f7   Thumb Code     0  startup_stm32f103xb.o(.text)
    DMA1_Channel4_IRQHandler                 0x080001f7   Thumb Code     0  startup_stm32f103xb.o(.text)
    DMA1_Channel5_IRQHandler                 0x080001f7   Thumb Code     0  startup_stm32f103xb.o(.text)
    DMA1_Channel6_IRQHandler                 0x080001f7   Thumb Code     0  startup_stm32f103xb.o(.text)
    DMA1_Channel7_IRQHandler                 0x080001f7   Thumb Code     0  startup_stm32f103xb.o(.text)
    EXTI2_IRQHandler                         0x080001f7   Thumb Code     0  startup_stm32f103xb.o(.text)
    EXTI3_IRQHandler                         0x080001f7   Thumb Code     0  startup_stm32f103xb.o(.text)
    EXTI4_IRQHandler                         0x080001f7   Thumb Code     0  startup_stm32f103xb.o(.text)
    EXTI9_5_IRQHandler                       0x080001f7   Thumb Code     0  startup_stm32f103xb.o(.text)
    FLASH_IRQHandler                         0x080001f7   Thumb Code     0  startup_stm32f103xb.o(.text)
    I2C1_ER_IRQHandler                       0x080001f7   Thumb Code     0  startup_stm32f103xb.o(.text)
    I2C1_EV_IRQHandler                       0x080001f7   Thumb Code     0  startup_stm32f103xb.o(.text)
    I2C2_ER_IRQHandler                       0x080001f7   Thumb Code     0  startup_stm32f103xb.o(.text)
    I2C2_EV_IRQHandler                       0x080001f7   Thumb Code     0  startup_stm32f103xb.o(.text)
    PVD_IRQHandler                           0x080001f7   Thumb Code     0  startup_stm32f103xb.o(.text)
    RCC_IRQHandler                           0x080001f7   Thumb Code     0  startup_stm32f103xb.o(.text)
    RTC_Alarm_IRQHandler                     0x080001f7   Thumb Code     0  startup_stm32f103xb.o(.text)
    RTC_IRQHandler                           0x080001f7   Thumb Code     0  startup_stm32f103xb.o(.text)
    SPI2_IRQHandler                          0x080001f7   Thumb Code     0  startup_stm32f103xb.o(.text)
    TAMPER_IRQHandler                        0x080001f7   Thumb Code     0  startup_stm32f103xb.o(.text)
    TIM1_BRK_IRQHandler                      0x080001f7   Thumb Code     0  startup_stm32f103xb.o(.text)
    TIM1_TRG_COM_IRQHandler                  0x080001f7   Thumb Code     0  startup_stm32f103xb.o(.text)
    TIM3_IRQHandler                          0x080001f7   Thumb Code     0  startup_stm32f103xb.o(.text)
    USART1_IRQHandler                        0x080001f7   Thumb Code     0  startup_stm32f103xb.o(.text)
    USART2_IRQHandler                        0x080001f7   Thumb Code     0  startup_stm32f103xb.o(.text)
    USART3_IRQHandler                        0x080001f7   Thumb Code     0  startup_stm32f103xb.o(.text)
    USBWakeUp_IRQHandler                     0x080001f7   Thumb Code     0  startup_stm32f103xb.o(.text)
    USB_HP_CAN1_TX_IRQHandler                0x080001f7   Thumb Code     0  startup_stm32f103xb.o(.text)
    USB_LP_CAN1_RX0_IRQHandler               0x080001f7   Thumb Code     0  startup_stm32f103xb.o(.text)
    WWDG_IRQHandler                          0x080001f7   Thumb Code     0  startup_stm32f103xb.o(.text)
    __user_initial_stackheap                 0x080001f9   Thumb Code     0  startup_stm32f103xb.o(.text)
    malloc                                   0x0800021d   Thumb Code    94  h1_alloc.o(.text)
    free                                     0x0800027b   Thumb Code    78  h1_free.o(.text)
    __2sprintf                               0x080002c9   Thumb Code    34  noretval__2sprintf.o(.text)
    _printf_pre_padding                      0x080002f1   Thumb Code    44  _printf_pad.o(.text)
    _printf_post_padding                     0x0800031d   Thumb Code    34  _printf_pad.o(.text)
    _printf_int_dec                          0x08000341   Thumb Code   104  _printf_dec.o(.text)
    __printf                                 0x080003b9   Thumb Code   308  __printf_flags_wp.o(.text)
    __aeabi_memclr                           0x080004f1   Thumb Code     0  rt_memclr.o(.text)
    __rt_memclr                              0x080004f1   Thumb Code     0  rt_memclr.o(.text)
    _memset                                  0x080004f5   Thumb Code    64  rt_memclr.o(.text)
    __aeabi_memclr4                          0x08000535   Thumb Code     0  rt_memclr_w.o(.text)
    __aeabi_memclr8                          0x08000535   Thumb Code     0  rt_memclr_w.o(.text)
    __rt_memclr_w                            0x08000535   Thumb Code     0  rt_memclr_w.o(.text)
    _memset_w                                0x08000539   Thumb Code    74  rt_memclr_w.o(.text)
    __use_two_region_memory                  0x08000583   Thumb Code     2  heapauxi.o(.text)
    __rt_heap_escrow                         0x08000585   Thumb Code     2  heapauxi.o(.text)
    __rt_heap_expand                         0x08000587   Thumb Code     2  heapauxi.o(.text)
    __rt_heap_descriptor                     0x08000589   Thumb Code     8  rt_heap_descriptor_intlibspace.o(.text)
    __use_no_heap                            0x08000591   Thumb Code     2  hguard.o(.text)
    __heap$guard                             0x08000593   Thumb Code     2  hguard.o(.text)
    _terminate_user_alloc                    0x08000595   Thumb Code     2  init_alloc.o(.text)
    _init_user_alloc                         0x08000597   Thumb Code     2  init_alloc.o(.text)
    __Heap_Full                              0x08000599   Thumb Code    34  init_alloc.o(.text)
    __Heap_Broken                            0x080005bb   Thumb Code     6  init_alloc.o(.text)
    _init_alloc                              0x080005c1   Thumb Code    94  init_alloc.o(.text)
    __Heap_Initialize                        0x0800061f   Thumb Code     8  h1_init.o(.text)
    __Heap_DescSize                          0x08000627   Thumb Code     4  h1_init.o(.text)
    __read_errno                             0x0800062b   Thumb Code    10  _rserrno.o(.text)
    __set_errno                              0x08000635   Thumb Code    12  _rserrno.o(.text)
    _printf_int_common                       0x08000641   Thumb Code   178  _printf_intcommon.o(.text)
    _printf_fp_dec_real                      0x080008a3   Thumb Code   620  _printf_fp_dec.o(.text)
    _printf_char_common                      0x08000b1b   Thumb Code    32  _printf_char_common.o(.text)
    _sputc                                   0x08000b41   Thumb Code    10  _sputc.o(.text)
    __user_libspace                          0x08000b4d   Thumb Code     8  libspace.o(.text)
    __user_perproc_libspace                  0x08000b4d   Thumb Code     0  libspace.o(.text)
    __user_perthread_libspace                0x08000b4d   Thumb Code     0  libspace.o(.text)
    __rt_locale                              0x08000b55   Thumb Code     8  rt_locale_intlibspace.o(.text)
    __aeabi_errno_addr                       0x08000b5d   Thumb Code     8  rt_errno_addr_intlibspace.o(.text)
    __errno$intlibspace                      0x08000b5d   Thumb Code     0  rt_errno_addr_intlibspace.o(.text)
    __rt_errno_addr$intlibspace              0x08000b5d   Thumb Code     0  rt_errno_addr_intlibspace.o(.text)
    __Heap_ProvideMemory                     0x08000b65   Thumb Code    52  h1_extend.o(.text)
    _maybe_terminate_alloc                   0x08000b65   Thumb Code     0  maybetermalloc1.o(.text)
    _ll_udiv10                               0x08000b99   Thumb Code   138  lludiv10.o(.text)
    _printf_fp_infnan                        0x08000c25   Thumb Code   112  _printf_fp_infnan.o(.text)
    _btod_etento                             0x08000ca5   Thumb Code   224  bigflt0.o(.text)
    __rt_SIGRTMEM                            0x08000d89   Thumb Code    14  defsig_rtmem_outer.o(.text)
    __I$use$semihosting                      0x08000d97   Thumb Code     0  use_no_semi.o(.text)
    __use_no_semihosting_swi                 0x08000d97   Thumb Code     2  use_no_semi.o(.text)
    __semihosting_library_function           0x08000d99   Thumb Code     0  indicate_semi.o(.text)
    __user_setup_stackheap                   0x08000d99   Thumb Code    74  sys_stackheap_outer.o(.text)
    exit                                     0x08000de3   Thumb Code    18  exit.o(.text)
    __sig_exit                               0x08000df5   Thumb Code    10  defsig_exit.o(.text)
    __rt_SIGRTMEM_inner                      0x08000e01   Thumb Code    22  defsig_rtmem_inner.o(.text)
    strcmp                                   0x08000e51   Thumb Code   128  strcmpv7m.o(.text)
    _sys_exit                                0x08000ed1   Thumb Code     8  sys_exit.o(.text)
    __default_signal_display                 0x08000edd   Thumb Code    50  defsig_general.o(.text)
    _ttywrch                                 0x08000f0f   Thumb Code    14  sys_wrch.o(.text)
    BusFault_Handler                         0x08000f1d   Thumb Code     2  stm32f1xx_it.o(.text.BusFault_Handler)
    DebugMon_Handler                         0x08000f21   Thumb Code     2  stm32f1xx_it.o(.text.DebugMon_Handler)
    EXTI0_IRQHandler                         0x08000f25   Thumb Code     6  stm32f1xx_it.o(.text.EXTI0_IRQHandler)
    EXTI15_10_IRQHandler                     0x08000f2d   Thumb Code     8  stm32f1xx_it.o(.text.EXTI15_10_IRQHandler)
    EXTI1_IRQHandler                         0x08000f35   Thumb Code     6  stm32f1xx_it.o(.text.EXTI1_IRQHandler)
    Error_Handler                            0x08000f3d   Thumb Code    10  main.o(.text.Error_Handler)
    FLASH_WaitForLastOperation               0x08000f49   Thumb Code   224  stm32f1xx_hal_flash.o(.text.FLASH_WaitForLastOperation)
    HAL_DMA_Abort_IT                         0x08001029   Thumb Code   180  stm32f1xx_hal_dma.o(.text.HAL_DMA_Abort_IT)
    HAL_Delay                                0x080010dd   Thumb Code    40  stm32f1xx_hal.o(.text.HAL_Delay)
    HAL_FLASHEx_Erase                        0x08001105   Thumb Code   238  stm32f1xx_hal_flash_ex.o(.text.HAL_FLASHEx_Erase)
    HAL_FLASH_Lock                           0x080011f5   Thumb Code    20  stm32f1xx_hal_flash.o(.text.HAL_FLASH_Lock)
    HAL_FLASH_Program                        0x08001209   Thumb Code   172  stm32f1xx_hal_flash.o(.text.HAL_FLASH_Program)
    HAL_FLASH_Unlock                         0x080012b5   Thumb Code    46  stm32f1xx_hal_flash.o(.text.HAL_FLASH_Unlock)
    HAL_GPIO_EXTI_Callback                   0x080012e5   Thumb Code   136  main.o(.text.HAL_GPIO_EXTI_Callback)
    HAL_GPIO_EXTI_IRQHandler                 0x0800136d   Thumb Code    22  stm32f1xx_hal_gpio.o(.text.HAL_GPIO_EXTI_IRQHandler)
    HAL_GPIO_Init                            0x08001385   Thumb Code   526  stm32f1xx_hal_gpio.o(.text.HAL_GPIO_Init)
    HAL_GPIO_ReadPin                         0x08001595   Thumb Code    10  stm32f1xx_hal_gpio.o(.text.HAL_GPIO_ReadPin)
    HAL_GPIO_WritePin                        0x080015a1   Thumb Code    10  stm32f1xx_hal_gpio.o(.text.HAL_GPIO_WritePin)
    HAL_GetTick                              0x080015ad   Thumb Code    12  stm32f1xx_hal.o(.text.HAL_GetTick)
    HAL_I2C_Init                             0x080015b9   Thumb Code   356  stm32f1xx_hal_i2c.o(.text.HAL_I2C_Init)
    HAL_I2C_IsDeviceReady                    0x0800171d   Thumb Code   530  stm32f1xx_hal_i2c.o(.text.HAL_I2C_IsDeviceReady)
    HAL_I2C_Mem_Read                         0x08001931   Thumb Code   838  stm32f1xx_hal_i2c.o(.text.HAL_I2C_Mem_Read)
    HAL_I2C_Mem_Write                        0x08001c79   Thumb Code   348  stm32f1xx_hal_i2c.o(.text.HAL_I2C_Mem_Write)
    HAL_I2C_MspInit                          0x08001dd5   Thumb Code    98  i2c.o(.text.HAL_I2C_MspInit)
    HAL_IncTick                              0x08001e39   Thumb Code    26  stm32f1xx_hal.o(.text.HAL_IncTick)
    HAL_Init                                 0x08001e55   Thumb Code    38  stm32f1xx_hal.o(.text.HAL_Init)
    HAL_InitTick                             0x08001e7d   Thumb Code    72  stm32f1xx_hal.o(.text.HAL_InitTick)
    HAL_MspInit                              0x08001ec5   Thumb Code    66  stm32f1xx_hal_msp.o(.text.HAL_MspInit)
    HAL_NVIC_EnableIRQ                       0x08001f09   Thumb Code    34  stm32f1xx_hal_cortex.o(.text.HAL_NVIC_EnableIRQ)
    HAL_NVIC_SetPriority                     0x08001f2d   Thumb Code    86  stm32f1xx_hal_cortex.o(.text.HAL_NVIC_SetPriority)
    HAL_NVIC_SetPriorityGrouping             0x08001f85   Thumb Code    32  stm32f1xx_hal_cortex.o(.text.HAL_NVIC_SetPriorityGrouping)
    HAL_PWR_EnableBkUpAccess                 0x08001fa5   Thumb Code    12  stm32f1xx_hal_pwr.o(.text.HAL_PWR_EnableBkUpAccess)
    HAL_RCCEx_GetPeriphCLKFreq               0x08001fb1   Thumb Code   228  stm32f1xx_hal_rcc_ex.o(.text.HAL_RCCEx_GetPeriphCLKFreq)
    HAL_RCCEx_PeriphCLKConfig                0x080020a9   Thumb Code   258  stm32f1xx_hal_rcc_ex.o(.text.HAL_RCCEx_PeriphCLKConfig)
    HAL_RCC_ClockConfig                      0x080021ad   Thumb Code   450  stm32f1xx_hal_rcc.o(.text.HAL_RCC_ClockConfig)
    HAL_RCC_GetPCLK1Freq                     0x08002371   Thumb Code    38  stm32f1xx_hal_rcc.o(.text.HAL_RCC_GetPCLK1Freq)
    HAL_RCC_GetPCLK2Freq                     0x08002399   Thumb Code    38  stm32f1xx_hal_rcc.o(.text.HAL_RCC_GetPCLK2Freq)
    HAL_RCC_OscConfig                        0x080023c1   Thumb Code  1024  stm32f1xx_hal_rcc.o(.text.HAL_RCC_OscConfig)
    HAL_RTC_Init                             0x080027c1   Thumb Code   244  stm32f1xx_hal_rtc.o(.text.HAL_RTC_Init)
    HAL_RTC_MspInit                          0x080028b5   Thumb Code    70  rtc.o(.text.HAL_RTC_MspInit)
    HAL_SPI_ErrorCallback                    0x080028fd   Thumb Code     2  stm32f1xx_hal_spi.o(.text.HAL_SPI_ErrorCallback)
    HAL_SPI_IRQHandler                       0x08002901   Thumb Code   268  stm32f1xx_hal_spi.o(.text.HAL_SPI_IRQHandler)
    HAL_SPI_Init                             0x08002a0d   Thumb Code   172  stm32f1xx_hal_spi.o(.text.HAL_SPI_Init)
    HAL_SPI_MspInit                          0x08002ab9   Thumb Code   114  spi.o(.text.HAL_SPI_MspInit)
    HAL_SPI_Transmit                         0x08002b2d   Thumb Code   504  stm32f1xx_hal_spi.o(.text.HAL_SPI_Transmit)
    HAL_SYSTICK_Config                       0x08002d25   Thumb Code    44  stm32f1xx_hal_cortex.o(.text.HAL_SYSTICK_Config)
    HAL_TIMEx_BreakCallback                  0x08002d51   Thumb Code     2  stm32f1xx_hal_tim_ex.o(.text.HAL_TIMEx_BreakCallback)
    HAL_TIMEx_CommutCallback                 0x08002d55   Thumb Code     2  stm32f1xx_hal_tim_ex.o(.text.HAL_TIMEx_CommutCallback)
    HAL_TIMEx_MasterConfigSynchronization    0x08002d59   Thumb Code   126  stm32f1xx_hal_tim_ex.o(.text.HAL_TIMEx_MasterConfigSynchronization)
    HAL_TIM_Base_Init                        0x08002dd9   Thumb Code   236  stm32f1xx_hal_tim.o(.text.HAL_TIM_Base_Init)
    HAL_TIM_Base_MspInit                     0x08002ec5   Thumb Code   312  tim.o(.text.HAL_TIM_Base_MspInit)
    HAL_TIM_Base_Start_IT                    0x08002ffd   Thumb Code   110  stm32f1xx_hal_tim.o(.text.HAL_TIM_Base_Start_IT)
    HAL_TIM_Base_Stop_IT                     0x0800306d   Thumb Code    60  stm32f1xx_hal_tim.o(.text.HAL_TIM_Base_Stop_IT)
    HAL_TIM_ConfigClockSource                0x080030a9   Thumb Code   416  stm32f1xx_hal_tim.o(.text.HAL_TIM_ConfigClockSource)
    HAL_TIM_IC_CaptureCallback               0x08003249   Thumb Code   206  function.o(.text.HAL_TIM_IC_CaptureCallback)
    HAL_TIM_IC_ConfigChannel                 0x08003319   Thumb Code   386  stm32f1xx_hal_tim.o(.text.HAL_TIM_IC_ConfigChannel)
    HAL_TIM_IC_Init                          0x0800349d   Thumb Code   236  stm32f1xx_hal_tim.o(.text.HAL_TIM_IC_Init)
    HAL_TIM_IC_MspInit                       0x08003589   Thumb Code     2  stm32f1xx_hal_tim.o(.text.HAL_TIM_IC_MspInit)
    HAL_TIM_IC_Start_IT                      0x0800358d   Thumb Code   300  stm32f1xx_hal_tim.o(.text.HAL_TIM_IC_Start_IT)
    HAL_TIM_IRQHandler                       0x080036b9   Thumb Code   368  stm32f1xx_hal_tim.o(.text.HAL_TIM_IRQHandler)
    HAL_TIM_OC_DelayElapsedCallback          0x08003829   Thumb Code     2  stm32f1xx_hal_tim.o(.text.HAL_TIM_OC_DelayElapsedCallback)
    HAL_TIM_PWM_ConfigChannel                0x0800382d   Thumb Code   510  stm32f1xx_hal_tim.o(.text.HAL_TIM_PWM_ConfigChannel)
    HAL_TIM_PWM_Init                         0x08003a2d   Thumb Code   236  stm32f1xx_hal_tim.o(.text.HAL_TIM_PWM_Init)
    HAL_TIM_PWM_MspInit                      0x08003b19   Thumb Code     2  stm32f1xx_hal_tim.o(.text.HAL_TIM_PWM_MspInit)
    HAL_TIM_PWM_PulseFinishedCallback        0x08003b1d   Thumb Code     2  stm32f1xx_hal_tim.o(.text.HAL_TIM_PWM_PulseFinishedCallback)
    HAL_TIM_PWM_Start                        0x08003b21   Thumb Code   218  stm32f1xx_hal_tim.o(.text.HAL_TIM_PWM_Start)
    HAL_TIM_PeriodElapsedCallback            0x08003bfd   Thumb Code   448  function.o(.text.HAL_TIM_PeriodElapsedCallback)
    HAL_TIM_ReadCapturedValue                0x08003dbd   Thumb Code    52  stm32f1xx_hal_tim.o(.text.HAL_TIM_ReadCapturedValue)
    HAL_TIM_TriggerCallback                  0x08003df1   Thumb Code     2  stm32f1xx_hal_tim.o(.text.HAL_TIM_TriggerCallback)
    HardFault_Handler                        0x08003df5   Thumb Code     2  stm32f1xx_it.o(.text.HardFault_Handler)
    INA219_Init                              0x08004481   Thumb Code   172  ina219.o(.text.INA219_Init)
    INA219_ReadBusVoltage                    0x0800452d   Thumb Code    52  ina219.o(.text.INA219_ReadBusVoltage)
    INA219_ReadCurrent_mA                    0x08004561   Thumb Code    60  ina219.o(.text.INA219_ReadCurrent_mA)
    LCD_Address_Set                          0x0800459d   Thumb Code   532  lcd_init.o(.text.LCD_Address_Set)
    LCD_DrawLine                             0x080047b1   Thumb Code   158  lcd.o(.text.LCD_DrawLine)
    LCD_DrawPoint                            0x08004851   Thumb Code    22  lcd.o(.text.LCD_DrawPoint)
    LCD_DrawRoundRectangle_DMA               0x08004869   Thumb Code  1078  lcd.o(.text.LCD_DrawRoundRectangle_DMA)
    LCD_Fill                                 0x08004ca1   Thumb Code   214  lcd.o(.text.LCD_Fill)
    LCD_Init                                 0x08004d79   Thumb Code  2928  lcd_init.o(.text.LCD_Init)
    LCD_ShowChar                             0x080058e9   Thumb Code   884  lcd.o(.text.LCD_ShowChar)
    LCD_ShowString                           0x08005c5d   Thumb Code    70  lcd.o(.text.LCD_ShowString)
    LCD_WR_DATA                              0x08005ca5   Thumb Code   104  lcd_init.o(.text.LCD_WR_DATA)
    Load_Para                                0x08005d0d   Thumb Code    30  function.o(.text.Load_Para)
    MX_GPIO_Init                             0x08005d2d   Thumb Code   250  gpio.o(.text.MX_GPIO_Init)
    MX_I2C1_Init                             0x08005e29   Thumb Code    66  i2c.o(.text.MX_I2C1_Init)
    MX_RTC_Init                              0x08005e6d   Thumb Code    48  rtc.o(.text.MX_RTC_Init)
    MX_SPI1_Init                             0x08005e9d   Thumb Code    78  spi.o(.text.MX_SPI1_Init)
    MX_TIM1_Init                             0x08005eed   Thumb Code   194  tim.o(.text.MX_TIM1_Init)
    MX_TIM2_Init                             0x08005fb1   Thumb Code   114  tim.o(.text.MX_TIM2_Init)
    MX_TIM3_Init                             0x08006025   Thumb Code   286  tim.o(.text.MX_TIM3_Init)
    MX_TIM4_Init                             0x08006145   Thumb Code   120  tim.o(.text.MX_TIM4_Init)
    MemManage_Handler                        0x080061bd   Thumb Code     2  stm32f1xx_it.o(.text.MemManage_Handler)
    NMI_Handler                              0x080061c1   Thumb Code     2  stm32f1xx_it.o(.text.NMI_Handler)
    PendSV_Handler                           0x080061c5   Thumb Code     2  stm32f1xx_it.o(.text.PendSV_Handler)
    SPI1_IRQHandler                          0x080061c9   Thumb Code    12  stm32f1xx_it.o(.text.SPI1_IRQHandler)
    SVC_Handler                              0x080062c5   Thumb Code     2  stm32f1xx_it.o(.text.SVC_Handler)
    Save_Para                                0x080062c9   Thumb Code   118  function.o(.text.Save_Para)
    SysTick_Handler                          0x08006341   Thumb Code     4  stm32f1xx_it.o(.text.SysTick_Handler)
    SystemInit                               0x08006345   Thumb Code     2  system_stm32f1xx.o(.text.SystemInit)
    TIM1_CC_IRQHandler                       0x08006349   Thumb Code    12  stm32f1xx_it.o(.text.TIM1_CC_IRQHandler)
    TIM1_UP_IRQHandler                       0x08006355   Thumb Code    12  stm32f1xx_it.o(.text.TIM1_UP_IRQHandler)
    TIM2_IRQHandler                          0x08006361   Thumb Code    12  stm32f1xx_it.o(.text.TIM2_IRQHandler)
    TIM4_IRQHandler                          0x0800636d   Thumb Code    12  stm32f1xx_it.o(.text.TIM4_IRQHandler)
    Timer_Event                              0x08006379   Thumb Code    52  function.o(.text.Timer_Event)
    Timer_Event_Stop                         0x080063ad   Thumb Code    12  function.o(.text.Timer_Event_Stop)
    Toggle_Output                            0x080063b9   Thumb Code    72  main.o(.text.Toggle_Output)
    UsageFault_Handler                       0x08006401   Thumb Code     2  stm32f1xx_it.o(.text.UsageFault_Handler)
    Value_plus                               0x08006405   Thumb Code   106  main.o(.text.Value_plus)
    Value_sub                                0x08006471   Thumb Code   104  main.o(.text.Value_sub)
    check_current                            0x080064d9   Thumb Code   196  function.o(.text.check_current)
    get_pid                                  0x0800659d   Thumb Code    12  function.o(.text.get_pid)
    load_ui                                  0x080065a9   Thumb Code   580  function.o(.text.load_ui)
    main                                     0x08006815   Thumb Code   406  main.o(.text.main)
    pwm_out                                  0x080069ad   Thumb Code    74  function.o(.text.pwm_out)
    refresh_info                             0x080069f9   Thumb Code   496  function.o(.text.refresh_info)
    reload_word                              0x08006c05   Thumb Code   138  function.o(.text.reload_word)
    show_duty                                0x08006c91   Thumb Code   250  function.o(.text.show_duty)
    system_init                              0x08006d8d   Thumb Code    82  function.o(.text.system_init)
    _btod_d2e                                0x08006ddf   Thumb Code    62  btod.o(CL$$btod_d2e)
    _d2e_denorm_low                          0x08006e1d   Thumb Code    70  btod.o(CL$$btod_d2e_denorm_low)
    _d2e_norm_op1                            0x08006e63   Thumb Code    96  btod.o(CL$$btod_d2e_norm_op1)
    __btod_div_common                        0x08006ec5   Thumb Code   696  btod.o(CL$$btod_div_common)
    _e2e                                     0x080071fd   Thumb Code   220  btod.o(CL$$btod_e2e)
    _btod_ediv                               0x080072d9   Thumb Code    42  btod.o(CL$$btod_ediv)
    _btod_emul                               0x08007303   Thumb Code    42  btod.o(CL$$btod_emul)
    __btod_mult_common                       0x0800732d   Thumb Code   580  btod.o(CL$$btod_mult_common)
    __ARM_fpclassify                         0x08007571   Thumb Code    40  fpclassify.o(i.__ARM_fpclassify)
    _is_digit                                0x08007599   Thumb Code    14  __printf_wp.o(i._is_digit)
    sqrt                                     0x080075a7   Thumb Code    76  sqrt.o(i.sqrt)
    _get_lc_numeric                          0x080075f5   Thumb Code    44  lc_numeric_c.o(locale$$code)
    __aeabi_dadd                             0x08007621   Thumb Code     0  daddsub_clz.o(x$fpl$dadd)
    _dadd                                    0x08007621   Thumb Code   332  daddsub_clz.o(x$fpl$dadd)
    __fpl_dcmp_Inf                           0x08007771   Thumb Code    24  dcmpi.o(x$fpl$dcmpinf)
    __aeabi_cdcmpeq                          0x08007789   Thumb Code     0  deqf.o(x$fpl$deqf)
    _dcmpeq                                  0x08007789   Thumb Code   120  deqf.o(x$fpl$deqf)
    __aeabi_d2iz                             0x08007801   Thumb Code     0  dfix.o(x$fpl$dfix)
    _dfix                                    0x08007801   Thumb Code    94  dfix.o(x$fpl$dfix)
    __aeabi_i2d                              0x0800785f   Thumb Code     0  dflt_clz.o(x$fpl$dflt)
    _dflt                                    0x0800785f   Thumb Code    46  dflt_clz.o(x$fpl$dflt)
    __aeabi_ui2d                             0x0800788d   Thumb Code     0  dflt_clz.o(x$fpl$dfltu)
    _dfltu                                   0x0800788d   Thumb Code    38  dflt_clz.o(x$fpl$dfltu)
    __aeabi_cdcmpge                          0x080078b5   Thumb Code     0  dgeqf.o(x$fpl$dgeqf)
    _dcmpge                                  0x080078b5   Thumb Code   120  dgeqf.o(x$fpl$dgeqf)
    __aeabi_cdcmple                          0x0800792d   Thumb Code     0  dleqf.o(x$fpl$dleqf)
    _dcmple                                  0x0800792d   Thumb Code   120  dleqf.o(x$fpl$dleqf)
    __fpl_dcmple_InfNaN                      0x0800798f   Thumb Code     0  dleqf.o(x$fpl$dleqf)
    __aeabi_dmul                             0x080079a5   Thumb Code     0  dmul.o(x$fpl$dmul)
    _dmul                                    0x080079a5   Thumb Code   332  dmul.o(x$fpl$dmul)
    __fpl_dnaninf                            0x08007af9   Thumb Code   156  dnaninf.o(x$fpl$dnaninf)
    __fpl_dretinf                            0x08007b95   Thumb Code    12  dretinf.o(x$fpl$dretinf)
    _dsqrt                                   0x08007ba1   Thumb Code   456  dsqrt_noumaal.o(x$fpl$dsqrt)
    __aeabi_dsub                             0x08007d6d   Thumb Code     0  daddsub_clz.o(x$fpl$dsub)
    _dsub                                    0x08007d6d   Thumb Code   472  daddsub_clz.o(x$fpl$dsub)
    __aeabi_f2d                              0x08007f49   Thumb Code     0  f2d.o(x$fpl$f2d)
    _f2d                                     0x08007f49   Thumb Code    86  f2d.o(x$fpl$f2d)
    __aeabi_fadd                             0x08007fa1   Thumb Code     0  faddsub_clz.o(x$fpl$fadd)
    _fadd                                    0x08007fa1   Thumb Code   196  faddsub_clz.o(x$fpl$fadd)
    __aeabi_dcmpeq                           0x08008065   Thumb Code     0  dcmp.o(x$fpl$fcmp)
    _deq                                     0x08008065   Thumb Code    14  dcmp.o(x$fpl$fcmp)
    _dneq                                    0x08008073   Thumb Code    14  dcmp.o(x$fpl$fcmp)
    __aeabi_dcmpgt                           0x08008081   Thumb Code     0  dcmp.o(x$fpl$fcmp)
    _dgr                                     0x08008081   Thumb Code    14  dcmp.o(x$fpl$fcmp)
    __aeabi_dcmpge                           0x0800808f   Thumb Code     0  dcmp.o(x$fpl$fcmp)
    _dgeq                                    0x0800808f   Thumb Code    14  dcmp.o(x$fpl$fcmp)
    __aeabi_dcmple                           0x0800809d   Thumb Code     0  dcmp.o(x$fpl$fcmp)
    _dleq                                    0x0800809d   Thumb Code    14  dcmp.o(x$fpl$fcmp)
    __aeabi_dcmplt                           0x080080ab   Thumb Code     0  dcmp.o(x$fpl$fcmp)
    _dls                                     0x080080ab   Thumb Code    14  dcmp.o(x$fpl$fcmp)
    __aeabi_fcmpeq                           0x080080b9   Thumb Code     0  fcmp.o(x$fpl$fcmp)
    _feq                                     0x080080b9   Thumb Code    14  fcmp.o(x$fpl$fcmp)
    _fneq                                    0x080080c7   Thumb Code    14  fcmp.o(x$fpl$fcmp)
    __aeabi_fcmpgt                           0x080080d5   Thumb Code     0  fcmp.o(x$fpl$fcmp)
    _fgr                                     0x080080d5   Thumb Code    14  fcmp.o(x$fpl$fcmp)
    __aeabi_fcmpge                           0x080080e3   Thumb Code     0  fcmp.o(x$fpl$fcmp)
    _fgeq                                    0x080080e3   Thumb Code    14  fcmp.o(x$fpl$fcmp)
    __aeabi_fcmple                           0x080080f1   Thumb Code     0  fcmp.o(x$fpl$fcmp)
    _fleq                                    0x080080f1   Thumb Code    14  fcmp.o(x$fpl$fcmp)
    __aeabi_fcmplt                           0x080080ff   Thumb Code     0  fcmp.o(x$fpl$fcmp)
    _fls                                     0x080080ff   Thumb Code    14  fcmp.o(x$fpl$fcmp)
    __fpl_fcmp_Inf                           0x0800810d   Thumb Code    24  fcmpi.o(x$fpl$fcmpinf)
    __aeabi_fdiv                             0x08008125   Thumb Code     0  fdiv.o(x$fpl$fdiv)
    _fdiv                                    0x08008125   Thumb Code   384  fdiv.o(x$fpl$fdiv)
    __aeabi_cfcmpeq                          0x080082a9   Thumb Code     0  feqf.o(x$fpl$feqf)
    _fcmpeq                                  0x080082a9   Thumb Code   104  feqf.o(x$fpl$feqf)
    __aeabi_f2iz                             0x08008311   Thumb Code     0  ffix.o(x$fpl$ffix)
    _ffix                                    0x08008311   Thumb Code    54  ffix.o(x$fpl$ffix)
    __aeabi_i2f                              0x08008349   Thumb Code     0  fflt_clz.o(x$fpl$fflt)
    _fflt                                    0x08008349   Thumb Code    48  fflt_clz.o(x$fpl$fflt)
    __aeabi_ui2f                             0x08008379   Thumb Code     0  fflt_clz.o(x$fpl$ffltu)
    _ffltu                                   0x08008379   Thumb Code    38  fflt_clz.o(x$fpl$ffltu)
    _fcmpge                                  0x080083a1   Thumb Code   104  fgeqf.o(x$fpl$fgeqf)
    __aeabi_cfcmple                          0x08008409   Thumb Code     0  fleqf.o(x$fpl$fleqf)
    _fcmple                                  0x08008409   Thumb Code   104  fleqf.o(x$fpl$fleqf)
    __fpl_fcmple_InfNaN                      0x0800845b   Thumb Code     0  fleqf.o(x$fpl$fleqf)
    __aeabi_fmul                             0x08008471   Thumb Code     0  fmul.o(x$fpl$fmul)
    _fmul                                    0x08008471   Thumb Code   258  fmul.o(x$fpl$fmul)
    __fpl_fnaninf                            0x08008573   Thumb Code   140  fnaninf.o(x$fpl$fnaninf)
    __fpl_fretinf                            0x080085ff   Thumb Code    10  fretinf.o(x$fpl$fretinf)
    __aeabi_fsub                             0x08008609   Thumb Code     0  faddsub_clz.o(x$fpl$fsub)
    _fsub                                    0x08008609   Thumb Code   234  faddsub_clz.o(x$fpl$fsub)
    _printf_fp_dec                           0x080086f3   Thumb Code     4  printf1.o(x$fpl$printf1)
    __I$use$fp                               0x080086f6   Number         0  usenofp.o(x$fpl$usenofp)
    AHBPrescTable                            0x0800879c   Data          16  system_stm32f1xx.o(.rodata.AHBPrescTable)
    APBPrescTable                            0x080087ac   Data           8  system_stm32f1xx.o(.rodata.APBPrescTable)
    ascii_1206                               0x080087b6   Data        1140  lcd.o(.rodata.ascii_1206)
    ascii_1608                               0x08008c2a   Data        1520  lcd.o(.rodata.ascii_1608)
    ascii_2412                               0x0800921a   Data        4560  lcd.o(.rodata.ascii_2412)
    ascii_3216                               0x0800a3ea   Data        6080  lcd.o(.rodata.ascii_3216)
    Region$$Table$$Base                      0x0800bc08   Number         0  anon$$obj.o(Region$$Table)
    Region$$Table$$Limit                     0x0800bc28   Number         0  anon$$obj.o(Region$$Table)
    Color                                    0x20000004   Data           8  main.o(.data..L_MergedGlobals)
    info                                     0x2000000c   Data          28  main.o(.data..L_MergedGlobals)
    uwTickFreq                               0x20000028   Data           1  stm32f1xx_hal.o(.data..L_MergedGlobals)
    uwTickPrio                               0x2000002c   Data           4  stm32f1xx_hal.o(.data..L_MergedGlobals)
    capture_cnt                              0x20000030   Data           1  function.o(.data..L_MergedGlobals)
    mode_flag                                0x20000031   Data           1  function.o(.data..L_MergedGlobals)
    First_Event_flag                         0x20000032   Data           1  function.o(.data..L_MergedGlobals)
    SystemCoreClock                          0x20000034   Data           4  system_stm32f1xx.o(.data.SystemCoreClock)
    __libspace_start                         0x20000038   Data          96  libspace.o(.bss)
    __temporary_stack_top$libspace           0x20000098   Data           0  libspace.o(.bss)
    ina219_currentDivider_mA                 0x20000098   Data           2  ina219.o(.bss..L_MergedGlobals)
    ina219_calibrationValue                  0x2000009a   Data           2  ina219.o(.bss..L_MergedGlobals)
    ina219_powerMultiplier_mW                0x2000009c   Data           4  ina219.o(.bss..L_MergedGlobals)
    output_flag                              0x200000a0   Data           1  main.o(.bss..L_MergedGlobals.1)
    reload_flag                              0x200000a1   Data           1  main.o(.bss..L_MergedGlobals.1)
    ina219                                   0x200000a4   Data           8  main.o(.bss..L_MergedGlobals.1)
    onePulse_flag                            0x200000ac   Data           1  function.o(.bss..L_MergedGlobals.17)
    Freq                                     0x200000b0   Data           4  function.o(.bss..L_MergedGlobals.17)
    Duty                                     0x200000b4   Data           4  function.o(.bss..L_MergedGlobals.17)
    capture_end_flag                         0x200000b8   Data           4  function.o(.bss..L_MergedGlobals.17)
    high_val                                 0x200000bc   Data           4  function.o(.bss..L_MergedGlobals.17)
    low_val                                  0x200000c0   Data           4  function.o(.bss..L_MergedGlobals.17)
    pid_value                                0x200000c4   Data           4  function.o(.bss..L_MergedGlobals.17)
    Timer_Event_CallBack                     0x200000d0   Data           4  function.o(.bss..L_MergedGlobals.17)
    hi2c1                                    0x2000035c   Data          84  i2c.o(.bss.hi2c1)
    hrtc                                     0x200003b0   Data          20  rtc.o(.bss.hrtc)
    hspi1                                    0x200003c4   Data          88  spi.o(.bss.hspi1)
    htim1                                    0x2000041c   Data          72  tim.o(.bss.htim1)
    htim2                                    0x20000464   Data          72  tim.o(.bss.htim2)
    htim3                                    0x200004ac   Data          72  tim.o(.bss.htim3)
    htim4                                    0x200004f4   Data          72  tim.o(.bss.htim4)
    pFlash                                   0x20000540   Data          32  stm32f1xx_hal_flash.o(.bss.pFlash)
    uwTick                                   0x20000560   Data           4  stm32f1xx_hal.o(.bss.uwTick)



==============================================================================

Memory Map of the image

  Image Entry point : 0x080000ed

  Load Region LR_IROM1 (Base: 0x08000000, Size: 0x0000bc80, Max: 0x00010000, ABSOLUTE)

    Execution Region ER_IROM1 (Exec base: 0x08000000, Load base: 0x08000000, Size: 0x0000bc44, Max: 0x00010000, ABSOLUTE)

    Exec Addr    Load Addr    Size         Type   Attr      Idx    E Section Name        Object

    0x08000000   0x08000000   0x000000ec   Data   RO            3    RESET               startup_stm32f103xb.o
    0x080000ec   0x080000ec   0x00000008   Code   RO         1431  * !!!main             c_w.l(__main.o)
    0x080000f4   0x080000f4   0x0000005c   Code   RO         1794    !!!scatter          c_w.l(__scatter.o)
    0x08000150   0x08000150   0x0000001a   Code   RO         1798    !!handler_copy      c_w.l(__scatter_copy.o)
    0x0800016a   0x0800016a   0x00000002   PAD
    0x0800016c   0x0800016c   0x00000002   Code   RO         1795    !!handler_null      c_w.l(__scatter.o)
    0x0800016e   0x0800016e   0x00000002   PAD
    0x08000170   0x08000170   0x0000001c   Code   RO         1800    !!handler_zi        c_w.l(__scatter_zi.o)
    0x0800018c   0x0800018c   0x00000000   Code   RO         1424    .ARM.Collect$$_printf_percent$$00000000  c_w.l(_printf_percent.o)
    0x0800018c   0x0800018c   0x00000006   Code   RO         1423    .ARM.Collect$$_printf_percent$$00000003  c_w.l(_printf_f.o)
    0x08000192   0x08000192   0x00000006   Code   RO         1422    .ARM.Collect$$_printf_percent$$00000009  c_w.l(_printf_d.o)
    0x08000198   0x08000198   0x00000004   Code   RO         1529    .ARM.Collect$$_printf_percent$$00000017  c_w.l(_printf_percent_end.o)
    0x0800019c   0x0800019c   0x00000002   Code   RO         1727    .ARM.Collect$$libinit$$00000000  c_w.l(libinit.o)
    0x0800019e   0x0800019e   0x00000000   Code   RO         1535    .ARM.Collect$$libinit$$00000002  c_w.l(libinit2.o)
    0x0800019e   0x0800019e   0x00000000   Code   RO         1537    .ARM.Collect$$libinit$$00000004  c_w.l(libinit2.o)
    0x0800019e   0x0800019e   0x00000000   Code   RO         1539    .ARM.Collect$$libinit$$00000006  c_w.l(libinit2.o)
    0x0800019e   0x0800019e   0x00000008   Code   RO         1540    .ARM.Collect$$libinit$$00000007  c_w.l(libinit2.o)
    0x080001a6   0x080001a6   0x00000000   Code   RO         1542    .ARM.Collect$$libinit$$0000000C  c_w.l(libinit2.o)
    0x080001a6   0x080001a6   0x00000000   Code   RO         1544    .ARM.Collect$$libinit$$0000000E  c_w.l(libinit2.o)
    0x080001a6   0x080001a6   0x00000000   Code   RO         1546    .ARM.Collect$$libinit$$00000010  c_w.l(libinit2.o)
    0x080001a6   0x080001a6   0x00000006   Code   RO         1547    .ARM.Collect$$libinit$$00000011  c_w.l(libinit2.o)
    0x080001ac   0x080001ac   0x00000000   Code   RO         1549    .ARM.Collect$$libinit$$00000013  c_w.l(libinit2.o)
    0x080001ac   0x080001ac   0x00000000   Code   RO         1551    .ARM.Collect$$libinit$$00000015  c_w.l(libinit2.o)
    0x080001ac   0x080001ac   0x00000000   Code   RO         1553    .ARM.Collect$$libinit$$00000017  c_w.l(libinit2.o)
    0x080001ac   0x080001ac   0x0000000a   Code   RO         1554    .ARM.Collect$$libinit$$00000018  c_w.l(libinit2.o)
    0x080001b6   0x080001b6   0x00000000   Code   RO         1555    .ARM.Collect$$libinit$$00000019  c_w.l(libinit2.o)
    0x080001b6   0x080001b6   0x00000000   Code   RO         1557    .ARM.Collect$$libinit$$0000001B  c_w.l(libinit2.o)
    0x080001b6   0x080001b6   0x00000000   Code   RO         1559    .ARM.Collect$$libinit$$0000001D  c_w.l(libinit2.o)
    0x080001b6   0x080001b6   0x00000000   Code   RO         1561    .ARM.Collect$$libinit$$0000001F  c_w.l(libinit2.o)
    0x080001b6   0x080001b6   0x00000000   Code   RO         1563    .ARM.Collect$$libinit$$00000021  c_w.l(libinit2.o)
    0x080001b6   0x080001b6   0x00000000   Code   RO         1565    .ARM.Collect$$libinit$$00000023  c_w.l(libinit2.o)
    0x080001b6   0x080001b6   0x00000000   Code   RO         1567    .ARM.Collect$$libinit$$00000025  c_w.l(libinit2.o)
    0x080001b6   0x080001b6   0x00000000   Code   RO         1569    .ARM.Collect$$libinit$$00000027  c_w.l(libinit2.o)
    0x080001b6   0x080001b6   0x00000000   Code   RO         1573    .ARM.Collect$$libinit$$0000002E  c_w.l(libinit2.o)
    0x080001b6   0x080001b6   0x00000000   Code   RO         1575    .ARM.Collect$$libinit$$00000030  c_w.l(libinit2.o)
    0x080001b6   0x080001b6   0x00000000   Code   RO         1577    .ARM.Collect$$libinit$$00000032  c_w.l(libinit2.o)
    0x080001b6   0x080001b6   0x00000000   Code   RO         1579    .ARM.Collect$$libinit$$00000034  c_w.l(libinit2.o)
    0x080001b6   0x080001b6   0x00000002   Code   RO         1580    .ARM.Collect$$libinit$$00000035  c_w.l(libinit2.o)
    0x080001b8   0x080001b8   0x00000002   Code   RO         1791    .ARM.Collect$$libshutdown$$00000000  c_w.l(libshutdown.o)
    0x080001ba   0x080001ba   0x00000000   Code   RO         1745    .ARM.Collect$$libshutdown$$00000002  c_w.l(libshutdown2.o)
    0x080001ba   0x080001ba   0x00000000   Code   RO         1747    .ARM.Collect$$libshutdown$$00000004  c_w.l(libshutdown2.o)
    0x080001ba   0x080001ba   0x00000000   Code   RO         1750    .ARM.Collect$$libshutdown$$00000007  c_w.l(libshutdown2.o)
    0x080001ba   0x080001ba   0x00000000   Code   RO         1753    .ARM.Collect$$libshutdown$$0000000A  c_w.l(libshutdown2.o)
    0x080001ba   0x080001ba   0x00000000   Code   RO         1755    .ARM.Collect$$libshutdown$$0000000C  c_w.l(libshutdown2.o)
    0x080001ba   0x080001ba   0x00000000   Code   RO         1758    .ARM.Collect$$libshutdown$$0000000F  c_w.l(libshutdown2.o)
    0x080001ba   0x080001ba   0x00000002   Code   RO         1759    .ARM.Collect$$libshutdown$$00000010  c_w.l(libshutdown2.o)
    0x080001bc   0x080001bc   0x00000000   Code   RO         1493    .ARM.Collect$$rtentry$$00000000  c_w.l(__rtentry.o)
    0x080001bc   0x080001bc   0x00000000   Code   RO         1612    .ARM.Collect$$rtentry$$00000002  c_w.l(__rtentry2.o)
    0x080001bc   0x080001bc   0x00000006   Code   RO         1624    .ARM.Collect$$rtentry$$00000004  c_w.l(__rtentry4.o)
    0x080001c2   0x080001c2   0x00000000   Code   RO         1614    .ARM.Collect$$rtentry$$00000009  c_w.l(__rtentry2.o)
    0x080001c2   0x080001c2   0x00000004   Code   RO         1615    .ARM.Collect$$rtentry$$0000000A  c_w.l(__rtentry2.o)
    0x080001c6   0x080001c6   0x00000000   Code   RO         1617    .ARM.Collect$$rtentry$$0000000C  c_w.l(__rtentry2.o)
    0x080001c6   0x080001c6   0x00000008   Code   RO         1618    .ARM.Collect$$rtentry$$0000000D  c_w.l(__rtentry2.o)
    0x080001ce   0x080001ce   0x00000002   Code   RO         1732    .ARM.Collect$$rtexit$$00000000  c_w.l(rtexit.o)
    0x080001d0   0x080001d0   0x00000000   Code   RO         1765    .ARM.Collect$$rtexit$$00000002  c_w.l(rtexit2.o)
    0x080001d0   0x080001d0   0x00000004   Code   RO         1766    .ARM.Collect$$rtexit$$00000003  c_w.l(rtexit2.o)
    0x080001d4   0x080001d4   0x00000006   Code   RO         1767    .ARM.Collect$$rtexit$$00000004  c_w.l(rtexit2.o)
    0x080001da   0x080001da   0x00000002   PAD
    0x080001dc   0x080001dc   0x00000040   Code   RO            4    .text               startup_stm32f103xb.o
    0x0800021c   0x0800021c   0x0000005e   Code   RO         1334    .text               c_w.l(h1_alloc.o)
    0x0800027a   0x0800027a   0x0000004e   Code   RO         1336    .text               c_w.l(h1_free.o)
    0x080002c8   0x080002c8   0x00000028   Code   RO         1394    .text               c_w.l(noretval__2sprintf.o)
    0x080002f0   0x080002f0   0x0000004e   Code   RO         1398    .text               c_w.l(_printf_pad.o)
    0x0800033e   0x0800033e   0x00000002   PAD
    0x08000340   0x08000340   0x00000078   Code   RO         1400    .text               c_w.l(_printf_dec.o)
    0x080003b8   0x080003b8   0x00000138   Code   RO         1414    .text               c_w.l(__printf_flags_wp.o)
    0x080004f0   0x080004f0   0x00000044   Code   RO         1425    .text               c_w.l(rt_memclr.o)
    0x08000534   0x08000534   0x0000004e   Code   RO         1427    .text               c_w.l(rt_memclr_w.o)
    0x08000582   0x08000582   0x00000006   Code   RO         1429    .text               c_w.l(heapauxi.o)
    0x08000588   0x08000588   0x00000008   Code   RO         1497    .text               c_w.l(rt_heap_descriptor_intlibspace.o)
    0x08000590   0x08000590   0x00000004   Code   RO         1499    .text               c_w.l(hguard.o)
    0x08000594   0x08000594   0x0000008a   Code   RO         1501    .text               c_w.l(init_alloc.o)
    0x0800061e   0x0800061e   0x0000000c   Code   RO         1505    .text               c_w.l(h1_init.o)
    0x0800062a   0x0800062a   0x00000016   Code   RO         1517    .text               c_w.l(_rserrno.o)
    0x08000640   0x08000640   0x000000b2   Code   RO         1519    .text               c_w.l(_printf_intcommon.o)
    0x080006f2   0x080006f2   0x0000041c   Code   RO         1521    .text               c_w.l(_printf_fp_dec.o)
    0x08000b0e   0x08000b0e   0x00000002   PAD
    0x08000b10   0x08000b10   0x00000030   Code   RO         1525    .text               c_w.l(_printf_char_common.o)
    0x08000b40   0x08000b40   0x0000000a   Code   RO         1527    .text               c_w.l(_sputc.o)
    0x08000b4a   0x08000b4a   0x00000002   PAD
    0x08000b4c   0x08000b4c   0x00000008   Code   RO         1608    .text               c_w.l(libspace.o)
    0x08000b54   0x08000b54   0x00000008   Code   RO         1629    .text               c_w.l(rt_locale_intlibspace.o)
    0x08000b5c   0x08000b5c   0x00000008   Code   RO         1634    .text               c_w.l(rt_errno_addr_intlibspace.o)
    0x08000b64   0x08000b64   0x00000000   Code   RO         1638    .text               c_w.l(maybetermalloc1.o)
    0x08000b64   0x08000b64   0x00000034   Code   RO         1640    .text               c_w.l(h1_extend.o)
    0x08000b98   0x08000b98   0x0000008a   Code   RO         1644    .text               c_w.l(lludiv10.o)
    0x08000c22   0x08000c22   0x00000002   PAD
    0x08000c24   0x08000c24   0x00000080   Code   RO         1646    .text               c_w.l(_printf_fp_infnan.o)
    0x08000ca4   0x08000ca4   0x000000e4   Code   RO         1650    .text               c_w.l(bigflt0.o)
    0x08000d88   0x08000d88   0x0000000e   Code   RO         1680    .text               c_w.l(defsig_rtmem_outer.o)
    0x08000d96   0x08000d96   0x00000002   Code   RO         1699    .text               c_w.l(use_no_semi.o)
    0x08000d98   0x08000d98   0x00000000   Code   RO         1701    .text               c_w.l(indicate_semi.o)
    0x08000d98   0x08000d98   0x0000004a   Code   RO         1702    .text               c_w.l(sys_stackheap_outer.o)
    0x08000de2   0x08000de2   0x00000012   Code   RO         1710    .text               c_w.l(exit.o)
    0x08000df4   0x08000df4   0x0000000a   Code   RO         1712    .text               c_w.l(defsig_exit.o)
    0x08000dfe   0x08000dfe   0x00000002   PAD
    0x08000e00   0x08000e00   0x00000050   Code   RO         1714    .text               c_w.l(defsig_rtmem_inner.o)
    0x08000e50   0x08000e50   0x00000080   Code   RO         1716    .text               c_w.l(strcmpv7m.o)
    0x08000ed0   0x08000ed0   0x0000000c   Code   RO         1728    .text               c_w.l(sys_exit.o)
    0x08000edc   0x08000edc   0x00000032   Code   RO         1742    .text               c_w.l(defsig_general.o)
    0x08000f0e   0x08000f0e   0x0000000e   Code   RO         1760    .text               c_w.l(sys_wrch.o)
    0x08000f1c   0x08000f1c   0x00000002   Code   RO          123    .text.BusFault_Handler  stm32f1xx_it.o
    0x08000f1e   0x08000f1e   0x00000002   PAD
    0x08000f20   0x08000f20   0x00000002   Code   RO          129    .text.DebugMon_Handler  stm32f1xx_it.o
    0x08000f22   0x08000f22   0x00000002   PAD
    0x08000f24   0x08000f24   0x00000006   Code   RO          135    .text.EXTI0_IRQHandler  stm32f1xx_it.o
    0x08000f2a   0x08000f2a   0x00000002   PAD
    0x08000f2c   0x08000f2c   0x00000008   Code   RO          149    .text.EXTI15_10_IRQHandler  stm32f1xx_it.o
    0x08000f34   0x08000f34   0x00000006   Code   RO          137    .text.EXTI1_IRQHandler  stm32f1xx_it.o
    0x08000f3a   0x08000f3a   0x00000002   PAD
    0x08000f3c   0x08000f3c   0x0000000a   Code   RO           15    .text.Error_Handler  main.o
    0x08000f46   0x08000f46   0x00000002   PAD
    0x08000f48   0x08000f48   0x000000e0   Code   RO          573    .text.FLASH_WaitForLastOperation  stm32f1xx_hal_flash.o
    0x08001028   0x08001028   0x000000b4   Code   RO          465    .text.HAL_DMA_Abort_IT  stm32f1xx_hal_dma.o
    0x080010dc   0x080010dc   0x00000028   Code   RO          339    .text.HAL_Delay     stm32f1xx_hal.o
    0x08001104   0x08001104   0x000000ee   Code   RO          604    .text.HAL_FLASHEx_Erase  stm32f1xx_hal_flash_ex.o
    0x080011f2   0x080011f2   0x00000002   PAD
    0x080011f4   0x080011f4   0x00000014   Code   RO          585    .text.HAL_FLASH_Lock  stm32f1xx_hal_flash.o
    0x08001208   0x08001208   0x000000ac   Code   RO          571    .text.HAL_FLASH_Program  stm32f1xx_hal_flash.o
    0x080012b4   0x080012b4   0x0000002e   Code   RO          583    .text.HAL_FLASH_Unlock  stm32f1xx_hal_flash.o
    0x080012e2   0x080012e2   0x00000002   PAD
    0x080012e4   0x080012e4   0x00000088   Code   RO           23    .text.HAL_GPIO_EXTI_Callback  main.o
    0x0800136c   0x0800136c   0x00000016   Code   RO          443    .text.HAL_GPIO_EXTI_IRQHandler  stm32f1xx_hal_gpio.o
    0x08001382   0x08001382   0x00000002   PAD
    0x08001384   0x08001384   0x0000020e   Code   RO          431    .text.HAL_GPIO_Init  stm32f1xx_hal_gpio.o
    0x08001592   0x08001592   0x00000002   PAD
    0x08001594   0x08001594   0x0000000a   Code   RO          435    .text.HAL_GPIO_ReadPin  stm32f1xx_hal_gpio.o
    0x0800159e   0x0800159e   0x00000002   PAD
    0x080015a0   0x080015a0   0x0000000a   Code   RO          437    .text.HAL_GPIO_WritePin  stm32f1xx_hal_gpio.o
    0x080015aa   0x080015aa   0x00000002   PAD
    0x080015ac   0x080015ac   0x0000000c   Code   RO          331    .text.HAL_GetTick   stm32f1xx_hal.o
    0x080015b8   0x080015b8   0x00000164   Code   RO          181    .text.HAL_I2C_Init  stm32f1xx_hal_i2c.o
    0x0800171c   0x0800171c   0x00000212   Code   RO          241    .text.HAL_I2C_IsDeviceReady  stm32f1xx_hal_i2c.o
    0x0800192e   0x0800192e   0x00000002   PAD
    0x08001930   0x08001930   0x00000346   Code   RO          229    .text.HAL_I2C_Mem_Read  stm32f1xx_hal_i2c.o
    0x08001c76   0x08001c76   0x00000002   PAD
    0x08001c78   0x08001c78   0x0000015c   Code   RO          225    .text.HAL_I2C_Mem_Write  stm32f1xx_hal_i2c.o
    0x08001dd4   0x08001dd4   0x00000062   Code   RO           48    .text.HAL_I2C_MspInit  i2c.o
    0x08001e36   0x08001e36   0x00000002   PAD
    0x08001e38   0x08001e38   0x0000001a   Code   RO          329    .text.HAL_IncTick   stm32f1xx_hal.o
    0x08001e52   0x08001e52   0x00000002   PAD
    0x08001e54   0x08001e54   0x00000026   Code   RO          319    .text.HAL_Init      stm32f1xx_hal.o
    0x08001e7a   0x08001e7a   0x00000002   PAD
    0x08001e7c   0x08001e7c   0x00000048   Code   RO          321    .text.HAL_InitTick  stm32f1xx_hal.o
    0x08001ec4   0x08001ec4   0x00000042   Code   RO          158    .text.HAL_MspInit   stm32f1xx_hal_msp.o
    0x08001f06   0x08001f06   0x00000002   PAD
    0x08001f08   0x08001f08   0x00000022   Code   RO          491    .text.HAL_NVIC_EnableIRQ  stm32f1xx_hal_cortex.o
    0x08001f2a   0x08001f2a   0x00000002   PAD
    0x08001f2c   0x08001f2c   0x00000056   Code   RO          489    .text.HAL_NVIC_SetPriority  stm32f1xx_hal_cortex.o
    0x08001f82   0x08001f82   0x00000002   PAD
    0x08001f84   0x08001f84   0x00000020   Code   RO          487    .text.HAL_NVIC_SetPriorityGrouping  stm32f1xx_hal_cortex.o
    0x08001fa4   0x08001fa4   0x0000000c   Code   RO          529    .text.HAL_PWR_EnableBkUpAccess  stm32f1xx_hal_pwr.o
    0x08001fb0   0x08001fb0   0x000000f8   Code   RO          421    .text.HAL_RCCEx_GetPeriphCLKFreq  stm32f1xx_hal_rcc_ex.o
    0x080020a8   0x080020a8   0x00000102   Code   RO          417    .text.HAL_RCCEx_PeriphCLKConfig  stm32f1xx_hal_rcc_ex.o
    0x080021aa   0x080021aa   0x00000002   PAD
    0x080021ac   0x080021ac   0x000001c2   Code   RO          383    .text.HAL_RCC_ClockConfig  stm32f1xx_hal_rcc.o
    0x0800236e   0x0800236e   0x00000002   PAD
    0x08002370   0x08002370   0x00000026   Code   RO          395    .text.HAL_RCC_GetPCLK1Freq  stm32f1xx_hal_rcc.o
    0x08002396   0x08002396   0x00000002   PAD
    0x08002398   0x08002398   0x00000026   Code   RO          397    .text.HAL_RCC_GetPCLK2Freq  stm32f1xx_hal_rcc.o
    0x080023be   0x080023be   0x00000002   PAD
    0x080023c0   0x080023c0   0x00000400   Code   RO          381    .text.HAL_RCC_OscConfig  stm32f1xx_hal_rcc.o
    0x080027c0   0x080027c0   0x000000f4   Code   RO          652    .text.HAL_RTC_Init  stm32f1xx_hal_rtc.o
    0x080028b4   0x080028b4   0x00000046   Code   RO           63    .text.HAL_RTC_MspInit  rtc.o
    0x080028fa   0x080028fa   0x00000002   PAD
    0x080028fc   0x080028fc   0x00000002   Code   RO          814    .text.HAL_SPI_ErrorCallback  stm32f1xx_hal_spi.o
    0x080028fe   0x080028fe   0x00000002   PAD
    0x08002900   0x08002900   0x0000010c   Code   RO          810    .text.HAL_SPI_IRQHandler  stm32f1xx_hal_spi.o
    0x08002a0c   0x08002a0c   0x000000ac   Code   RO          734    .text.HAL_SPI_Init  stm32f1xx_hal_spi.o
    0x08002ab8   0x08002ab8   0x00000072   Code   RO           78    .text.HAL_SPI_MspInit  spi.o
    0x08002b2a   0x08002b2a   0x00000002   PAD
    0x08002b2c   0x08002b2c   0x000001f8   Code   RO          742    .text.HAL_SPI_Transmit  stm32f1xx_hal_spi.o
    0x08002d24   0x08002d24   0x0000002c   Code   RO          499    .text.HAL_SYSTICK_Config  stm32f1xx_hal_cortex.o
    0x08002d50   0x08002d50   0x00000002   Code   RO         1153    .text.HAL_TIMEx_BreakCallback  stm32f1xx_hal_tim_ex.o
    0x08002d52   0x08002d52   0x00000002   PAD
    0x08002d54   0x08002d54   0x00000002   Code   RO         1149    .text.HAL_TIMEx_CommutCallback  stm32f1xx_hal_tim_ex.o
    0x08002d56   0x08002d56   0x00000002   PAD
    0x08002d58   0x08002d58   0x0000007e   Code   RO         1143    .text.HAL_TIMEx_MasterConfigSynchronization  stm32f1xx_hal_tim_ex.o
    0x08002dd6   0x08002dd6   0x00000002   PAD
    0x08002dd8   0x08002dd8   0x000000ec   Code   RO          848    .text.HAL_TIM_Base_Init  stm32f1xx_hal_tim.o
    0x08002ec4   0x08002ec4   0x00000138   Code   RO          101    .text.HAL_TIM_Base_MspInit  tim.o
    0x08002ffc   0x08002ffc   0x0000006e   Code   RO          862    .text.HAL_TIM_Base_Start_IT  stm32f1xx_hal_tim.o
    0x0800306a   0x0800306a   0x00000002   PAD
    0x0800306c   0x0800306c   0x0000003c   Code   RO          864    .text.HAL_TIM_Base_Stop_IT  stm32f1xx_hal_tim.o
    0x080030a8   0x080030a8   0x000001a0   Code   RO         1028    .text.HAL_TIM_ConfigClockSource  stm32f1xx_hal_tim.o
    0x08003248   0x08003248   0x000000ce   Code   RO         1275    .text.HAL_TIM_IC_CaptureCallback  function.o
    0x08003316   0x08003316   0x00000002   PAD
    0x08003318   0x08003318   0x00000182   Code   RO          998    .text.HAL_TIM_IC_ConfigChannel  stm32f1xx_hal_tim.o
    0x0800349a   0x0800349a   0x00000002   PAD
    0x0800349c   0x0800349c   0x000000ec   Code   RO          922    .text.HAL_TIM_IC_Init  stm32f1xx_hal_tim.o
    0x08003588   0x08003588   0x00000002   Code   RO          924    .text.HAL_TIM_IC_MspInit  stm32f1xx_hal_tim.o
    0x0800358a   0x0800358a   0x00000002   PAD
    0x0800358c   0x0800358c   0x0000012c   Code   RO          934    .text.HAL_TIM_IC_Start_IT  stm32f1xx_hal_tim.o
    0x080036b8   0x080036b8   0x00000170   Code   RO          982    .text.HAL_TIM_IRQHandler  stm32f1xx_hal_tim.o
    0x08003828   0x08003828   0x00000002   Code   RO          986    .text.HAL_TIM_OC_DelayElapsedCallback  stm32f1xx_hal_tim.o
    0x0800382a   0x0800382a   0x00000002   PAD
    0x0800382c   0x0800382c   0x000001fe   Code   RO         1002    .text.HAL_TIM_PWM_ConfigChannel  stm32f1xx_hal_tim.o
    0x08003a2a   0x08003a2a   0x00000002   PAD
    0x08003a2c   0x08003a2c   0x000000ec   Code   RO          902    .text.HAL_TIM_PWM_Init  stm32f1xx_hal_tim.o
    0x08003b18   0x08003b18   0x00000002   Code   RO          904    .text.HAL_TIM_PWM_MspInit  stm32f1xx_hal_tim.o
    0x08003b1a   0x08003b1a   0x00000002   PAD
    0x08003b1c   0x08003b1c   0x00000002   Code   RO          988    .text.HAL_TIM_PWM_PulseFinishedCallback  stm32f1xx_hal_tim.o
    0x08003b1e   0x08003b1e   0x00000002   PAD
    0x08003b20   0x08003b20   0x000000da   Code   RO          910    .text.HAL_TIM_PWM_Start  stm32f1xx_hal_tim.o
    0x08003bfa   0x08003bfa   0x00000002   PAD
    0x08003bfc   0x08003bfc   0x000001c0   Code   RO         1281    .text.HAL_TIM_PeriodElapsedCallback  function.o
    0x08003dbc   0x08003dbc   0x00000034   Code   RO         1038    .text.HAL_TIM_ReadCapturedValue  stm32f1xx_hal_tim.o
    0x08003df0   0x08003df0   0x00000002   Code   RO          992    .text.HAL_TIM_TriggerCallback  stm32f1xx_hal_tim.o
    0x08003df2   0x08003df2   0x00000002   PAD
    0x08003df4   0x08003df4   0x00000002   Code   RO          119    .text.HardFault_Handler  stm32f1xx_it.o
    0x08003df6   0x08003df6   0x00000002   PAD
    0x08003df8   0x08003df8   0x00000112   Code   RO          231    .text.I2C_RequestMemoryRead  stm32f1xx_hal_i2c.o
    0x08003f0a   0x08003f0a   0x00000002   PAD
    0x08003f0c   0x08003f0c   0x000000c8   Code   RO          227    .text.I2C_RequestMemoryWrite  stm32f1xx_hal_i2c.o
    0x08003fd4   0x08003fd4   0x000000ba   Code   RO          195    .text.I2C_WaitOnBTFFlagUntilTimeout  stm32f1xx_hal_i2c.o
    0x0800408e   0x0800408e   0x00000002   PAD
    0x08004090   0x08004090   0x000001ca   Code   RO          191    .text.I2C_WaitOnFlagUntilTimeout  stm32f1xx_hal_i2c.o
    0x0800425a   0x0800425a   0x00000002   PAD
    0x0800425c   0x0800425c   0x000000d6   Code   RO          309    .text.I2C_WaitOnMasterAddressFlagUntilTimeout  stm32f1xx_hal_i2c.o
    0x08004332   0x08004332   0x00000002   PAD
    0x08004334   0x08004334   0x00000090   Code   RO          199    .text.I2C_WaitOnRXNEFlagUntilTimeout  stm32f1xx_hal_i2c.o
    0x080043c4   0x080043c4   0x000000ba   Code   RO          193    .text.I2C_WaitOnTXEFlagUntilTimeout  stm32f1xx_hal_i2c.o
    0x0800447e   0x0800447e   0x00000002   PAD
    0x08004480   0x08004480   0x000000ac   Code   RO         1318    .text.INA219_Init   ina219.o
    0x0800452c   0x0800452c   0x00000034   Code   RO         1300    .text.INA219_ReadBusVoltage  ina219.o
    0x08004560   0x08004560   0x0000003c   Code   RO         1304    .text.INA219_ReadCurrent_mA  ina219.o
    0x0800459c   0x0800459c   0x00000214   Code   RO         1233    .text.LCD_Address_Set  lcd_init.o
    0x080047b0   0x080047b0   0x0000009e   Code   RO         1186    .text.LCD_DrawLine  lcd.o
    0x0800484e   0x0800484e   0x00000002   PAD
    0x08004850   0x08004850   0x00000016   Code   RO         1184    .text.LCD_DrawPoint  lcd.o
    0x08004866   0x08004866   0x00000002   PAD
    0x08004868   0x08004868   0x00000436   Code   RO         1210    .text.LCD_DrawRoundRectangle_DMA  lcd.o
    0x08004c9e   0x08004c9e   0x00000002   PAD
    0x08004ca0   0x08004ca0   0x000000d6   Code   RO         1182    .text.LCD_Fill      lcd.o
    0x08004d76   0x08004d76   0x00000002   PAD
    0x08004d78   0x08004d78   0x00000b70   Code   RO         1235    .text.LCD_Init      lcd_init.o
    0x080058e8   0x080058e8   0x00000374   Code   RO         1194    .text.LCD_ShowChar  lcd.o
    0x08005c5c   0x08005c5c   0x00000046   Code   RO         1196    .text.LCD_ShowString  lcd.o
    0x08005ca2   0x08005ca2   0x00000002   PAD
    0x08005ca4   0x08005ca4   0x00000068   Code   RO         1229    .text.LCD_WR_DATA   lcd_init.o
    0x08005d0c   0x08005d0c   0x0000001e   Code   RO         1269    .text.Load_Para     function.o
    0x08005d2a   0x08005d2a   0x00000002   PAD
    0x08005d2c   0x08005d2c   0x000000fa   Code   RO           36    .text.MX_GPIO_Init  gpio.o
    0x08005e26   0x08005e26   0x00000002   PAD
    0x08005e28   0x08005e28   0x00000042   Code   RO           46    .text.MX_I2C1_Init  i2c.o
    0x08005e6a   0x08005e6a   0x00000002   PAD
    0x08005e6c   0x08005e6c   0x00000030   Code   RO           61    .text.MX_RTC_Init   rtc.o
    0x08005e9c   0x08005e9c   0x0000004e   Code   RO           76    .text.MX_SPI1_Init  spi.o
    0x08005eea   0x08005eea   0x00000002   PAD
    0x08005eec   0x08005eec   0x000000c2   Code   RO           91    .text.MX_TIM1_Init  tim.o
    0x08005fae   0x08005fae   0x00000002   PAD
    0x08005fb0   0x08005fb0   0x00000072   Code   RO           93    .text.MX_TIM2_Init  tim.o
    0x08006022   0x08006022   0x00000002   PAD
    0x08006024   0x08006024   0x0000011e   Code   RO           95    .text.MX_TIM3_Init  tim.o
    0x08006142   0x08006142   0x00000002   PAD
    0x08006144   0x08006144   0x00000078   Code   RO           99    .text.MX_TIM4_Init  tim.o
    0x080061bc   0x080061bc   0x00000002   Code   RO          121    .text.MemManage_Handler  stm32f1xx_it.o
    0x080061be   0x080061be   0x00000002   PAD
    0x080061c0   0x080061c0   0x00000002   Code   RO          117    .text.NMI_Handler   stm32f1xx_it.o
    0x080061c2   0x080061c2   0x00000002   PAD
    0x080061c4   0x080061c4   0x00000002   Code   RO          131    .text.PendSV_Handler  stm32f1xx_it.o
    0x080061c6   0x080061c6   0x00000002   PAD
    0x080061c8   0x080061c8   0x0000000c   Code   RO          147    .text.SPI1_IRQHandler  stm32f1xx_it.o
    0x080061d4   0x080061d4   0x0000000c   Code   RO          812    .text.SPI_DMAAbortOnError  stm32f1xx_hal_spi.o
    0x080061e0   0x080061e0   0x000000e4   Code   RO          838    .text.SPI_WaitFlagStateUntilTimeout  stm32f1xx_hal_spi.o
    0x080062c4   0x080062c4   0x00000002   Code   RO          127    .text.SVC_Handler   stm32f1xx_it.o
    0x080062c6   0x080062c6   0x00000002   PAD
    0x080062c8   0x080062c8   0x00000076   Code   RO         1267    .text.Save_Para     function.o
    0x0800633e   0x0800633e   0x00000002   PAD
    0x08006340   0x08006340   0x00000004   Code   RO          133    .text.SysTick_Handler  stm32f1xx_it.o
    0x08006344   0x08006344   0x00000002   Code   RO         1167    .text.SystemInit    system_stm32f1xx.o
    0x08006346   0x08006346   0x00000002   PAD
    0x08006348   0x08006348   0x0000000c   Code   RO          141    .text.TIM1_CC_IRQHandler  stm32f1xx_it.o
    0x08006354   0x08006354   0x0000000c   Code   RO          139    .text.TIM1_UP_IRQHandler  stm32f1xx_it.o
    0x08006360   0x08006360   0x0000000c   Code   RO          143    .text.TIM2_IRQHandler  stm32f1xx_it.o
    0x0800636c   0x0800636c   0x0000000c   Code   RO          145    .text.TIM4_IRQHandler  stm32f1xx_it.o
    0x08006378   0x08006378   0x00000034   Code   RO         1277    .text.Timer_Event   function.o
    0x080063ac   0x080063ac   0x0000000c   Code   RO         1279    .text.Timer_Event_Stop  function.o
    0x080063b8   0x080063b8   0x00000048   Code   RO           17    .text.Toggle_Output  main.o
    0x08006400   0x08006400   0x00000002   Code   RO          125    .text.UsageFault_Handler  stm32f1xx_it.o
    0x08006402   0x08006402   0x00000002   PAD
    0x08006404   0x08006404   0x0000006a   Code   RO           19    .text.Value_plus    main.o
    0x0800646e   0x0800646e   0x00000002   PAD
    0x08006470   0x08006470   0x00000068   Code   RO           21    .text.Value_sub     main.o
    0x080064d8   0x080064d8   0x000000c4   Code   RO         1271    .text.check_current  function.o
    0x0800659c   0x0800659c   0x0000000c   Code   RO         1273    .text.get_pid       function.o
    0x080065a8   0x080065a8   0x0000026c   Code   RO         1247    .text.load_ui       function.o
    0x08006814   0x08006814   0x00000196   Code   RO           11    .text.main          main.o
    0x080069aa   0x080069aa   0x00000002   PAD
    0x080069ac   0x080069ac   0x0000004a   Code   RO         1255    .text.pwm_out       function.o
    0x080069f6   0x080069f6   0x00000002   PAD
    0x080069f8   0x080069f8   0x0000020c   Code   RO         1251    .text.refresh_info  function.o
    0x08006c04   0x08006c04   0x0000008a   Code   RO         1249    .text.reload_word   function.o
    0x08006c8e   0x08006c8e   0x00000002   PAD
    0x08006c90   0x08006c90   0x000000fa   Code   RO         1259    .text.show_duty     function.o
    0x08006d8a   0x08006d8a   0x00000002   PAD
    0x08006d8c   0x08006d8c   0x00000052   Code   RO         1245    .text.system_init   function.o
    0x08006dde   0x08006dde   0x0000003e   Code   RO         1653    CL$$btod_d2e        c_w.l(btod.o)
    0x08006e1c   0x08006e1c   0x00000046   Code   RO         1655    CL$$btod_d2e_denorm_low  c_w.l(btod.o)
    0x08006e62   0x08006e62   0x00000060   Code   RO         1654    CL$$btod_d2e_norm_op1  c_w.l(btod.o)
    0x08006ec2   0x08006ec2   0x00000002   PAD
    0x08006ec4   0x08006ec4   0x00000338   Code   RO         1663    CL$$btod_div_common  c_w.l(btod.o)
    0x080071fc   0x080071fc   0x000000dc   Code   RO         1660    CL$$btod_e2e        c_w.l(btod.o)
    0x080072d8   0x080072d8   0x0000002a   Code   RO         1657    CL$$btod_ediv       c_w.l(btod.o)
    0x08007302   0x08007302   0x0000002a   Code   RO         1656    CL$$btod_emul       c_w.l(btod.o)
    0x0800732c   0x0800732c   0x00000244   Code   RO         1662    CL$$btod_mult_common  c_w.l(btod.o)
    0x08007570   0x08007570   0x00000028   Code   RO         1697    i.__ARM_fpclassify  m_ws.l(fpclassify.o)
    0x08007598   0x08007598   0x0000000e   Code   RO         1412    i._is_digit         c_w.l(__printf_wp.o)
    0x080075a6   0x080075a6   0x0000004c   Code   RO         1488    i.sqrt              m_ws.l(sqrt.o)
    0x080075f2   0x080075f2   0x00000002   PAD
    0x080075f4   0x080075f4   0x0000002c   Code   RO         1678    locale$$code        c_w.l(lc_numeric_c.o)
    0x08007620   0x08007620   0x00000150   Code   RO         1435    x$fpl$dadd          fz_ws.l(daddsub_clz.o)
    0x08007770   0x08007770   0x00000018   Code   RO         1689    x$fpl$dcmpinf       fz_ws.l(dcmpi.o)
    0x08007788   0x08007788   0x00000078   Code   RO         1581    x$fpl$deqf          fz_ws.l(deqf.o)
    0x08007800   0x08007800   0x0000005e   Code   RO         1447    x$fpl$dfix          fz_ws.l(dfix.o)
    0x0800785e   0x0800785e   0x0000002e   Code   RO         1452    x$fpl$dflt          fz_ws.l(dflt_clz.o)
    0x0800788c   0x0800788c   0x00000026   Code   RO         1451    x$fpl$dfltu         fz_ws.l(dflt_clz.o)
    0x080078b2   0x080078b2   0x00000002   PAD
    0x080078b4   0x080078b4   0x00000078   Code   RO         1583    x$fpl$dgeqf         fz_ws.l(dgeqf.o)
    0x0800792c   0x0800792c   0x00000078   Code   RO         1585    x$fpl$dleqf         fz_ws.l(dleqf.o)
    0x080079a4   0x080079a4   0x00000154   Code   RO         1457    x$fpl$dmul          fz_ws.l(dmul.o)
    0x08007af8   0x08007af8   0x0000009c   Code   RO         1587    x$fpl$dnaninf       fz_ws.l(dnaninf.o)
    0x08007b94   0x08007b94   0x0000000c   Code   RO         1589    x$fpl$dretinf       fz_ws.l(dretinf.o)
    0x08007ba0   0x08007ba0   0x000001cc   Code   RO         1591    x$fpl$dsqrt         fz_ws.l(dsqrt_noumaal.o)
    0x08007d6c   0x08007d6c   0x000001dc   Code   RO         1437    x$fpl$dsub          fz_ws.l(daddsub_clz.o)
    0x08007f48   0x08007f48   0x00000056   Code   RO         1459    x$fpl$f2d           fz_ws.l(f2d.o)
    0x08007f9e   0x08007f9e   0x00000002   PAD
    0x08007fa0   0x08007fa0   0x000000c4   Code   RO         1461    x$fpl$fadd          fz_ws.l(faddsub_clz.o)
    0x08008064   0x08008064   0x00000054   Code   RO         1441    x$fpl$fcmp          fz_ws.l(dcmp.o)
    0x080080b8   0x080080b8   0x00000054   Code   RO         1467    x$fpl$fcmp          fz_ws.l(fcmp.o)
    0x0800810c   0x0800810c   0x00000018   Code   RO         1691    x$fpl$fcmpinf       fz_ws.l(fcmpi.o)
    0x08008124   0x08008124   0x00000184   Code   RO         1470    x$fpl$fdiv          fz_ws.l(fdiv.o)
    0x080082a8   0x080082a8   0x00000068   Code   RO         1593    x$fpl$feqf          fz_ws.l(feqf.o)
    0x08008310   0x08008310   0x00000036   Code   RO         1473    x$fpl$ffix          fz_ws.l(ffix.o)
    0x08008346   0x08008346   0x00000002   PAD
    0x08008348   0x08008348   0x00000030   Code   RO         1478    x$fpl$fflt          fz_ws.l(fflt_clz.o)
    0x08008378   0x08008378   0x00000026   Code   RO         1477    x$fpl$ffltu         fz_ws.l(fflt_clz.o)
    0x0800839e   0x0800839e   0x00000002   PAD
    0x080083a0   0x080083a0   0x00000068   Code   RO         1595    x$fpl$fgeqf         fz_ws.l(fgeqf.o)
    0x08008408   0x08008408   0x00000068   Code   RO         1597    x$fpl$fleqf         fz_ws.l(fleqf.o)
    0x08008470   0x08008470   0x00000102   Code   RO         1483    x$fpl$fmul          fz_ws.l(fmul.o)
    0x08008572   0x08008572   0x0000008c   Code   RO         1599    x$fpl$fnaninf       fz_ws.l(fnaninf.o)
    0x080085fe   0x080085fe   0x0000000a   Code   RO         1601    x$fpl$fretinf       fz_ws.l(fretinf.o)
    0x08008608   0x08008608   0x000000ea   Code   RO         1463    x$fpl$fsub          fz_ws.l(faddsub_clz.o)
    0x080086f2   0x080086f2   0x00000004   Code   RO         1485    x$fpl$printf1       fz_ws.l(printf1.o)
    0x080086f6   0x080086f6   0x00000000   Code   RO         1603    x$fpl$usenofp       fz_ws.l(usenofp.o)
    0x080086f6   0x080086f6   0x00000011   Data   RO         1415    .constdata          c_w.l(__printf_flags_wp.o)
    0x08008707   0x08008707   0x00000001   PAD
    0x08008708   0x08008708   0x00000094   Data   RO         1651    .constdata          c_w.l(bigflt0.o)
    0x0800879c   0x0800879c   0x00000010   Data   RO         1172    .rodata.AHBPrescTable  system_stm32f1xx.o
    0x080087ac   0x080087ac   0x00000008   Data   RO         1173    .rodata.APBPrescTable  system_stm32f1xx.o
    0x080087b4   0x080087b4   0x00000002   Data   RO          408    .rodata.HAL_RCC_GetSysClockFreq.aPredivFactorTable  stm32f1xx_hal_rcc.o
    0x080087b6   0x080087b6   0x00000474   Data   RO         1212    .rodata.ascii_1206  lcd.o
    0x08008c2a   0x08008c2a   0x000005f0   Data   RO         1213    .rodata.ascii_1608  lcd.o
    0x0800921a   0x0800921a   0x000011d0   Data   RO         1214    .rodata.ascii_2412  lcd.o
    0x0800a3ea   0x0800a3ea   0x000017c0   Data   RO         1215    .rodata.ascii_3216  lcd.o
    0x0800bbaa   0x0800bbaa   0x00000010   Data   RO          407    .rodata.cst16       stm32f1xx_hal_rcc.o
    0x0800bbba   0x0800bbba   0x00000002   PAD
    0x0800bbbc   0x0800bbbc   0x00000020   Data   RO         1068    .rodata.cst16       stm32f1xx_hal_tim.o
    0x0800bbdc   0x0800bbdc   0x00000029   Data   RO         1283    .rodata.str1.1      function.o
    0x0800bc05   0x0800bc05   0x00000003   PAD
    0x0800bc08   0x0800bc08   0x00000020   Data   RO         1793    Region$$Table       anon$$obj.o
    0x0800bc28   0x0800bc28   0x0000001c   Data   RO         1677    locale$$data        c_w.l(lc_numeric_c.o)


    Execution Region RW_IRAM1 (Exec base: 0x20000000, Load base: 0x0800bc48, Size: 0x00000b68, Max: 0x00005000, ABSOLUTE)

    Exec Addr    Load Addr    Size         Type   Attr      Idx    E Section Name        Object

    0x20000000   0x0800bc48   0x00000028   Data   RW           26    .data..L_MergedGlobals  main.o
    0x20000028   0x0800bc70   0x00000008   Data   RW          370    .data..L_MergedGlobals  stm32f1xx_hal.o
    0x20000030   0x0800bc78   0x00000003   Data   RW         1286    .data..L_MergedGlobals  function.o
    0x20000033   0x0800bc7b   0x00000001   PAD
    0x20000034   0x0800bc7c   0x00000004   Data   RW         1171    .data.SystemCoreClock  system_stm32f1xx.o
    0x20000038        -       0x00000060   Zero   RW         1609    .bss                c_w.l(libspace.o)
    0x20000098        -       0x00000008   Zero   RW         1320    .bss..L_MergedGlobals  ina219.o
    0x200000a0        -       0x0000000c   Zero   RW           27    .bss..L_MergedGlobals.1  main.o
    0x200000ac        -       0x0000002c   Zero   RW         1287    .bss..L_MergedGlobals.17  function.o
    0x200000d8        -       0x00000280   Zero   RW         1216    .bss.LCD_DrawRoundRectangle_DMA.buffer  lcd.o
    0x20000358        -       0x00000002   Zero   RW         1285    .bss.check_current.pre_color  function.o
    0x2000035a   0x0800bc80   0x00000002   PAD
    0x2000035c        -       0x00000054   Zero   RW           52    .bss.hi2c1          i2c.o
    0x200003b0        -       0x00000014   Zero   RW           67    .bss.hrtc           rtc.o
    0x200003c4        -       0x00000058   Zero   RW           82    .bss.hspi1          spi.o
    0x2000041c        -       0x00000048   Zero   RW          105    .bss.htim1          tim.o
    0x20000464        -       0x00000048   Zero   RW          106    .bss.htim2          tim.o
    0x200004ac        -       0x00000048   Zero   RW          107    .bss.htim3          tim.o
    0x200004f4        -       0x00000048   Zero   RW          108    .bss.htim4          tim.o
    0x2000053c   0x0800bc80   0x00000004   PAD
    0x20000540        -       0x00000020   Zero   RW          595    .bss.pFlash         stm32f1xx_hal_flash.o
    0x20000560        -       0x00000004   Zero   RW          369    .bss.uwTick         stm32f1xx_hal.o
    0x20000564   0x0800bc80   0x00000004   PAD
    0x20000568        -       0x00000200   Zero   RW            2    HEAP                startup_stm32f103xb.o
    0x20000768        -       0x00000400   Zero   RW            1    STACK               startup_stm32f103xb.o


==============================================================================

Image component sizes


      Code (inc. data)   RO Data    RW Data    ZI Data      Debug   Object Name

      2762         68         41          3         46      12506   function.o
       250          0          0          0          0       2841   gpio.o
       164          0          0          0         84       4600   i2c.o
       284          0          0          0          8       8277   ina219.o
      2426          0      13300          0        640      22708   lcd.o
      3564          0          0          0          0       9715   lcd_init.o
       834          0          0         40         12       8412   main.o
       118          0          0          0         20       2496   rtc.o
       192          0          0          0         88       5507   spi.o
        64         26        236          0       1536        788   startup_stm32f103xb.o
       188          0          0          8          4       5753   stm32f1xx_hal.o
       196          0          0          0          0       8444   stm32f1xx_hal_cortex.o
       180          0          0          0          0       8483   stm32f1xx_hal_dma.o
       462          0          0          0         32       5540   stm32f1xx_hal_flash.o
       238          0          0          0          0       7167   stm32f1xx_hal_flash_ex.o
       568         20          0          0          0       4626   stm32f1xx_hal_gpio.o
      3734          0          0          0          0      44360   stm32f1xx_hal_i2c.o
        66          0          0          0          0       1202   stm32f1xx_hal_msp.o
        12          0          0          0          0       4204   stm32f1xx_hal_pwr.o
      1550          0         18          0          0       7934   stm32f1xx_hal_rcc.o
       506         20          0          0          0       3643   stm32f1xx_hal_rcc_ex.o
       244          0          0          0          0      19198   stm32f1xx_hal_rtc.o
      1186          0          0          0          0      25272   stm32f1xx_hal_spi.o
      3138         14         32          0          0      55754   stm32f1xx_hal_tim.o
       130          0          0          0          0      20548   stm32f1xx_hal_tim_ex.o
       100          0          0          0          0       6172   stm32f1xx_it.o
         2          0         24          4          0       1591   system_stm32f1xx.o
      1026          0          0          0        288       9381   tim.o

    ----------------------------------------------------------------------
     24322        148      13688         56       2768     317122   Object Totals
         0          0         32          0          0          0   (incl. Generated)
       138          0          5          1         10          0   (incl. Padding)

    ----------------------------------------------------------------------

      Code (inc. data)   RO Data    RW Data    ZI Data      Debug   Library Member Name

         8          0          0          0          0         68   __main.o
       312          4         17          0          0         92   __printf_flags_wp.o
        14          0          0          0          0         68   __printf_wp.o
         0          0          0          0          0          0   __rtentry.o
        12          0          0          0          0          0   __rtentry2.o
         6          0          0          0          0          0   __rtentry4.o
        94          8          0          0          0          0   __scatter.o
        26          0          0          0          0          0   __scatter_copy.o
        28          0          0          0          0          0   __scatter_zi.o
        48          6          0          0          0         96   _printf_char_common.o
         6          0          0          0          0          0   _printf_d.o
       120         16          0          0          0         92   _printf_dec.o
         6          0          0          0          0          0   _printf_f.o
      1052          0          0          0          0        148   _printf_fp_dec.o
       128         16          0          0          0         84   _printf_fp_infnan.o
       178          0          0          0          0         88   _printf_intcommon.o
        78          0          0          0          0        108   _printf_pad.o
         0          0          0          0          0          0   _printf_percent.o
         4          0          0          0          0          0   _printf_percent_end.o
        22          0          0          0          0        100   _rserrno.o
        10          0          0          0          0         68   _sputc.o
       228          4        148          0          0         96   bigflt0.o
      1936        128          0          0          0        668   btod.o
        10          0          0          0          0         68   defsig_exit.o
        50          0          0          0          0         88   defsig_general.o
        80         58          0          0          0         76   defsig_rtmem_inner.o
        14          0          0          0          0         80   defsig_rtmem_outer.o
        18          0          0          0          0         80   exit.o
        94          0          0          0          0         80   h1_alloc.o
        52          0          0          0          0         68   h1_extend.o
        78          0          0          0          0         80   h1_free.o
        12          0          0          0          0         84   h1_init.o
         6          0          0          0          0        152   heapauxi.o
         4          0          0          0          0        136   hguard.o
         0          0          0          0          0          0   indicate_semi.o
       138          0          0          0          0        168   init_alloc.o
        44         10         28          0          0         76   lc_numeric_c.o
         2          0          0          0          0          0   libinit.o
        26          0          0          0          0          0   libinit2.o
         2          0          0          0          0          0   libshutdown.o
         2          0          0          0          0          0   libshutdown2.o
         8          4          0          0         96         68   libspace.o
       138          0          0          0          0         80   lludiv10.o
         0          0          0          0          0          0   maybetermalloc1.o
        40          6          0          0          0         84   noretval__2sprintf.o
         8          4          0          0          0         68   rt_errno_addr_intlibspace.o
         8          4          0          0          0         68   rt_heap_descriptor_intlibspace.o
         8          4          0          0          0         68   rt_locale_intlibspace.o
        68          0          0          0          0         68   rt_memclr.o
        78          0          0          0          0         80   rt_memclr_w.o
         2          0          0          0          0          0   rtexit.o
        10          0          0          0          0          0   rtexit2.o
       128          0          0          0          0         68   strcmpv7m.o
        12          4          0          0          0         68   sys_exit.o
        74          0          0          0          0         80   sys_stackheap_outer.o
        14          0          0          0          0         76   sys_wrch.o
         2          0          0          0          0         68   use_no_semi.o
       812         16          0          0          0        296   daddsub_clz.o
        84          0          0          0          0        196   dcmp.o
        24          0          0          0          0         68   dcmpi.o
       120          4          0          0          0         92   deqf.o
        94          4          0          0          0         92   dfix.o
        84          0          0          0          0        136   dflt_clz.o
       120          4          0          0          0         92   dgeqf.o
       120          4          0          0          0         92   dleqf.o
       340         12          0          0          0        104   dmul.o
       156          4          0          0          0         92   dnaninf.o
        12          0          0          0          0         68   dretinf.o
       460         56          0          0          0        120   dsqrt_noumaal.o
        86          4          0          0          0         84   f2d.o
       430          8          0          0          0        168   faddsub_clz.o
        84          0          0          0          0        196   fcmp.o
        24          0          0          0          0         68   fcmpi.o
       388         76          0          0          0         96   fdiv.o
       104          4          0          0          0         84   feqf.o
        54          4          0          0          0         84   ffix.o
        86          0          0          0          0        136   fflt_clz.o
       104          4          0          0          0         84   fgeqf.o
       104          4          0          0          0         84   fleqf.o
       258          4          0          0          0         84   fmul.o
       140          4          0          0          0         84   fnaninf.o
        10          0          0          0          0         68   fretinf.o
         4          0          0          0          0         68   printf1.o
         0          0          0          0          0          0   usenofp.o
        40          0          0          0          0         68   fpclassify.o
        76          0          0          0          0         84   sqrt.o

    ----------------------------------------------------------------------
      9992        492        194          0         96       6944   Library Totals
        28          0          1          0          0          0   (incl. Padding)

    ----------------------------------------------------------------------

      Code (inc. data)   RO Data    RW Data    ZI Data      Debug   Library Name

      5546        276        193          0         96       3956   c_w.l
      4302        216          0          0          0       2836   fz_ws.l
       116          0          0          0          0        152   m_ws.l

    ----------------------------------------------------------------------
      9992        492        194          0         96       6944   Library Totals

    ----------------------------------------------------------------------

==============================================================================


      Code (inc. data)   RO Data    RW Data    ZI Data      Debug   

     34314        640      13882         56       2864     319762   Grand Totals
     34314        640      13882         56       2864     319762   ELF Image Totals
     34314        640      13882         56          0          0   ROM Totals

==============================================================================

    Total RO  Size (Code + RO Data)                48196 (  47.07kB)
    Total RW  Size (RW Data + ZI Data)              2920 (   2.85kB)
    Total ROM Size (Code + RO Data + RW Data)      48252 (  47.12kB)

==============================================================================

